Archive member included to satisfy reference by file (symbol)

app/libapp.a(main.c.obj)      (--whole-archive)
app/libapp.a(config_options.c.obj)
                              (--whole-archive)
app/libapp.a(rx_sniff.c.obj)  (--whole-archive)
app/libapp.a(deca_device.c.obj)
                              (--whole-archive)
app/libapp.a(port.c.obj)      (--whole-archive)
app/libapp.a(deca_sleep.c.obj)
                              (--whole-archive)
app/libapp.a(deca_spi.c.obj)  (--whole-archive)
app/libapp.a(shared_functions.c.obj)
                              (--whole-archive)
zephyr/libzephyr.a(heap.c.obj)
                              (--whole-archive)
zephyr/libzephyr.a(cbprintf_packaged.c.obj)
                              (--whole-archive)
zephyr/libzephyr.a(printk.c.obj)
                              (--whole-archive)
zephyr/libzephyr.a(sem.c.obj)
                              (--whole-archive)
zephyr/libzephyr.a(thread_entry.c.obj)
                              (--whole-archive)
zephyr/libzephyr.a(cbprintf_complete.c.obj)
                              (--whole-archive)
zephyr/libzephyr.a(assert.c.obj)
                              (--whole-archive)
zephyr/libzephyr.a(mpsc_pbuf.c.obj)
                              (--whole-archive)
zephyr/libzephyr.a(dec.c.obj)
                              (--whole-archive)
zephyr/libzephyr.a(hex.c.obj)
                              (--whole-archive)
zephyr/libzephyr.a(rb.c.obj)  (--whole-archive)
zephyr/libzephyr.a(timeutil.c.obj)
                              (--whole-archive)
zephyr/libzephyr.a(bitarray.c.obj)
                              (--whole-archive)
zephyr/libzephyr.a(onoff.c.obj)
                              (--whole-archive)
zephyr/libzephyr.a(notify.c.obj)
                              (--whole-archive)
zephyr/libzephyr.a(configs.c.obj)
                              (--whole-archive)
zephyr/libzephyr.a(log_core.c.obj)
                              (--whole-archive)
zephyr/libzephyr.a(log_mgmt.c.obj)
                              (--whole-archive)
zephyr/libzephyr.a(log_cache.c.obj)
                              (--whole-archive)
zephyr/libzephyr.a(log_msg.c.obj)
                              (--whole-archive)
zephyr/libzephyr.a(log_output.c.obj)
                              (--whole-archive)
zephyr/libzephyr.a(log_backend_rtt.c.obj)
                              (--whole-archive)
zephyr/libzephyr.a(log_backend_uart.c.obj)
                              (--whole-archive)
zephyr/libzephyr.a(mem_attr.c.obj)
                              (--whole-archive)
zephyr/libzephyr.a(tracing_none.c.obj)
                              (--whole-archive)
zephyr/libzephyr.a(banner.c.obj)
                              (--whole-archive)
zephyr/libzephyr.a(flash_map_partition_manager.c.obj)
                              (--whole-archive)
zephyr/libzephyr.a(nrf_cc3xx_platform_abort_zephyr.c.obj)
                              (--whole-archive)
zephyr/libzephyr.a(nrf_cc3xx_platform_mutex_zephyr.c.obj)
                              (--whole-archive)
zephyr/arch/common/libarch__common.a(sw_isr_common.c.obj)
                              (--whole-archive)
zephyr/arch/arch/arm/core/libarch__arm__core.a(fatal.c.obj)
                              (--whole-archive)
zephyr/arch/arch/arm/core/libarch__arm__core.a(nmi.c.obj)
                              (--whole-archive)
zephyr/arch/arch/arm/core/libarch__arm__core.a(nmi_on_reset.S.obj)
                              (--whole-archive)
zephyr/arch/arch/arm/core/libarch__arm__core.a(tls.c.obj)
                              (--whole-archive)
zephyr/arch/arch/arm/core/cortex_m/libarch__arm__core__cortex_m.a(exc_exit.c.obj)
                              (--whole-archive)
zephyr/arch/arch/arm/core/cortex_m/libarch__arm__core__cortex_m.a(fault.c.obj)
                              (--whole-archive)
zephyr/arch/arch/arm/core/cortex_m/libarch__arm__core__cortex_m.a(fault_s.S.obj)
                              (--whole-archive)
zephyr/arch/arch/arm/core/cortex_m/libarch__arm__core__cortex_m.a(fpu.c.obj)
                              (--whole-archive)
zephyr/arch/arch/arm/core/cortex_m/libarch__arm__core__cortex_m.a(reset.S.obj)
                              (--whole-archive)
zephyr/arch/arch/arm/core/cortex_m/libarch__arm__core__cortex_m.a(scb.c.obj)
                              (--whole-archive)
zephyr/arch/arch/arm/core/cortex_m/libarch__arm__core__cortex_m.a(thread_abort.c.obj)
                              (--whole-archive)
zephyr/arch/arch/arm/core/cortex_m/libarch__arm__core__cortex_m.a(vector_table.S.obj)
                              (--whole-archive)
zephyr/arch/arch/arm/core/cortex_m/libarch__arm__core__cortex_m.a(swap.c.obj)
                              (--whole-archive)
zephyr/arch/arch/arm/core/cortex_m/libarch__arm__core__cortex_m.a(swap_helper.S.obj)
                              (--whole-archive)
zephyr/arch/arch/arm/core/cortex_m/libarch__arm__core__cortex_m.a(irq_manage.c.obj)
                              (--whole-archive)
[...]
Memory Configuration

Name             Origin             Length             Attributes
FLASH            0x0000000000000000 0x0000000000100000 xr
RAM              0x0000000020000000 0x0000000000040000 xw
IDT_LIST         0x00000000ffff7fff 0x0000000000008000 xw
*default*        0x0000000000000000 0xffffffffffffffff

Linker script and memory map

                0x000000000000a460                vfprintf = __l_vfprintf
                0x0000000000000000                vfscanf = __l_vfscanf
LOAD zephyr/CMakeFiles/zephyr_final.dir/misc/empty_file.c.obj
LOAD zephyr/CMakeFiles/zephyr_final.dir/isr_tables.c.obj
LOAD zephyr/CMakeFiles/offsets.dir/./arch/arm/core/offsets/offsets.c.obj
LOAD app/libapp.a
LOAD zephyr/libzephyr.a
LOAD zephyr/arch/common/libarch__common.a
LOAD zephyr/arch/arch/arm/core/libarch__arm__core.a
LOAD zephyr/arch/arch/arm/core/cortex_m/libarch__arm__core__cortex_m.a
LOAD zephyr/arch/arch/arm/core/mpu/libarch__arm__core__mpu.a
LOAD zephyr/lib/libc/picolibc/liblib__libc__picolibc.a
LOAD zephyr/lib/libc/common/liblib__libc__common.a
LOAD zephyr/soc/soc/nrf52840/libsoc__nordic.a
LOAD zephyr/drivers/clock_control/libdrivers__clock_control.a
LOAD zephyr/drivers/console/libdrivers__console.a
LOAD zephyr/drivers/gpio/libdrivers__gpio.a
LOAD zephyr/drivers/pinctrl/libdrivers__pinctrl.a
LOAD zephyr/drivers/serial/libdrivers__serial.a
LOAD zephyr/drivers/spi/libdrivers__spi.a
LOAD zephyr/drivers/timer/libdrivers__timer.a
LOAD modules/nrf/drivers/hw_cc3xx/lib..__nrf__drivers__hw_cc3xx.a
LOAD modules/hal_nordic/nrfx/libmodules__hal_nordic__nrfx.a
LOAD modules/segger/libmodules__segger.a
LOAD zephyr/kernel/libkernel.a
LOAD zephyr/arch/common/libisr_tables.a
LOAD D:/Downloads/nordictest/sdk/nrfxlib/crypto/nrf_cc310_platform/lib/cortex-m4/soft-float/no-interrupts/libnrf_cc310_platform_0.9.19.a
LOAD c:\ncs\toolchains\b620d30767\opt\zephyr-sdk\arm-zephyr-eabi\bin\../lib/gcc/../../picolibc/arm-zephyr-eabi/lib/thumb/v7e-m/nofp\libc.a
LOAD c:/ncs/toolchains/b620d30767/opt/zephyr-sdk/arm-zephyr-eabi/bin/../lib/gcc/arm-zephyr-eabi/12.2.0/thumb/v7e-m/nofp\libgcc.a
                0x0000000000000020                _region_min_align = 0x20

.rel.plt        0x0000000000000000        0x0
 *(SORT_BY_ALIGNMENT(.rel.plt))
                [!provide]                        PROVIDE (__rel_iplt_start = .)
 *(SORT_BY_ALIGNMENT(.rel.iplt))
 .rel.iplt      0x0000000000000000        0x0 zephyr/CMakeFiles/zephyr_final.dir/isr_tables.c.obj
                [!provide]                        PROVIDE (__rel_iplt_end = .)

.rela.plt       0x0000000000000000        0x0
 *(SORT_BY_ALIGNMENT(.rela.plt))
                [!provide]                        PROVIDE (__rela_iplt_start = .)
 *(SORT_BY_ALIGNMENT(.rela.iplt))
                [!provide]                        PROVIDE (__rela_iplt_end = .)

.rel.dyn
 *(SORT_BY_ALIGNMENT(.rel.*))

.rela.dyn
 *(SORT_BY_ALIGNMENT(.rela.*))

/DISCARD/
 *(SORT_BY_ALIGNMENT(.plt))

/DISCARD/
 *(SORT_BY_ALIGNMENT(.iplt))
                0x0000000000000000                __rom_region_start = 0x0

rom_start       0x0000000000000000      0x100
                0x0000000000000000                __rom_start_address = .
 FILL mask 0x00
                0x0000000000000000                . = (. + (0x0 - (. - __rom_start_address)))
                0x0000000000000000                . = ALIGN (0x4)
                0x0000000000000000                . = ALIGN (0x80)
                0x0000000000000000                . = ALIGN (0x100)
                0x0000000000000000                _vector_start = .
 *(SORT_BY_ALIGNMENT(.exc_vector_table))
 *(SORT_BY_ALIGNMENT(.exc_vector_table.*))
 .exc_vector_table._vector_table_section
                0x0000000000000000       0x40 zephyr/arch/arch/arm/core/cortex_m/libarch__arm__core__cortex_m.a(vector_table.S.obj)
                0x0000000000000000                _vector_table
 *(SORT_BY_ALIGNMENT(.vectors))
                0x0000000000000100                _vector_end = .
                0x0000000000000040                . = ALIGN (0x4)
 *(SORT_BY_ALIGNMENT(.gnu.linkonce.irq_vector_table*))
 .gnu.linkonce.irq_vector_table
                0x0000000000000040       0xc0 zephyr/CMakeFiles/zephyr_final.dir/isr_tables.c.obj
                0x0000000000000040                _irq_vector_table
                0x0000000000000100                _vector_end = .

text            0x0000000000000100     0xe14c
                0x0000000000000100                __text_region_start = .
 *(SORT_BY_ALIGNMENT(.text))
 .text          0x0000000000000100      0x21c c:/ncs/toolchains/b620d30767/opt/zephyr-sdk/arm-zephyr-eabi/bin/../lib/gcc/arm-zephyr-eabi/12.2.0/thumb/v7e-m/nofp\libgcc.a(_arm_addsubsf3.o)
                0x0000000000000100                __aeabi_frsub
                0x0000000000000108                __subsf3
                0x0000000000000108                __aeabi_fsub
                0x000000000000010c                __aeabi_fadd
                0x000000000000010c                __addsf3
                0x000000000000026c                __aeabi_ui2f
                0x000000000000026c                __floatunsisf
                0x0000000000000274                __aeabi_i2f
                0x0000000000000274                __floatsisf
                0x0000000000000290                __aeabi_ul2f
                0x0000000000000290                __floatundisf
                0x00000000000002a0                __aeabi_l2f
                0x00000000000002a0                __floatdisf
 .text          0x000000000000031c      0x2a0 c:/ncs/toolchains/b620d30767/opt/zephyr-sdk/arm-zephyr-eabi/bin/../lib/gcc/arm-zephyr-eabi/12.2.0/thumb/v7e-m/nofp\libgcc.a(_arm_muldivsf3.o)
                0x000000000000031c                __mulsf3
                0x000000000000031c                __aeabi_fmul
                0x0000000000000484                __aeabi_fdiv
                0x0000000000000484                __divsf3
 .text          0x00000000000005bc       0x4c c:/ncs/toolchains/b620d30767/opt/zephyr-sdk/arm-zephyr-eabi/bin/../lib/gcc/arm-zephyr-eabi/12.2.0/thumb/v7e-m/nofp\libgcc.a(_arm_fixsfsi.o)
                0x00000000000005bc                __aeabi_f2iz
                0x00000000000005bc                __fixsfsi
 .text          0x0000000000000608       0x30 c:/ncs/toolchains/b620d30767/opt/zephyr-sdk/arm-zephyr-eabi/bin/../lib/gcc/arm-zephyr-eabi/12.2.0/thumb/v7e-m/nofp\libgcc.a(_aeabi_uldivmod.o)
                0x0000000000000608                __aeabi_uldivmod
 .text          0x0000000000000638        0x4 c:/ncs/toolchains/b620d30767/opt/zephyr-sdk/arm-zephyr-eabi/bin/../lib/gcc/arm-zephyr-eabi/12.2.0/thumb/v7e-m/nofp\libgcc.a(_dvmd_tls.o)
                0x0000000000000638                __aeabi_idiv0
                0x0000000000000638                __aeabi_ldiv0
 .text          0x000000000000063c       0x14 c:\ncs\toolchains\b620d30767\opt\zephyr-sdk\arm-zephyr-eabi\bin\../lib/gcc/../../picolibc/arm-zephyr-eabi/lib/thumb/v7e-m/nofp\libc.a(strcmp.S.o)
                0x000000000000063c                strcmp
 .text          0x0000000000000650       0x10 c:\ncs\toolchains\b620d30767\opt\zephyr-sdk\arm-zephyr-eabi\bin\../lib/gcc/../../picolibc/arm-zephyr-eabi/lib/thumb/v7e-m/nofp\libc.a(strlen.S.o)
                0x0000000000000650                strlen
 .text          0x0000000000000660      0x2a0 c:/ncs/toolchains/b620d30767/opt/zephyr-sdk/arm-zephyr-eabi/bin/../lib/gcc/arm-zephyr-eabi/12.2.0/thumb/v7e-m/nofp\libgcc.a(_udivmoddi4.o)
                0x0000000000000660                __udivmoddi4
 *(SORT_BY_ALIGNMENT(.text.*))
 .text.main_thread
                0x0000000000000900       0xd4 app/libapp.a(main.c.obj)
                0x0000000000000900                main_thread
 .text.app_main
                0x00000000000009d4      0x334 app/libapp.a(rx_sniff.c.obj)
                0x00000000000009d4                app_main
 .text.dwt_generatecrc8
                0x0000000000000d08       0x28 app/libapp.a(deca_device.c.obj)
                0x0000000000000d08                dwt_generatecrc8
 .text.dwt_xfer3000
                0x0000000000000d30       0xfc app/libapp.a(deca_device.c.obj)
 .text.dwt_disable_rftx_blocks
                0x0000000000000e2c       0x14 app/libapp.a(deca_device.c.obj)
 .text.dwt_disable_rf_tx
                0x0000000000000e40       0x34 app/libapp.a(deca_device.c.obj)
 .text.dwt_force_clocks
                0x0000000000000e74       0x30 app/libapp.a(deca_device.c.obj)
 .text._dwt_otpread
                0x0000000000000ea4       0x3c app/libapp.a(deca_device.c.obj)
 .text._dwt_kick_dgc_on_wakeup
                0x0000000000000ee0       0x34 app/libapp.a(deca_device.c.obj)
 .text.dwt_enable_rf_tx
                0x0000000000000f14       0x74 app/libapp.a(deca_device.c.obj)
 .text.dwt_enable_rftx_blocks
                0x0000000000000f88       0x38 app/libapp.a(deca_device.c.obj)
 .text._dwt_prog_ldo_and_bias_tune
                0x0000000000000fc0       0x34 app/libapp.a(deca_device.c.obj)
 .text.dwt_setdwstate
                0x0000000000000ff4       0x84 app/libapp.a(deca_device.c.obj)
                0x0000000000000ff4                dwt_setdwstate
 .text.dwt_configmrxlut
                0x0000000000001078       0xec app/libapp.a(deca_device.c.obj)
                0x0000000000001078                dwt_configmrxlut
 .text.dwt_run_pgfcal
                0x0000000000001164       0xb0 app/libapp.a(deca_device.c.obj)
                0x0000000000001164                dwt_run_pgfcal
 .text.dwt_pgf_cal
                0x0000000000001214       0x48 app/libapp.a(deca_device.c.obj)
                0x0000000000001214                dwt_pgf_cal
 .text.dwt_writetxdata
                0x000000000000125c       0x58 app/libapp.a(deca_device.c.obj)
                0x000000000000125c                dwt_writetxdata
 .text.dwt_writetxfctrl
                0x00000000000012b4       0x40 app/libapp.a(deca_device.c.obj)
                0x00000000000012b4                dwt_writetxfctrl
 .text.dwt_configure
                0x00000000000012f4      0x38c app/libapp.a(deca_device.c.obj)
                0x00000000000012f4                dwt_configure
 .text.dwt_readrxdata
                0x0000000000001680       0x64 app/libapp.a(deca_device.c.obj)
                0x0000000000001680                dwt_readrxdata
 .text.dwt_clearaonconfig
                0x00000000000016e4       0x38 app/libapp.a(deca_device.c.obj)
                0x00000000000016e4                dwt_clearaonconfig
 .text.dwt_check_dev_id
                0x000000000000171c       0x3c app/libapp.a(deca_device.c.obj)
                0x000000000000171c                dwt_check_dev_id
 .text.dwt_initialise
                0x0000000000001758      0x120 app/libapp.a(deca_device.c.obj)
                0x0000000000001758                dwt_initialise
 .text.dwt_setleds
                0x0000000000001878       0x80 app/libapp.a(deca_device.c.obj)
                0x0000000000001878                dwt_setleds
 .text.dwt_starttx
                0x00000000000018f8      0x13c app/libapp.a(deca_device.c.obj)
                0x00000000000018f8                dwt_starttx
 .text.dwt_softreset
                0x0000000000001a34       0x40 app/libapp.a(deca_device.c.obj)
                0x0000000000001a34                dwt_softreset
 .text.dwt_calcbandwidthadj
                0x0000000000001a74       0x6c app/libapp.a(deca_device.c.obj)
                0x0000000000001a74                dwt_calcbandwidthadj
 .text.dwt_configuretxrf
                0x0000000000001ae0       0x48 app/libapp.a(deca_device.c.obj)
                0x0000000000001ae0                dwt_configuretxrf
 .text.peripherals_init
                0x0000000000001b28      0x95c app/libapp.a(port.c.obj)
                0x0000000000001b28                peripherals_init
 .text.reset_DWIC
                0x0000000000002484       0xcc app/libapp.a(port.c.obj)
                0x0000000000002484                reset_DWIC
 .text.hexArray
                0x0000000000002550        0xc app/libapp.a(deca_spi.c.obj)
                0x0000000000002550                hexArray
 .text.openspi  0x000000000000255c      0x308 app/libapp.a(deca_spi.c.obj)
                0x000000000000255c                openspi
 .text.set_spi_speed_slow
                0x0000000000002864       0x40 app/libapp.a(deca_spi.c.obj)
                0x0000000000002864                set_spi_speed_slow
 .text.set_spi_speed_fast
                0x00000000000028a4       0x44 app/libapp.a(deca_spi.c.obj)
                0x00000000000028a4                set_spi_speed_fast
 .text.writetospiwithcrc
                0x00000000000028e8       0x74 app/libapp.a(deca_spi.c.obj)
                0x00000000000028e8                writetospiwithcrc
 .text.writetospi
                0x000000000000295c       0x54 app/libapp.a(deca_spi.c.obj)
                0x000000000000295c                writetospi
 .text.readfromspi
                0x00000000000029b0       0x84 app/libapp.a(deca_spi.c.obj)
                0x00000000000029b0                readfromspi
 .text.cbvprintf_package
                0x0000000000002a34      0x4b8 zephyr/libzephyr.a(cbprintf_packaged.c.obj)
                0x0000000000002a34                cbvprintf_package
 .text.cbprintf_package_convert
                0x0000000000002eec      0x4b4 zephyr/libzephyr.a(cbprintf_packaged.c.obj)
                0x0000000000002eec                cbprintf_package_convert
 .text.__printk_hook_install
                0x00000000000033a0        0xc zephyr/libzephyr.a(printk.c.obj)
                0x00000000000033a0                __printk_hook_install
 .text.z_thread_entry
                0x00000000000033ac       0x34 zephyr/libzephyr.a(thread_entry.c.obj)
                0x00000000000033ac                z_thread_entry
 .text.process_event
                0x00000000000033e0      0x16c zephyr/libzephyr.a(onoff.c.obj)
 .text.msg_process
                0x000000000000354c       0x3c zephyr/libzephyr.a(log_core.c.obj)
 .text.log_backend_notify_all
                0x0000000000003588       0x30 zephyr/libzephyr.a(log_core.c.obj)
 .text.activate_foreach_backend
                0x00000000000035b8       0x64 zephyr/libzephyr.a(log_core.c.obj)
 .text.z_log_init
                0x000000000000361c       0x98 zephyr/libzephyr.a(log_core.c.obj)
 .text.thread_set
                0x00000000000036b4       0x28 zephyr/libzephyr.a(log_core.c.obj)
 .text.log_process_thread_timer_expiry_fn
                0x00000000000036dc       0x10 zephyr/libzephyr.a(log_core.c.obj)
 .text.enable_logger
                0x00000000000036ec       0x5c zephyr/libzephyr.a(log_core.c.obj)
 .text.log_format_func_t_get
                0x0000000000003748        0xc zephyr/libzephyr.a(log_core.c.obj)
                0x0000000000003748                log_format_func_t_get
 .text.log_set_timestamp_func
                0x0000000000003754       0x24 zephyr/libzephyr.a(log_core.c.obj)
                0x0000000000003754                log_set_timestamp_func
 .text.z_log_notify_backend_enabled
                0x0000000000003778       0x20 zephyr/libzephyr.a(log_core.c.obj)
                0x0000000000003778                z_log_notify_backend_enabled
 .text.z_log_dropped
                0x0000000000003798       0x54 zephyr/libzephyr.a(log_core.c.obj)
                0x0000000000003798                z_log_dropped
 .text.z_log_dropped_read_and_clear
                0x00000000000037ec       0x20 zephyr/libzephyr.a(log_core.c.obj)
                0x00000000000037ec                z_log_dropped_read_and_clear
 .text.dropped_notify
                0x000000000000380c       0x38 zephyr/libzephyr.a(log_core.c.obj)
                0x000000000000380c                dropped_notify
 .text.z_log_dropped_pending
                0x0000000000003844       0x14 zephyr/libzephyr.a(log_core.c.obj)
                0x0000000000003844                z_log_dropped_pending
 .text.z_log_msg_init
                0x0000000000003858       0x20 zephyr/libzephyr.a(log_core.c.obj)
                0x0000000000003858                z_log_msg_init
 .text.log_core_init
                0x0000000000003878       0x30 zephyr/libzephyr.a(log_core.c.obj)
                0x0000000000003878                log_core_init
 .text.z_log_msg_alloc
                0x00000000000038a8       0x10 zephyr/libzephyr.a(log_core.c.obj)
                0x00000000000038a8                z_log_msg_alloc
 .text.z_log_msg_local_claim
                0x00000000000038b8       0x10 zephyr/libzephyr.a(log_core.c.obj)
                0x00000000000038b8                z_log_msg_local_claim
 .text.z_log_msg_free
                0x00000000000038c8       0x14 zephyr/libzephyr.a(log_core.c.obj)
                0x00000000000038c8                z_log_msg_free
 .text.z_log_msg_pending
                0x00000000000038dc       0x10 zephyr/libzephyr.a(log_core.c.obj)
                0x00000000000038dc                z_log_msg_pending
 .text.z_impl_log_process
                0x00000000000038ec       0xbc zephyr/libzephyr.a(log_core.c.obj)
                0x00000000000038ec                z_impl_log_process
 .text.z_impl_log_panic
                0x00000000000039a8       0x4c zephyr/libzephyr.a(log_core.c.obj)
                0x00000000000039a8                z_impl_log_panic
 .text.z_log_msg_post_finalize
                0x00000000000039f4       0x84 zephyr/libzephyr.a(log_core.c.obj)
 .text.z_log_msg_commit
                0x0000000000003a78       0x20 zephyr/libzephyr.a(log_core.c.obj)
                0x0000000000003a78                z_log_msg_commit
 .text.log_process_thread_func
                0x0000000000003a98       0x78 zephyr/libzephyr.a(log_core.c.obj)
 .text.log_src_cnt_get
                0x0000000000003b10       0x14 zephyr/libzephyr.a(log_mgmt.c.obj)
                0x0000000000003b10                log_src_cnt_get
 .text.log_source_name_get
                0x0000000000003b24       0x1c zephyr/libzephyr.a(log_mgmt.c.obj)
                0x0000000000003b24                log_source_name_get
 .text.log_backend_enable
                0x0000000000003b40       0x2c zephyr/libzephyr.a(log_mgmt.c.obj)
                0x0000000000003b40                log_backend_enable
 .text.cbprintf_package_copy
                0x0000000000003b6c       0x30 zephyr/libzephyr.a(log_msg.c.obj)
 .text.z_impl_z_log_msg_static_create
                0x0000000000003b9c      0x158 zephyr/libzephyr.a(log_msg.c.obj)
                0x0000000000003b9c                z_impl_z_log_msg_static_create
 .text.z_log_msg_runtime_vcreate
                0x0000000000003cf4       0xac zephyr/libzephyr.a(log_msg.c.obj)
                0x0000000000003cf4                z_log_msg_runtime_vcreate
 .text.log_msg_get_source_id
                0x0000000000003da0       0x18 zephyr/libzephyr.a(log_msg.c.obj)
                0x0000000000003da0                log_msg_get_source_id
 .text.print_formatted
                0x0000000000003db8       0x24 zephyr/libzephyr.a(log_output.c.obj)
 .text.timestamp_print
                0x0000000000003ddc       0x8c zephyr/libzephyr.a(log_output.c.obj)
 .text.color_print
                0x0000000000003e68       0x2c zephyr/libzephyr.a(log_output.c.obj)
 .text.ids_print
                0x0000000000003e94       0x70 zephyr/libzephyr.a(log_output.c.obj)
 .text.prefix_print
                0x0000000000003f04       0x88 zephyr/libzephyr.a(log_output.c.obj)
 .text.newline_print
                0x0000000000003f8c       0x28 zephyr/libzephyr.a(log_output.c.obj)
 .text.hexdump_line_print
                0x0000000000003fb4       0xc4 zephyr/libzephyr.a(log_output.c.obj)
 .text.log_output_process
                0x0000000000004078       0x88 zephyr/libzephyr.a(log_output.c.obj)
                0x0000000000004078                log_output_process
 .text.log_output_dropped_process
                0x0000000000004100       0x84 zephyr/libzephyr.a(log_output.c.obj)
                0x0000000000004100                log_output_dropped_process
 .text.log_output_timestamp_freq_set
                0x0000000000004184       0x2c zephyr/libzephyr.a(log_output.c.obj)
                0x0000000000004184                log_output_timestamp_freq_set
 .text.log_backend_rtt_init
                0x00000000000041b0       0x1c zephyr/libzephyr.a(log_backend_rtt.c.obj)
 .text.panic    0x00000000000041cc       0x18 zephyr/libzephyr.a(log_backend_rtt.c.obj)
 .text.format_set
                0x00000000000041e4        0xc zephyr/libzephyr.a(log_backend_rtt.c.obj)
 .text.on_failed_write
                0x00000000000041f0       0x2c zephyr/libzephyr.a(log_backend_rtt.c.obj)
 .text.on_write
                0x000000000000421c       0x38 zephyr/libzephyr.a(log_backend_rtt.c.obj)
 .text.data_out_block_mode
                0x0000000000004254       0x70 zephyr/libzephyr.a(log_backend_rtt.c.obj)
 .text.dropped  0x00000000000042c4       0x10 zephyr/libzephyr.a(log_backend_rtt.c.obj)
 .text.process  0x00000000000042d4       0x20 zephyr/libzephyr.a(log_backend_rtt.c.obj)
 .text.char_out
                0x00000000000042f4       0x24 zephyr/libzephyr.a(log_backend_uart.c.obj)
 .text.mem_attr_get_regions
                0x0000000000004318        0xc zephyr/libzephyr.a(mem_attr.c.obj)
                0x0000000000004318                mem_attr_get_regions
 .text.boot_banner
                0x0000000000004324       0x18 zephyr/libzephyr.a(banner.c.obj)
                0x0000000000004324                boot_banner
 .text.nrf_cc3xx_platform_abort_init
                0x000000000000433c       0x10 zephyr/libzephyr.a(nrf_cc3xx_platform_abort_zephyr.c.obj)
                0x000000000000433c                nrf_cc3xx_platform_abort_init
 .text.mutex_flags_unknown
                0x000000000000434c       0x50 zephyr/libzephyr.a(nrf_cc3xx_platform_mutex_zephyr.c.obj)
 .text.mutex_unlock_platform
                0x000000000000439c       0x58 zephyr/libzephyr.a(nrf_cc3xx_platform_mutex_zephyr.c.obj)
 .text.mutex_lock_platform
                0x00000000000043f4       0x64 zephyr/libzephyr.a(nrf_cc3xx_platform_mutex_zephyr.c.obj)
 .text.mutex_free_platform
                0x0000000000004458       0x5c zephyr/libzephyr.a(nrf_cc3xx_platform_mutex_zephyr.c.obj)
 .text.mutex_init_platform
                0x00000000000044b4       0x88 zephyr/libzephyr.a(nrf_cc3xx_platform_mutex_zephyr.c.obj)
 .text.nrf_cc3xx_platform_mutex_init
                0x000000000000453c       0x28 zephyr/libzephyr.a(nrf_cc3xx_platform_mutex_zephyr.c.obj)
                0x000000000000453c                nrf_cc3xx_platform_mutex_init
 .text.esf_dump
                0x0000000000004564      0x160 zephyr/arch/arch/arm/core/libarch__arm__core.a(fatal.c.obj)
 .text.z_arm_fatal_error
                0x00000000000046c4       0x38 zephyr/arch/arch/arm/core/libarch__arm__core.a(fatal.c.obj)
                0x00000000000046c4                z_arm_fatal_error
 .text.z_SysNmiOnReset
                0x00000000000046fc        0x8 zephyr/arch/arch/arm/core/libarch__arm__core.a(nmi_on_reset.S.obj)
                0x00000000000046fc                z_SysNmiOnReset
 .text.z_tls_copy
                0x0000000000004704       0x28 zephyr/arch/arch/arm/core/libarch__arm__core.a(tls.c.obj)
 .text.arch_tls_stack_setup
                0x000000000000472c       0x24 zephyr/arch/arch/arm/core/libarch__arm__core.a(tls.c.obj)
                0x000000000000472c                arch_tls_stack_setup
 .text._HandlerModeExit
                0x0000000000004750       0x28 zephyr/arch/arch/arm/core/cortex_m/libarch__arm__core__cortex_m.a(exc_exit.c.obj)
                0x0000000000004750                z_arm_int_exit
                0x0000000000004750                z_arm_exc_exit
 .text.z_arm_is_synchronous_svc
                0x0000000000004778       0x3c zephyr/arch/arch/arm/core/cortex_m/libarch__arm__core__cortex_m.a(fault.c.obj)
 .text.get_esf  0x00000000000047b4       0x48 zephyr/arch/arch/arm/core/cortex_m/libarch__arm__core__cortex_m.a(fault.c.obj)
 .text.usage_fault
                0x00000000000047fc       0xd4 zephyr/arch/arch/arm/core/cortex_m/libarch__arm__core__cortex_m.a(fault.c.obj)
 .text.debug_monitor
                0x00000000000048d0       0x1c zephyr/arch/arch/arm/core/cortex_m/libarch__arm__core__cortex_m.a(fault.c.obj)
 .text.reserved_exception
                0x00000000000048ec       0xd8 zephyr/arch/arch/arm/core/cortex_m/libarch__arm__core__cortex_m.a(fault.c.obj)
 .text.bus_fault
                0x00000000000049c4      0x110 zephyr/arch/arch/arm/core/cortex_m/libarch__arm__core__cortex_m.a(fault.c.obj)
 .text.mem_manage_fault
                0x0000000000004ad4      0x148 zephyr/arch/arch/arm/core/cortex_m/libarch__arm__core__cortex_m.a(fault.c.obj)
 .text.hard_fault
                0x0000000000004c1c       0xd0 zephyr/arch/arch/arm/core/cortex_m/libarch__arm__core__cortex_m.a(fault.c.obj)
 .text.z_arm_fault
                0x0000000000004cec       0x88 zephyr/arch/arch/arm/core/cortex_m/libarch__arm__core__cortex_m.a(fault.c.obj)
                0x0000000000004cec                z_arm_fault
 .text.z_arm_fault_init
                0x0000000000004d74       0x18 zephyr/arch/arch/arm/core/cortex_m/libarch__arm__core__cortex_m.a(fault.c.obj)
                0x0000000000004d74                z_arm_fault_init
 .text.__fault  0x0000000000004d8c       0x14 zephyr/arch/arch/arm/core/cortex_m/libarch__arm__core__cortex_m.a(fault_s.S.obj)
                0x0000000000004d8c                z_arm_usage_fault
                0x0000000000004d8c                z_arm_mpu_fault
                0x0000000000004d8c                z_arm_exc_spurious
                0x0000000000004d8c                z_arm_debug_monitor
                0x0000000000004d8c                z_arm_hard_fault
                0x0000000000004d8c                z_arm_bus_fault
 .text._reset_section
                0x0000000000004da0       0x54 zephyr/arch/arch/arm/core/cortex_m/libarch__arm__core__cortex_m.a(reset.S.obj)
                0x0000000000004da0                __start
                0x0000000000004da0                z_arm_reset
 .text.z_arm_clear_arm_mpu_config
                0x0000000000004df4       0x28 zephyr/arch/arch/arm/core/cortex_m/libarch__arm__core__cortex_m.a(scb.c.obj)
                0x0000000000004df4                z_arm_clear_arm_mpu_config
 .text.z_arm_init_arch_hw_at_boot
                0x0000000000004e1c       0x54 zephyr/arch/arch/arm/core/cortex_m/libarch__arm__core__cortex_m.a(scb.c.obj)
                0x0000000000004e1c                z_arm_init_arch_hw_at_boot
 .text.z_impl_k_thread_abort
                0x0000000000004e70       0x34 zephyr/arch/arch/arm/core/cortex_m/libarch__arm__core__cortex_m.a(thread_abort.c.obj)
                0x0000000000004e70                z_impl_k_thread_abort
 .text.arch_swap
                0x0000000000004ea4       0x30 zephyr/arch/arch/arm/core/cortex_m/libarch__arm__core__cortex_m.a(swap.c.obj)
                0x0000000000004ea4                arch_swap
 .text.z_arm_pendsv_c
                0x0000000000004ed4       0x48 zephyr/arch/arch/arm/core/cortex_m/libarch__arm__core__cortex_m.a(swap.c.obj)
                0x0000000000004ed4                z_arm_pendsv_c
 .text.z_arm_pendsv
                0x0000000000004f1c       0x34 zephyr/arch/arch/arm/core/cortex_m/libarch__arm__core__cortex_m.a(swap_helper.S.obj)
                0x0000000000004f1c                z_arm_pendsv
 .text.z_arm_svc
                0x0000000000004f50       0x20 zephyr/arch/arch/arm/core/cortex_m/libarch__arm__core__cortex_m.a(swap_helper.S.obj)
                0x0000000000004f50                z_arm_svc
 .text.__NVIC_EnableIRQ
                0x0000000000004f70       0x1c zephyr/arch/arch/arm/core/cortex_m/libarch__arm__core__cortex_m.a(irq_manage.c.obj)
 .text.__NVIC_DisableIRQ
                0x0000000000004f8c       0x24 zephyr/arch/arch/arm/core/cortex_m/libarch__arm__core__cortex_m.a(irq_manage.c.obj)
 .text.__NVIC_SetPriority
                0x0000000000004fb0       0x28 zephyr/arch/arch/arm/core/cortex_m/libarch__arm__core__cortex_m.a(irq_manage.c.obj)
 .text.arch_irq_is_enabled
                0x0000000000004fd8       0x1c zephyr/arch/arch/arm/core/cortex_m/libarch__arm__core__cortex_m.a(irq_manage.c.obj)
                0x0000000000004fd8                arch_irq_is_enabled
 .text.z_prep_c
                0x0000000000004ff4       0x38 zephyr/arch/arch/arm/core/cortex_m/libarch__arm__core__cortex_m.a(prep_c.c.obj)
                0x0000000000004ff4                z_prep_c
 .text.arch_new_thread
                0x000000000000502c       0x40 zephyr/arch/arch/arm/core/cortex_m/libarch__arm__core__cortex_m.a(thread.c.obj)
                0x000000000000502c                arch_new_thread
 .text.z_check_thread_stack_fail
                0x000000000000506c       0x40 zephyr/arch/arch/arm/core/cortex_m/libarch__arm__core__cortex_m.a(thread.c.obj)
                0x000000000000506c                z_check_thread_stack_fail
 .text.arch_switch_to_main_thread
                0x00000000000050ac       0x44 zephyr/arch/arch/arm/core/cortex_m/libarch__arm__core__cortex_m.a(thread.c.obj)
                0x00000000000050ac                arch_switch_to_main_thread
 .text.z_arm_cpu_idle_init
                0x00000000000050f0        0xc zephyr/arch/arch/arm/core/cortex_m/libarch__arm__core__cortex_m.a(cpu_idle.c.obj)
                0x00000000000050f0                z_arm_cpu_idle_init
 .text.z_arm_interrupt_init
                0x00000000000050fc       0x34 zephyr/arch/arch/arm/core/cortex_m/libarch__arm__core__cortex_m.a(irq_init.c.obj)
                0x00000000000050fc                z_arm_interrupt_init
 .text._isr_wrapper
                0x0000000000005130       0x20 zephyr/arch/arch/arm/core/cortex_m/libarch__arm__core__cortex_m.a(isr_wrapper.c.obj)
                0x0000000000005130                _isr_wrapper
 .text.z_arm_configure_static_mpu_regions
                0x0000000000005150       0x1c zephyr/arch/arch/arm/core/mpu/libarch__arm__core__mpu.a(arm_core_mpu.c.obj)
                0x0000000000005150                z_arm_configure_static_mpu_regions
 .text.z_arm_configure_dynamic_mpu_regions
                0x000000000000516c       0x24 zephyr/arch/arch/arm/core/mpu/libarch__arm__core__mpu.a(arm_core_mpu.c.obj)
                0x000000000000516c                z_arm_configure_dynamic_mpu_regions
 .text.region_init
                0x0000000000005190       0x28 zephyr/arch/arch/arm/core/mpu/libarch__arm__core__mpu.a(arm_mpu.c.obj)
 .text.region_allocate_and_init
                0x00000000000051b8       0x3c zephyr/arch/arch/arm/core/mpu/libarch__arm__core__mpu.a(arm_mpu.c.obj)
 .text.mpu_configure_regions
                0x00000000000051f4       0x64 zephyr/arch/arch/arm/core/mpu/libarch__arm__core__mpu.a(arm_mpu.c.obj)
 .text.mpu_configure_static_mpu_regions
                0x0000000000005258       0x14 zephyr/arch/arch/arm/core/mpu/libarch__arm__core__mpu.a(arm_mpu.c.obj)
 .text.mpu_configure_dynamic_mpu_regions
                0x000000000000526c       0x3c zephyr/arch/arch/arm/core/mpu/libarch__arm__core__mpu.a(arm_mpu.c.obj)
 .text.arm_core_mpu_enable
                0x00000000000052a8       0x18 zephyr/arch/arch/arm/core/mpu/libarch__arm__core__mpu.a(arm_mpu.c.obj)
                0x00000000000052a8                arm_core_mpu_enable
 .text.arm_core_mpu_disable
                0x00000000000052c0       0x14 zephyr/arch/arch/arm/core/mpu/libarch__arm__core__mpu.a(arm_mpu.c.obj)
                0x00000000000052c0                arm_core_mpu_disable
 .text.z_arm_mpu_init
                0x00000000000052d4       0x80 zephyr/arch/arch/arm/core/mpu/libarch__arm__core__mpu.a(arm_mpu.c.obj)
                0x00000000000052d4                z_arm_mpu_init
 .text.z_impl_zephyr_fputc
                0x0000000000005354       0x10 zephyr/lib/libc/picolibc/liblib__libc__picolibc.a(libc-hooks.c.obj)
                0x0000000000005354                z_impl_zephyr_fputc
 .text.__stdout_hook_install
                0x0000000000005364       0x18 zephyr/lib/libc/picolibc/liblib__libc__picolibc.a(libc-hooks.c.obj)
                0x0000000000005364                __stdout_hook_install
 .text.cbvprintf
                0x000000000000537c       0x34 zephyr/lib/libc/picolibc/liblib__libc__picolibc.a(libc-hooks.c.obj)
                0x000000000000537c                cbvprintf
 .text.malloc_prepare
                0x00000000000053b0       0x24 zephyr/lib/libc/common/liblib__libc__common.a(malloc.c.obj)
 .text.nordicsemi_nrf52_init
                0x00000000000053d4       0x34 zephyr/soc/soc/nrf52840/libsoc__nordic.a(soc.c.obj)
 .text.arch_busy_wait
                0x0000000000005408       0x18 zephyr/soc/soc/nrf52840/libsoc__nordic.a(soc.c.obj)
                0x0000000000005408                arch_busy_wait
 .text.get_hf_flags
                0x0000000000005420        0x8 zephyr/drivers/clock_control/libdrivers__clock_control.a(clock_control_nrf.c.obj)
 .text.get_subsys
                0x0000000000005428       0x18 zephyr/drivers/clock_control/libdrivers__clock_control.a(clock_control_nrf.c.obj)
 .text.onoff_stop
                0x0000000000005440       0x20 zephyr/drivers/clock_control/libdrivers__clock_control.a(clock_control_nrf.c.obj)
 .text.onoff_start
                0x0000000000005460       0x34 zephyr/drivers/clock_control/libdrivers__clock_control.a(clock_control_nrf.c.obj)
 .text.clock_event_handler
                0x0000000000005494       0x34 zephyr/drivers/clock_control/libdrivers__clock_control.a(clock_control_nrf.c.obj)
 .text.generic_hfclk_start
                0x00000000000054c8       0x70 zephyr/drivers/clock_control/libdrivers__clock_control.a(clock_control_nrf.c.obj)
 .text.generic_hfclk_stop
                0x0000000000005538       0x34 zephyr/drivers/clock_control/libdrivers__clock_control.a(clock_control_nrf.c.obj)
 .text.lfclk_spinwait
                0x000000000000556c       0xcc zephyr/drivers/clock_control/libdrivers__clock_control.a(clock_control_nrf.c.obj)
 .text.api_blocking_start
                0x0000000000005638       0x38 zephyr/drivers/clock_control/libdrivers__clock_control.a(clock_control_nrf.c.obj)
 .text.clk_init
                0x0000000000005670       0x60 zephyr/drivers/clock_control/libdrivers__clock_control.a(clock_control_nrf.c.obj)
 .text.z_nrf_clock_control_lf_on
                0x00000000000056d0       0x54 zephyr/drivers/clock_control/libdrivers__clock_control.a(clock_control_nrf.c.obj)
                0x00000000000056d0                z_nrf_clock_control_lf_on
 .text.console_out
                0x0000000000005724       0x28 zephyr/drivers/console/libdrivers__console.a(uart_console.c.obj)
 .text.uart_console_hook_install
                0x000000000000574c       0x18 zephyr/drivers/console/libdrivers__console.a(uart_console.c.obj)
 .text.uart_console_init
                0x0000000000005764       0x1c zephyr/drivers/console/libdrivers__console.a(uart_console.c.obj)
 .text.nrf_gpio_reconfigure
                0x0000000000005780       0xbc zephyr/drivers/gpio/libdrivers__gpio.a(gpio_nrfx.c.obj)
 .text.nrf_gpio_pin_dir_get
                0x000000000000583c       0x2c zephyr/drivers/gpio/libdrivers__gpio.a(gpio_nrfx.c.obj)
 .text.get_dev  0x0000000000005868       0x1c zephyr/drivers/gpio/libdrivers__gpio.a(gpio_nrfx.c.obj)
 .text.gpio_nrfx_pin_interrupt_configure
                0x0000000000005884       0xe0 zephyr/drivers/gpio/libdrivers__gpio.a(gpio_nrfx.c.obj)
 .text.gpio_nrfx_pin_configure
                0x0000000000005964      0x1c0 zephyr/drivers/gpio/libdrivers__gpio.a(gpio_nrfx.c.obj)
 .text.gpio_nrfx_init
                0x0000000000005b24       0x54 zephyr/drivers/gpio/libdrivers__gpio.a(gpio_nrfx.c.obj)
 .text.nrf_gpio_cfg
                0x0000000000005b78       0x50 zephyr/drivers/pinctrl/libdrivers__pinctrl.a(pinctrl_nrf.c.obj)
 .text.nrf_gpio_pin_set
                0x0000000000005bc8       0x28 zephyr/drivers/pinctrl/libdrivers__pinctrl.a(pinctrl_nrf.c.obj)
 .text.nrf_gpio_pin_clear
                0x0000000000005bf0       0x28 zephyr/drivers/pinctrl/libdrivers__pinctrl.a(pinctrl_nrf.c.obj)
 .text.pinctrl_configure_pins
                0x0000000000005c18      0x29c zephyr/drivers/pinctrl/libdrivers__pinctrl.a(pinctrl_nrf.c.obj)
                0x0000000000005c18                pinctrl_configure_pins
 .text.uarte_nrfx_poll_out
                0x0000000000005eb4       0x68 zephyr/drivers/serial/libdrivers__serial.a(uart_nrfx_uarte.c.obj)
 .text.endtx_stoptx_ppi_init
                0x0000000000005f1c       0x4c zephyr/drivers/serial/libdrivers__serial.a(uart_nrfx_uarte.c.obj)
 .text.uarte_instance_init
                0x0000000000005f68       0x38 zephyr/drivers/serial/libdrivers__serial.a(uart_nrfx_uarte.c.obj)
 .text.nrf_gpio_pin_set
                0x0000000000005fa0       0x28 zephyr/drivers/spi/libdrivers__spi.a(spi_nrfx_spi.c.obj)
 .text.nrf_gpio_pin_clear
                0x0000000000005fc8       0x28 zephyr/drivers/spi/libdrivers__spi.a(spi_nrfx_spi.c.obj)
 .text.get_nrf_spi_frequency
                0x0000000000005ff0       0x68 zephyr/drivers/spi/libdrivers__spi.a(spi_nrfx_spi.c.obj)
 .text.spi_context_wait_for_completion
                0x0000000000006058       0x94 zephyr/drivers/spi/libdrivers__spi.a(spi_nrfx_spi.c.obj)
 .text.configure
                0x00000000000060ec      0x214 zephyr/drivers/spi/libdrivers__spi.a(spi_nrfx_spi.c.obj)
 .text.transfer_next_chunk
                0x0000000000006300       0x6c zephyr/drivers/spi/libdrivers__spi.a(spi_nrfx_spi.c.obj)
 .text.event_handler
                0x000000000000636c       0xb4 zephyr/drivers/spi/libdrivers__spi.a(spi_nrfx_spi.c.obj)
 .text.transceive
                0x0000000000006420       0xc8 zephyr/drivers/spi/libdrivers__spi.a(spi_nrfx_spi.c.obj)
 .text.spi_context_cs_configure_all
                0x00000000000064e8       0xfc zephyr/drivers/spi/libdrivers__spi.a(spi_nrfx_spi.c.obj)
 .text.spi_nrfx_init
                0x00000000000065e4       0x70 zephyr/drivers/spi/libdrivers__spi.a(spi_nrfx_spi.c.obj)
 .text.nrf_gpio_cfg
                0x0000000000006654       0x50 zephyr/drivers/spi/libdrivers__spi.a(spi_nrfx_common.c.obj)
 .text.spi_nrfx_wake_init
                0x00000000000066a4       0x64 zephyr/drivers/spi/libdrivers__spi.a(spi_nrfx_common.c.obj)
                0x00000000000066a4                spi_nrfx_wake_init
 .text.nrf_gpio_pin_set
                0x0000000000006708       0x28 zephyr/drivers/spi/libdrivers__spi.a(spi_nrfx_spim.c.obj)
 .text.nrf_gpio_pin_clear
                0x0000000000006730       0x28 zephyr/drivers/spi/libdrivers__spi.a(spi_nrfx_spim.c.obj)
 .text.get_nrf_spim_frequency
                0x0000000000006758       0x8c zephyr/drivers/spi/libdrivers__spi.a(spi_nrfx_spim.c.obj)
 .text.spi_context_wait_for_completion
                0x00000000000067e4       0x94 zephyr/drivers/spi/libdrivers__spi.a(spi_nrfx_spim.c.obj)
 .text.configure
                0x0000000000006878      0x234 zephyr/drivers/spi/libdrivers__spi.a(spi_nrfx_spim.c.obj)
 .text.transfer_next_chunk
                0x0000000000006aac       0xc4 zephyr/drivers/spi/libdrivers__spi.a(spi_nrfx_spim.c.obj)
 .text.event_handler
                0x0000000000006b70       0xd0 zephyr/drivers/spi/libdrivers__spi.a(spi_nrfx_spim.c.obj)
 .text.transceive
                0x0000000000006c40       0xcc zephyr/drivers/spi/libdrivers__spi.a(spi_nrfx_spim.c.obj)
 .text.spi_context_cs_configure_all
                0x0000000000006d0c       0xfc zephyr/drivers/spi/libdrivers__spi.a(spi_nrfx_spim.c.obj)
 .text.spi_nrfx_init
                0x0000000000006e08       0x7c zephyr/drivers/spi/libdrivers__spi.a(spi_nrfx_spim.c.obj)
 .text.set_comparator
                0x0000000000006e84       0x14 zephyr/drivers/timer/libdrivers__timer.a(nrf_rtc_timer.c.obj)
 .text.event_enable
                0x0000000000006e98       0x14 zephyr/drivers/timer/libdrivers__timer.a(nrf_rtc_timer.c.obj)
 .text.event_disable
                0x0000000000006eac       0x14 zephyr/drivers/timer/libdrivers__timer.a(nrf_rtc_timer.c.obj)
 .text.counter  0x0000000000006ec0        0xc zephyr/drivers/timer/libdrivers__timer.a(nrf_rtc_timer.c.obj)
 .text.set_alarm
                0x0000000000006ecc       0x88 zephyr/drivers/timer/libdrivers__timer.a(nrf_rtc_timer.c.obj)
 .text.int_event_disable_rtc
                0x0000000000006f54       0x18 zephyr/drivers/timer/libdrivers__timer.a(nrf_rtc_timer.c.obj)
 .text.compare_int_lock
                0x0000000000006f6c       0x4c zephyr/drivers/timer/libdrivers__timer.a(nrf_rtc_timer.c.obj)
 .text.channel_processing_check_and_clear
                0x0000000000006fb8       0x60 zephyr/drivers/timer/libdrivers__timer.a(nrf_rtc_timer.c.obj)
 .text.compare_int_unlock
                0x0000000000007018       0x60 zephyr/drivers/timer/libdrivers__timer.a(nrf_rtc_timer.c.obj)
 .text.sys_clock_timeout_handler
                0x0000000000007078       0x50 zephyr/drivers/timer/libdrivers__timer.a(nrf_rtc_timer.c.obj)
 .text.z_nrf_rtc_timer_read
                0x00000000000070c8       0x40 zephyr/drivers/timer/libdrivers__timer.a(nrf_rtc_timer.c.obj)
                0x00000000000070c8                z_nrf_rtc_timer_read
 .text.compare_set_nolocks
                0x0000000000007108       0xac zephyr/drivers/timer/libdrivers__timer.a(nrf_rtc_timer.c.obj)
 .text.sys_clock_driver_init
                0x00000000000071b4       0x9c zephyr/drivers/timer/libdrivers__timer.a(nrf_rtc_timer.c.obj)
 .text.process_channel
                0x0000000000007250       0x7c zephyr/drivers/timer/libdrivers__timer.a(nrf_rtc_timer.c.obj)
 .text.rtc_nrf_isr
                0x00000000000072cc       0x40 zephyr/drivers/timer/libdrivers__timer.a(nrf_rtc_timer.c.obj)
                0x00000000000072cc                rtc_nrf_isr
 .text.sys_clock_set_timeout
                0x000000000000730c       0x74 zephyr/drivers/timer/libdrivers__timer.a(nrf_rtc_timer.c.obj)
                0x000000000000730c                sys_clock_set_timeout
 .text.sys_clock_elapsed
                0x0000000000007380       0x14 zephyr/drivers/timer/libdrivers__timer.a(nrf_rtc_timer.c.obj)
                0x0000000000007380                sys_clock_elapsed
 .text.__NVIC_SystemReset
                0x0000000000007394       0x24 modules/hal_nordic/nrfx/libmodules__hal_nordic__nrfx.a(system_nrf52840.c.obj)
 .text.nvmc_wait
                0x00000000000073b8       0x10 modules/hal_nordic/nrfx/libmodules__hal_nordic__nrfx.a(system_nrf52840.c.obj)
                0x00000000000073b8                nvmc_wait
 .text.nvmc_config
                0x00000000000073c8       0x14 modules/hal_nordic/nrfx/libmodules__hal_nordic__nrfx.a(system_nrf52840.c.obj)
                0x00000000000073c8                nvmc_config
 .text.SystemInit
                0x00000000000073dc      0x178 modules/hal_nordic/nrfx/libmodules__hal_nordic__nrfx.a(system_nrf52840.c.obj)
                0x00000000000073dc                SystemInit
 .text.nrfx_flag32_alloc
                0x0000000000007554       0x48 modules/hal_nordic/nrfx/libmodules__hal_nordic__nrfx.a(nrfx_flag32_allocator.c.obj)
                0x0000000000007554                nrfx_flag32_alloc
 .text.nrfx_flag32_free
                0x000000000000759c       0x44 modules/hal_nordic/nrfx/libmodules__hal_nordic__nrfx.a(nrfx_flag32_allocator.c.obj)
                0x000000000000759c                nrfx_flag32_free
 .text.nrfx_gppi_channels_enable
                0x00000000000075e0        0xc modules/hal_nordic/nrfx/libmodules__hal_nordic__nrfx.a(nrfx_gppi_ppi.c.obj)
                0x00000000000075e0                nrfx_gppi_channels_enable
 .text.nrfx_gppi_channel_endpoints_setup
                0x00000000000075ec       0x14 modules/hal_nordic/nrfx/libmodules__hal_nordic__nrfx.a(nrfx_gppi_ppi.c.obj)
                0x00000000000075ec                nrfx_gppi_channel_endpoints_setup
 .text.clock_stop
                0x0000000000007600       0x8c modules/hal_nordic/nrfx/libmodules__hal_nordic__nrfx.a(nrfx_clock.c.obj)
 .text.nrfx_clock_init
                0x000000000000768c       0x28 modules/hal_nordic/nrfx/libmodules__hal_nordic__nrfx.a(nrfx_clock.c.obj)
                0x000000000000768c                nrfx_clock_init
 .text.nrfx_clock_enable
                0x00000000000076b4       0x20 modules/hal_nordic/nrfx/libmodules__hal_nordic__nrfx.a(nrfx_clock.c.obj)
                0x00000000000076b4                nrfx_clock_enable
 .text.nrfx_clock_start
                0x00000000000076d4       0xdc modules/hal_nordic/nrfx/libmodules__hal_nordic__nrfx.a(nrfx_clock.c.obj)
                0x00000000000076d4                nrfx_clock_start
 .text.nrfx_power_clock_irq_handler
                0x00000000000077b0       0x7c modules/hal_nordic/nrfx/libmodules__hal_nordic__nrfx.a(nrfx_clock.c.obj)
                0x00000000000077b0                nrfx_power_clock_irq_handler
 .text.nrf_gpio_cfg
                0x000000000000782c       0x50 modules/hal_nordic/nrfx/libmodules__hal_nordic__nrfx.a(nrfx_gpiote.c.obj)
 .text.nrf_gpio_reconfigure
                0x000000000000787c       0xbc modules/hal_nordic/nrfx/libmodules__hal_nordic__nrfx.a(nrfx_gpiote.c.obj)
 .text.nrf_gpio_pin_read
                0x0000000000007938       0x28 modules/hal_nordic/nrfx/libmodules__hal_nordic__nrfx.a(nrfx_gpiote.c.obj)
 .text.nrf_gpio_pin_sense_get
                0x0000000000007960       0x2c modules/hal_nordic/nrfx/libmodules__hal_nordic__nrfx.a(nrfx_gpiote.c.obj)
 .text.nrf_gpio_latches_read_and_clear
                0x000000000000798c       0x44 modules/hal_nordic/nrfx/libmodules__hal_nordic__nrfx.a(nrfx_gpiote.c.obj)
 .text.nrf_gpio_pin_latch_clear
                0x00000000000079d0       0x28 modules/hal_nordic/nrfx/libmodules__hal_nordic__nrfx.a(nrfx_gpiote.c.obj)
 .text.get_pin_idx
                0x00000000000079f8       0x14 modules/hal_nordic/nrfx/libmodules__hal_nordic__nrfx.a(nrfx_gpiote.c.obj)
 .text.get_cb   0x0000000000007a0c        0x8 modules/hal_nordic/nrfx/libmodules__hal_nordic__nrfx.a(nrfx_gpiote.c.obj)
 .text.gpiote_output_configure
                0x0000000000007a14       0xf8 modules/hal_nordic/nrfx/libmodules__hal_nordic__nrfx.a(nrfx_gpiote.c.obj)
 .text.gpiote_channel_get
                0x0000000000007b0c       0x38 modules/hal_nordic/nrfx/libmodules__hal_nordic__nrfx.a(nrfx_gpiote.c.obj)
 .text.latch_pending_read_and_check
                0x0000000000007b44       0x50 modules/hal_nordic/nrfx/libmodules__hal_nordic__nrfx.a(nrfx_gpiote.c.obj)
 .text.pin_handler_set
                0x0000000000007b94       0x88 modules/hal_nordic/nrfx/libmodules__hal_nordic__nrfx.a(nrfx_gpiote.c.obj)
 .text.gpiote_input_configure
                0x0000000000007c1c      0x16c modules/hal_nordic/nrfx/libmodules__hal_nordic__nrfx.a(nrfx_gpiote.c.obj)
 .text.pin_uninit
                0x0000000000007d88       0x34 modules/hal_nordic/nrfx/libmodules__hal_nordic__nrfx.a(nrfx_gpiote.c.obj)
 .text.gpiote_init
                0x0000000000007dbc       0x4c modules/hal_nordic/nrfx/libmodules__hal_nordic__nrfx.a(nrfx_gpiote.c.obj)
 .text.port_event_handle
                0x0000000000007e08       0xc4 modules/hal_nordic/nrfx/libmodules__hal_nordic__nrfx.a(nrfx_gpiote.c.obj)
 .text.nrfx_gpiote_0_irq_handler
                0x0000000000007ecc       0x14 modules/hal_nordic/nrfx/libmodules__hal_nordic__nrfx.a(nrfx_gpiote.c.obj)
                0x0000000000007ecc                nrfx_gpiote_0_irq_handler
 .text.nrfx_ppi_channel_alloc
                0x0000000000007ee0       0x10 modules/hal_nordic/nrfx/libmodules__hal_nordic__nrfx.a(nrfx_ppi.c.obj)
                0x0000000000007ee0                nrfx_ppi_channel_alloc
 .text.nrf_gpio_cfg
                0x0000000000007ef0       0x50 modules/hal_nordic/nrfx/libmodules__hal_nordic__nrfx.a(nrfx_spi.c.obj)
 .text.nrf_gpio_pin_set
                0x0000000000007f40       0x28 modules/hal_nordic/nrfx/libmodules__hal_nordic__nrfx.a(nrfx_spi.c.obj)
 .text.nrf_gpio_pin_clear
                0x0000000000007f68       0x28 modules/hal_nordic/nrfx/libmodules__hal_nordic__nrfx.a(nrfx_spi.c.obj)
 .text.spi_configure
                0x0000000000007f90       0x88 modules/hal_nordic/nrfx/libmodules__hal_nordic__nrfx.a(nrfx_spi.c.obj)
 .text.nrfx_spi_init
                0x0000000000008018       0x68 modules/hal_nordic/nrfx/libmodules__hal_nordic__nrfx.a(nrfx_spi.c.obj)
                0x0000000000008018                nrfx_spi_init
 .text.nrfx_spi_uninit
                0x0000000000008080       0x88 modules/hal_nordic/nrfx/libmodules__hal_nordic__nrfx.a(nrfx_spi.c.obj)
                0x0000000000008080                nrfx_spi_uninit
 .text.nrfx_spi_xfer
                0x0000000000008108       0x90 modules/hal_nordic/nrfx/libmodules__hal_nordic__nrfx.a(nrfx_spi.c.obj)
                0x0000000000008108                nrfx_spi_xfer
 .text.nrfx_spi_0_irq_handler
                0x0000000000008198       0x14 modules/hal_nordic/nrfx/libmodules__hal_nordic__nrfx.a(nrfx_spi.c.obj)
                0x0000000000008198                nrfx_spi_0_irq_handler
 .text.nrfx_spi_1_irq_handler
                0x00000000000081ac       0x14 modules/hal_nordic/nrfx/libmodules__hal_nordic__nrfx.a(nrfx_spi.c.obj)
                0x00000000000081ac                nrfx_spi_1_irq_handler
 .text.nrf_gpio_cfg
                0x00000000000081c0       0x50 modules/hal_nordic/nrfx/libmodules__hal_nordic__nrfx.a(nrfx_spim.c.obj)
 .text.nrf_gpio_pin_set
                0x0000000000008210       0x28 modules/hal_nordic/nrfx/libmodules__hal_nordic__nrfx.a(nrfx_spim.c.obj)
 .text.nrf_gpio_pin_clear
                0x0000000000008238       0x28 modules/hal_nordic/nrfx/libmodules__hal_nordic__nrfx.a(nrfx_spim.c.obj)
 .text.anomaly_198_enable
                0x0000000000008260       0x58 modules/hal_nordic/nrfx/libmodules__hal_nordic__nrfx.a(nrfx_spim.c.obj)
 .text.anomaly_198_disable
                0x00000000000082b8       0x14 modules/hal_nordic/nrfx/libmodules__hal_nordic__nrfx.a(nrfx_spim.c.obj)
 .text.configure_pins
                0x00000000000082cc       0x98 modules/hal_nordic/nrfx/libmodules__hal_nordic__nrfx.a(nrfx_spim.c.obj)
 .text.spim_frequency_valid_check
                0x0000000000008364       0x94 modules/hal_nordic/nrfx/libmodules__hal_nordic__nrfx.a(nrfx_spim.c.obj)
 .text.spim_frequency_bit_decode
                0x00000000000083f8       0xb0 modules/hal_nordic/nrfx/libmodules__hal_nordic__nrfx.a(nrfx_spim.c.obj)
 .text.spim_configuration_verify
                0x00000000000084a8       0x60 modules/hal_nordic/nrfx/libmodules__hal_nordic__nrfx.a(nrfx_spim.c.obj)
 .text.spim_configure
                0x0000000000008508      0x100 modules/hal_nordic/nrfx/libmodules__hal_nordic__nrfx.a(nrfx_spim.c.obj)
 .text.spim_xfer
                0x0000000000008608      0x114 modules/hal_nordic/nrfx/libmodules__hal_nordic__nrfx.a(nrfx_spim.c.obj)
 .text.irq_handler
                0x000000000000871c       0x2c modules/hal_nordic/nrfx/libmodules__hal_nordic__nrfx.a(nrfx_spim.c.obj)
 .text.nrfx_spim_init
                0x0000000000008748       0x70 modules/hal_nordic/nrfx/libmodules__hal_nordic__nrfx.a(nrfx_spim.c.obj)
                0x0000000000008748                nrfx_spim_init
 .text.nrfx_spim_uninit
                0x00000000000087b8       0xd0 modules/hal_nordic/nrfx/libmodules__hal_nordic__nrfx.a(nrfx_spim.c.obj)
                0x00000000000087b8                nrfx_spim_uninit
 .text.nrfx_spim_xfer
                0x0000000000008888       0x68 modules/hal_nordic/nrfx/libmodules__hal_nordic__nrfx.a(nrfx_spim.c.obj)
                0x0000000000008888                nrfx_spim_xfer
 .text.nrfx_spim_3_irq_handler
                0x00000000000088f0       0x14 modules/hal_nordic/nrfx/libmodules__hal_nordic__nrfx.a(nrfx_spim.c.obj)
                0x00000000000088f0                nrfx_spim_3_irq_handler
 .text._DoInit  0x0000000000008904       0x64 modules/segger/libmodules__segger.a(SEGGER_RTT.c.obj)
 .text.SEGGER_RTT_WriteSkipNoLock
                0x0000000000008968       0xd0 modules/segger/libmodules__segger.a(SEGGER_RTT.c.obj)
                0x0000000000008968                SEGGER_RTT_WriteSkipNoLock
 .text.SEGGER_RTT_HasDataUp
                0x0000000000008a38       0x20 modules/segger/libmodules__segger.a(SEGGER_RTT.c.obj)
                0x0000000000008a38                SEGGER_RTT_HasDataUp
 .text.zephyr_rtt_mutex_lock
                0x0000000000008a58       0x18 modules/segger/libmodules__segger.a(SEGGER_RTT_zephyr.c.obj)
                0x0000000000008a58                zephyr_rtt_mutex_lock
 .text.zephyr_rtt_mutex_unlock
                0x0000000000008a70       0x10 modules/segger/libmodules__segger.a(SEGGER_RTT_zephyr.c.obj)
                0x0000000000008a70                zephyr_rtt_mutex_unlock
 .text.z_device_state_init
                0x0000000000008a80       0x18 zephyr/kernel/libkernel.a(device.c.obj)
                0x0000000000008a80                z_device_state_init
 .text.z_impl_device_get_binding
                0x0000000000008a98       0x64 zephyr/kernel/libkernel.a(device.c.obj)
                0x0000000000008a98                z_impl_device_get_binding
 .text.reason_to_str
                0x0000000000008afc       0x40 zephyr/kernel/libkernel.a(fatal.c.obj)
 .text.thread_name_get
                0x0000000000008b3c       0x20 zephyr/kernel/libkernel.a(fatal.c.obj)
 .text.k_sys_fatal_error_handler
                0x0000000000008b5c       0x20 zephyr/kernel/libkernel.a(fatal.c.obj)
                0x0000000000008b5c                k_sys_fatal_error_handler
 .text.z_fatal_error
                0x0000000000008b7c      0x1f4 zephyr/kernel/libkernel.a(fatal.c.obj)
                0x0000000000008b7c                z_fatal_error
 .text.z_sys_init_run_level
                0x0000000000008d70       0x34 zephyr/kernel/libkernel.a(init.c.obj)
 .text.init_idle_thread
                0x0000000000008da4       0x58 zephyr/kernel/libkernel.a(init.c.obj)
 .text.thread_schedule_new
                0x0000000000008dfc       0x1c zephyr/kernel/libkernel.a(init.c.obj)
 .text.z_init_static_threads
                0x0000000000008e18       0x70 zephyr/kernel/libkernel.a(init.c.obj)
 .text.bg_thread_main
                0x0000000000008e88       0x38 zephyr/kernel/libkernel.a(init.c.obj)
 .text.switch_to_main_thread
                0x0000000000008ec0       0x14 zephyr/kernel/libkernel.a(init.c.obj)
 .text.z_bss_zero
                0x0000000000008ed4       0x18 zephyr/kernel/libkernel.a(init.c.obj)
                0x0000000000008ed4                z_bss_zero
 .text.z_init_cpu
                0x0000000000008eec       0x44 zephyr/kernel/libkernel.a(init.c.obj)
                0x0000000000008eec                z_init_cpu
 .text.prepare_multithreading
                0x0000000000008f30       0x60 zephyr/kernel/libkernel.a(init.c.obj)
 .text.z_cstart
                0x0000000000008f90       0x90 zephyr/kernel/libkernel.a(init.c.obj)
                0x0000000000008f90                z_cstart
 .text.init_mem_slab_obj_core_list
                0x0000000000009020       0x24 zephyr/kernel/libkernel.a(mem_slab.c.obj)
 .text.k_mem_slab_alloc
                0x0000000000009044       0x64 zephyr/kernel/libkernel.a(mem_slab.c.obj)
                0x0000000000009044                k_mem_slab_alloc
 .text.z_impl_k_mutex_lock
                0x00000000000090a8      0x100 zephyr/kernel/libkernel.a(mutex.c.obj)
                0x00000000000090a8                z_impl_k_mutex_lock
 .text.z_impl_k_mutex_unlock
                0x00000000000091a8       0x78 zephyr/kernel/libkernel.a(mutex.c.obj)
                0x00000000000091a8                z_impl_k_mutex_unlock
 .text.z_impl_k_sem_give
                0x0000000000009220       0x4c zephyr/kernel/libkernel.a(sem.c.obj)
                0x0000000000009220                z_impl_k_sem_give
 .text.z_impl_k_sem_take
                0x000000000000926c       0x50 zephyr/kernel/libkernel.a(sem.c.obj)
                0x000000000000926c                z_impl_k_sem_take
 .text.z_impl_k_sem_reset
                0x00000000000092bc       0x3c zephyr/kernel/libkernel.a(sem.c.obj)
                0x00000000000092bc                z_impl_k_sem_reset
 .text.thread_schedule_new
                0x00000000000092f8       0x1c zephyr/kernel/libkernel.a(thread.c.obj)
 .text.z_setup_new_thread
                0x0000000000009314       0x60 zephyr/kernel/libkernel.a(thread.c.obj)
                0x0000000000009314                z_setup_new_thread
 .text.update_cache
                0x0000000000009374       0x4c zephyr/kernel/libkernel.a(sched.c.obj)
 .text.unready_thread
                0x00000000000093c0       0x38 zephyr/kernel/libkernel.a(sched.c.obj)
 .text.add_thread_timeout
                0x00000000000093f8       0x20 zephyr/kernel/libkernel.a(sched.c.obj)
 .text.ready_thread
                0x0000000000009418       0x78 zephyr/kernel/libkernel.a(sched.c.obj)
 .text.halt_thread
                0x0000000000009490       0xc0 zephyr/kernel/libkernel.a(sched.c.obj)
 .text.thread_halt_spin
                0x0000000000009550       0x54 zephyr/kernel/libkernel.a(sched.c.obj)
 .text.z_thread_halt
                0x00000000000095a4       0x78 zephyr/kernel/libkernel.a(sched.c.obj)
 .text.move_thread_to_end_of_prio_q
                0x000000000000961c       0x8c zephyr/kernel/libkernel.a(sched.c.obj)
                0x000000000000961c                move_thread_to_end_of_prio_q
 .text.z_pend_curr
                0x00000000000096a8       0x38 zephyr/kernel/libkernel.a(sched.c.obj)
                0x00000000000096a8                z_pend_curr
 .text.z_thread_prio_set
                0x00000000000096e0       0xb8 zephyr/kernel/libkernel.a(sched.c.obj)
                0x00000000000096e0                z_thread_prio_set
 .text.z_reschedule
                0x0000000000009798       0x2c zephyr/kernel/libkernel.a(sched.c.obj)
                0x0000000000009798                z_reschedule
 .text.z_sched_start
                0x00000000000097c4       0x3c zephyr/kernel/libkernel.a(sched.c.obj)
                0x00000000000097c4                z_sched_start
 .text.z_reschedule_irqlock
                0x0000000000009800       0x2c zephyr/kernel/libkernel.a(sched.c.obj)
                0x0000000000009800                z_reschedule_irqlock
 .text.k_sched_lock
                0x000000000000982c       0x30 zephyr/kernel/libkernel.a(sched.c.obj)
                0x000000000000982c                k_sched_lock
 .text.k_sched_unlock
                0x000000000000985c       0x3c zephyr/kernel/libkernel.a(sched.c.obj)
                0x000000000000985c                k_sched_unlock
 .text.z_sched_init
                0x0000000000009898       0x10 zephyr/kernel/libkernel.a(sched.c.obj)
                0x0000000000009898                z_sched_init
 .text.z_impl_k_yield
                0x00000000000098a8       0x90 zephyr/kernel/libkernel.a(sched.c.obj)
                0x00000000000098a8                z_impl_k_yield
 .text.z_tick_sleep
                0x0000000000009938       0x98 zephyr/kernel/libkernel.a(sched.c.obj)
 .text.z_impl_k_sleep
                0x00000000000099d0       0x5c zephyr/kernel/libkernel.a(sched.c.obj)
                0x00000000000099d0                z_impl_k_sleep
 .text.z_impl_k_usleep
                0x0000000000009a2c       0x78 zephyr/kernel/libkernel.a(sched.c.obj)
                0x0000000000009a2c                z_impl_k_usleep
 .text.z_impl_k_sched_current_thread_query
                0x0000000000009aa4        0xc zephyr/kernel/libkernel.a(sched.c.obj)
                0x0000000000009aa4                z_impl_k_sched_current_thread_query
 .text.slice_timeout
                0x0000000000009ab0       0x20 zephyr/kernel/libkernel.a(timeslicing.c.obj)
 .text.thread_is_sliceable
                0x0000000000009ad0       0x4c zephyr/kernel/libkernel.a(timeslicing.c.obj)
                0x0000000000009ad0                thread_is_sliceable
 .text.z_reset_time_slice
                0x0000000000009b1c       0x50 zephyr/kernel/libkernel.a(timeslicing.c.obj)
                0x0000000000009b1c                z_reset_time_slice
 .text.z_time_slice
                0x0000000000009b6c       0x70 zephyr/kernel/libkernel.a(timeslicing.c.obj)
                0x0000000000009b6c                z_time_slice
 .text.z_data_copy
                0x0000000000009bdc       0x34 zephyr/kernel/libkernel.a(xip.c.obj)
                0x0000000000009bdc                z_data_copy
 .text.first    0x0000000000009c10       0x14 zephyr/kernel/libkernel.a(timeout.c.obj)
 .text.next     0x0000000000009c24       0x18 zephyr/kernel/libkernel.a(timeout.c.obj)
 .text.elapsed  0x0000000000009c3c       0x18 zephyr/kernel/libkernel.a(timeout.c.obj)
 .text.z_add_timeout
                0x0000000000009c54      0x10c zephyr/kernel/libkernel.a(timeout.c.obj)
                0x0000000000009c54                z_add_timeout
 .text.sys_clock_announce
                0x0000000000009d60       0xc4 zephyr/kernel/libkernel.a(timeout.c.obj)
                0x0000000000009d60                sys_clock_announce
 .text.sys_clock_tick_get
                0x0000000000009e24       0x40 zephyr/kernel/libkernel.a(timeout.c.obj)
                0x0000000000009e24                sys_clock_tick_get
 .text.z_timer_expiration_handler
                0x0000000000009e64       0xf4 zephyr/kernel/libkernel.a(timer.c.obj)
                0x0000000000009e64                z_timer_expiration_handler
 .text.z_impl_k_timer_start
                0x0000000000009f58       0x80 zephyr/kernel/libkernel.a(timer.c.obj)
                0x0000000000009f58                z_impl_k_timer_start
 .text.nrf_cc3xx_platform_init_no_rng
                0x0000000000009fd8       0x38 D:/Downloads/nordictest/sdk/nrfxlib/crypto/nrf_cc310_platform/lib/cortex-m4/soft-float/no-interrupts/libnrf_cc310_platform_0.9.19.a(nrf_cc3xx_platform.c.obj)
                0x0000000000009fd8                nrf_cc3xx_platform_init_no_rng
 .text.nrf_cc3xx_platform_abort
                0x000000000000a010       0x24 D:/Downloads/nordictest/sdk/nrfxlib/crypto/nrf_cc310_platform/lib/cortex-m4/soft-float/no-interrupts/libnrf_cc310_platform_0.9.19.a(nrf_cc3xx_platform_abort.c.obj)
 .text.CC_PalAbort
                0x000000000000a034       0x34 D:/Downloads/nordictest/sdk/nrfxlib/crypto/nrf_cc310_platform/lib/cortex-m4/soft-float/no-interrupts/libnrf_cc310_platform_0.9.19.a(nrf_cc3xx_platform_abort.c.obj)
                0x000000000000a034                CC_PalAbort
 .text.nrf_cc3xx_platform_set_abort
                0x000000000000a068       0x10 D:/Downloads/nordictest/sdk/nrfxlib/crypto/nrf_cc310_platform/lib/cortex-m4/soft-float/no-interrupts/libnrf_cc310_platform_0.9.19.a(nrf_cc3xx_platform_abort.c.obj)
                0x000000000000a068                nrf_cc3xx_platform_set_abort
 .text.mutex_free
                0x000000000000a078       0x34 D:/Downloads/nordictest/sdk/nrfxlib/crypto/nrf_cc310_platform/lib/cortex-m4/soft-float/no-interrupts/libnrf_cc310_platform_0.9.19.a(nrf_cc3xx_platform_mutex.c.obj)
 .text.mutex_lock
                0x000000000000a0ac       0x48 D:/Downloads/nordictest/sdk/nrfxlib/crypto/nrf_cc310_platform/lib/cortex-m4/soft-float/no-interrupts/libnrf_cc310_platform_0.9.19.a(nrf_cc3xx_platform_mutex.c.obj)
 .text.mutex_unlock
                0x000000000000a0f4       0x38 D:/Downloads/nordictest/sdk/nrfxlib/crypto/nrf_cc310_platform/lib/cortex-m4/soft-float/no-interrupts/libnrf_cc310_platform_0.9.19.a(nrf_cc3xx_platform_mutex.c.obj)
 .text.mutex_init
                0x000000000000a12c       0x20 D:/Downloads/nordictest/sdk/nrfxlib/crypto/nrf_cc310_platform/lib/cortex-m4/soft-float/no-interrupts/libnrf_cc310_platform_0.9.19.a(nrf_cc3xx_platform_mutex.c.obj)
 .text.nrf_cc3xx_platform_set_mutexes
                0x000000000000a14c       0x74 D:/Downloads/nordictest/sdk/nrfxlib/crypto/nrf_cc310_platform/lib/cortex-m4/soft-float/no-interrupts/libnrf_cc310_platform_0.9.19.a(nrf_cc3xx_platform_mutex.c.obj)
                0x000000000000a14c                nrf_cc3xx_platform_set_mutexes
 .text.CC_LibInitNoRng
                0x000000000000a1c0       0x64 D:/Downloads/nordictest/sdk/nrfxlib/crypto/nrf_cc310_platform/lib/cortex-m4/soft-float/no-interrupts/libnrf_cc310_platform_0.9.19.a(cc_lib.c.obj)
                0x000000000000a1c0                CC_LibInitNoRng
 .text.CC_HalInit
                0x000000000000a224        0x4 D:/Downloads/nordictest/sdk/nrfxlib/crypto/nrf_cc310_platform/lib/cortex-m4/soft-float/no-interrupts/libnrf_cc310_platform_0.9.19.a(cc_hal.c.obj)
                0x000000000000a224                CC_HalInit
 .text.CC_HalTerminate
                0x000000000000a228        0x4 D:/Downloads/nordictest/sdk/nrfxlib/crypto/nrf_cc310_platform/lib/cortex-m4/soft-float/no-interrupts/libnrf_cc310_platform_0.9.19.a(cc_hal.c.obj)
                0x000000000000a228                CC_HalTerminate
 .text.CC_HalMaskInterrupt
                0x000000000000a22c        0xc D:/Downloads/nordictest/sdk/nrfxlib/crypto/nrf_cc310_platform/lib/cortex-m4/soft-float/no-interrupts/libnrf_cc310_platform_0.9.19.a(cc_hal.c.obj)
                0x000000000000a22c                CC_HalMaskInterrupt
 .text.CC_PalInit
                0x000000000000a238       0x5c D:/Downloads/nordictest/sdk/nrfxlib/crypto/nrf_cc310_platform/lib/cortex-m4/soft-float/no-interrupts/libnrf_cc310_platform_0.9.19.a(cc_pal.c.obj)
                0x000000000000a238                CC_PalInit
 .text.CC_PalTerminate
                0x000000000000a294       0x34 D:/Downloads/nordictest/sdk/nrfxlib/crypto/nrf_cc310_platform/lib/cortex-m4/soft-float/no-interrupts/libnrf_cc310_platform_0.9.19.a(cc_pal.c.obj)
                0x000000000000a294                CC_PalTerminate
 .text.CC_PalDmaInit
                0x000000000000a2c8        0x4 D:/Downloads/nordictest/sdk/nrfxlib/crypto/nrf_cc310_platform/lib/cortex-m4/soft-float/no-interrupts/libnrf_cc310_platform_0.9.19.a(cc_pal_dma.c.obj)
                0x000000000000a2c8                CC_PalDmaInit
 .text.CC_PalDmaTerminate
                0x000000000000a2cc        0x4 D:/Downloads/nordictest/sdk/nrfxlib/crypto/nrf_cc310_platform/lib/cortex-m4/soft-float/no-interrupts/libnrf_cc310_platform_0.9.19.a(cc_pal_dma.c.obj)
                0x000000000000a2cc                CC_PalDmaTerminate
 .text.CC_PalMutexCreate
                0x000000000000a2d0       0x14 D:/Downloads/nordictest/sdk/nrfxlib/crypto/nrf_cc310_platform/lib/cortex-m4/soft-float/no-interrupts/libnrf_cc310_platform_0.9.19.a(cc_pal_mutex.c.obj)
                0x000000000000a2d0                CC_PalMutexCreate
 .text.CC_PalMutexDestroy
                0x000000000000a2e4       0x14 D:/Downloads/nordictest/sdk/nrfxlib/crypto/nrf_cc310_platform/lib/cortex-m4/soft-float/no-interrupts/libnrf_cc310_platform_0.9.19.a(cc_pal_mutex.c.obj)
                0x000000000000a2e4                CC_PalMutexDestroy
 .text.CC_PalPowerSaveModeInit
                0x000000000000a2f8       0x3c D:/Downloads/nordictest/sdk/nrfxlib/crypto/nrf_cc310_platform/lib/cortex-m4/soft-float/no-interrupts/libnrf_cc310_platform_0.9.19.a(cc_pal_pm.c.obj)
                0x000000000000a2f8                CC_PalPowerSaveModeInit
 .text.CC_PalPowerSaveModeSelect
                0x000000000000a334       0x84 D:/Downloads/nordictest/sdk/nrfxlib/crypto/nrf_cc310_platform/lib/cortex-m4/soft-float/no-interrupts/libnrf_cc310_platform_0.9.19.a(cc_pal_pm.c.obj)
                0x000000000000a334                CC_PalPowerSaveModeSelect
 .text.snprintf
                0x000000000000a3b8       0x58 c:\ncs\toolchains\b620d30767\opt\zephyr-sdk\arm-zephyr-eabi\bin\../lib/gcc/../../picolibc/arm-zephyr-eabi/lib/thumb/v7e-m/nofp\libc.a(libc_tinystdio_snprintf.c.o)
                0x000000000000a3b8                snprintf
 .text.sprintf  0x000000000000a410       0x50 c:\ncs\toolchains\b620d30767\opt\zephyr-sdk\arm-zephyr-eabi\bin\../lib/gcc/../../picolibc/arm-zephyr-eabi/lib/thumb/v7e-m/nofp\libc.a(libc_tinystdio_sprintf.c.o)
                0x000000000000a410                sprintf
 .text.__l_vfprintf
                0x000000000000a460      0x4b8 c:\ncs\toolchains\b620d30767\opt\zephyr-sdk\arm-zephyr-eabi\bin\../lib/gcc/../../picolibc/arm-zephyr-eabi/lib/thumb/v7e-m/nofp\libc.a(libc_tinystdio_vflprintf.c.o)
                0x000000000000a460                __l_vfprintf
 .text._OffsetAbsSyms
                0x000000000000a918        0x2 zephyr/CMakeFiles/offsets.dir/./arch/arm/core/offsets/offsets.c.obj
                0x000000000000a918                _OffsetAbsSyms
 .text.get_chunk
                0x000000000000a91a       0x62 app/libapp.a(rx_sniff.c.obj)
                0x000000000000a91a                get_chunk
 .text.get_sts_mnth
                0x000000000000a97c       0x28 app/libapp.a(deca_device.c.obj)
 .text.dwt_writetodevice
                0x000000000000a9a4       0x12 app/libapp.a(deca_device.c.obj)
                0x000000000000a9a4                dwt_writetodevice
 .text.dwt_write32bitoffsetreg
                0x000000000000a9b6       0x2a app/libapp.a(deca_device.c.obj)
                0x000000000000a9b6                dwt_write32bitoffsetreg
 .text.dwt_write16bitoffsetreg
                0x000000000000a9e0       0x1e app/libapp.a(deca_device.c.obj)
                0x000000000000a9e0                dwt_write16bitoffsetreg
 .text.dwt_write8bitoffsetreg
                0x000000000000a9fe       0x1a app/libapp.a(deca_device.c.obj)
                0x000000000000a9fe                dwt_write8bitoffsetreg
 .text.dwt_readfromdevice
                0x000000000000aa18       0x10 app/libapp.a(deca_device.c.obj)
                0x000000000000aa18                dwt_readfromdevice
 .text.dwt_read32bitoffsetreg
                0x000000000000aa28       0x2e app/libapp.a(deca_device.c.obj)
                0x000000000000aa28                dwt_read32bitoffsetreg
 .text.dwt_read16bitoffsetreg
                0x000000000000aa56       0x22 app/libapp.a(deca_device.c.obj)
                0x000000000000aa56                dwt_read16bitoffsetreg
 .text.dwt_read8bitoffsetreg
                0x000000000000aa78       0x1a app/libapp.a(deca_device.c.obj)
                0x000000000000aa78                dwt_read8bitoffsetreg
 .text.dwt_modify32bitoffsetreg
                0x000000000000aa92       0x4e app/libapp.a(deca_device.c.obj)
                0x000000000000aa92                dwt_modify32bitoffsetreg
 .text.dwt_modify16bitoffsetreg
                0x000000000000aae0       0x2e app/libapp.a(deca_device.c.obj)
                0x000000000000aae0                dwt_modify16bitoffsetreg
 .text.dwt_modify8bitoffsetreg
                0x000000000000ab0e       0x22 app/libapp.a(deca_device.c.obj)
                0x000000000000ab0e                dwt_modify8bitoffsetreg
 .text.dwt_readdevid
                0x000000000000ab30        0xc app/libapp.a(deca_device.c.obj)
                0x000000000000ab30                dwt_readdevid
 .text.dwt_setplenfine
                0x000000000000ab3c        0xe app/libapp.a(deca_device.c.obj)
                0x000000000000ab3c                dwt_setplenfine
 .text.dwt_checkidlerc
                0x000000000000ab4a       0x10 app/libapp.a(deca_device.c.obj)
                0x000000000000ab4a                dwt_checkidlerc
 .text.dwt_rxenable
                0x000000000000ab5a       0xa8 app/libapp.a(deca_device.c.obj)
                0x000000000000ab5a                dwt_rxenable
 .text.z_impl_gpio_pin_configure
                0x000000000000ac02       0x50 app/libapp.a(port.c.obj)
 .text.gpio_pin_set_raw
                0x000000000000ac52       0x20 app/libapp.a(port.c.obj)
 .text.gpio_pin_set
                0x000000000000ac72       0x1a app/libapp.a(port.c.obj)
 .text.k_msleep
                0x000000000000ac8c       0x2c app/libapp.a(port.c.obj)
 .text.Sleep    0x000000000000acb8        0x8 app/libapp.a(port.c.obj)
                0x000000000000acb8                Sleep
 .text.spi_peripheral_init
                0x000000000000acc0        0x8 app/libapp.a(port.c.obj)
                0x000000000000acc0                spi_peripheral_init
 .text.port_set_dw_ic_spi_slowrate
                0x000000000000acc8        0x8 app/libapp.a(port.c.obj)
                0x000000000000acc8                port_set_dw_ic_spi_slowrate
 .text.port_set_dw_ic_spi_fastrate
                0x000000000000acd0        0x8 app/libapp.a(port.c.obj)
                0x000000000000acd0                port_set_dw_ic_spi_fastrate
 .text.deca_sleep
                0x000000000000acd8        0x8 app/libapp.a(deca_sleep.c.obj)
                0x000000000000acd8                deca_sleep
 .text.deca_usleep
                0x000000000000ace0        0x8 app/libapp.a(deca_sleep.c.obj)
                0x000000000000ace0                deca_usleep
 .text.gpio_pin_set_raw
                0x000000000000ace8       0x20 app/libapp.a(deca_spi.c.obj)
 .text.gpio_pin_set
                0x000000000000ad08       0x1a app/libapp.a(deca_spi.c.obj)
 .text.sizeArray
                0x000000000000ad22        0x6 app/libapp.a(deca_spi.c.obj)
                0x000000000000ad22                sizeArray
 .text.set_chunk_used
                0x000000000000ad28       0x38 zephyr/libzephyr.a(heap.c.obj)
 .text.free_list_add_bidx
                0x000000000000ad60       0xa4 zephyr/libzephyr.a(heap.c.obj)
 .text.free_list_add
                0x000000000000ae04       0x52 zephyr/libzephyr.a(heap.c.obj)
 .text.sys_heap_init
                0x000000000000ae56       0xfc zephyr/libzephyr.a(heap.c.obj)
                0x000000000000ae56                sys_heap_init
 .text.cbprintf_via_va_list
                0x000000000000af52        0xe zephyr/libzephyr.a(cbprintf_packaged.c.obj)
 .text.is_fmt_spec
                0x000000000000af60        0xe zephyr/libzephyr.a(cbprintf_packaged.c.obj)
 .text.get_package_len
                0x000000000000af6e       0x2a zephyr/libzephyr.a(cbprintf_packaged.c.obj)
 .text.append_string
                0x000000000000af98       0x2c zephyr/libzephyr.a(cbprintf_packaged.c.obj)
 .text.cbpprintf_external
                0x000000000000afc4       0x60 zephyr/libzephyr.a(cbprintf_packaged.c.obj)
                0x000000000000afc4                cbpprintf_external
 .text.is_ptr   0x000000000000b024       0x4e zephyr/libzephyr.a(cbprintf_packaged.c.obj)
                0x000000000000b024                is_ptr
 .text.arch_printk_char_out
                0x000000000000b072        0x4 zephyr/libzephyr.a(printk.c.obj)
                0x000000000000b072                arch_printk_char_out
 .text.vprintk  0x000000000000b076        0x8 zephyr/libzephyr.a(printk.c.obj)
                0x000000000000b076                vprintk
 .text.printk   0x000000000000b07e       0x1c zephyr/libzephyr.a(printk.c.obj)
                0x000000000000b07e                printk
 .text.free_space
                0x000000000000b09a       0x28 zephyr/libzephyr.a(mpsc_pbuf.c.obj)
 .text.available
                0x000000000000b0c2       0x24 zephyr/libzephyr.a(mpsc_pbuf.c.obj)
 .text.get_usage
                0x000000000000b0e6       0x24 zephyr/libzephyr.a(mpsc_pbuf.c.obj)
 .text.max_utilization_update
                0x000000000000b10a       0x26 zephyr/libzephyr.a(mpsc_pbuf.c.obj)
 .text.rd_idx_inc
                0x000000000000b130       0x26 zephyr/libzephyr.a(mpsc_pbuf.c.obj)
 .text.add_skip_item
                0x000000000000b156       0x66 zephyr/libzephyr.a(mpsc_pbuf.c.obj)
 .text.drop_item_locked
                0x000000000000b1bc      0x12a zephyr/libzephyr.a(mpsc_pbuf.c.obj)
 .text.post_drop_action
                0x000000000000b2e6       0x62 zephyr/libzephyr.a(mpsc_pbuf.c.obj)
 .text.mpsc_pbuf_init
                0x000000000000b348       0x42 zephyr/libzephyr.a(mpsc_pbuf.c.obj)
                0x000000000000b348                mpsc_pbuf_init
 .text.mpsc_pbuf_alloc
                0x000000000000b38a      0x130 zephyr/libzephyr.a(mpsc_pbuf.c.obj)
                0x000000000000b38a                mpsc_pbuf_alloc
 .text.mpsc_pbuf_commit
                0x000000000000b4ba       0x50 zephyr/libzephyr.a(mpsc_pbuf.c.obj)
                0x000000000000b4ba                mpsc_pbuf_commit
 .text.mpsc_pbuf_claim
                0x000000000000b50a       0xd0 zephyr/libzephyr.a(mpsc_pbuf.c.obj)
                0x000000000000b50a                mpsc_pbuf_claim
 .text.mpsc_pbuf_free
                0x000000000000b5da       0x88 zephyr/libzephyr.a(mpsc_pbuf.c.obj)
                0x000000000000b5da                mpsc_pbuf_free
 .text.mpsc_pbuf_is_pending
                0x000000000000b662       0x2c zephyr/libzephyr.a(mpsc_pbuf.c.obj)
                0x000000000000b662                mpsc_pbuf_is_pending
 .text.set_state
                0x000000000000b68e       0x10 zephyr/libzephyr.a(onoff.c.obj)
 .text.notify_monitors
                0x000000000000b69e       0x44 zephyr/libzephyr.a(onoff.c.obj)
 .text.process_recheck
                0x000000000000b6e2       0x32 zephyr/libzephyr.a(onoff.c.obj)
 .text.process_complete
                0x000000000000b714       0xa2 zephyr/libzephyr.a(onoff.c.obj)
 .text.validate_args
                0x000000000000b7b6       0x2a zephyr/libzephyr.a(onoff.c.obj)
 .text.notify_one
                0x000000000000b7e0       0x26 zephyr/libzephyr.a(onoff.c.obj)
 .text.notify_all
                0x000000000000b806       0x2e zephyr/libzephyr.a(onoff.c.obj)
 .text.transition_complete
                0x000000000000b834       0x1c zephyr/libzephyr.a(onoff.c.obj)
 .text.onoff_manager_init
                0x000000000000b850       0x3a zephyr/libzephyr.a(onoff.c.obj)
                0x000000000000b850                onoff_manager_init
 .text.onoff_request
                0x000000000000b88a       0xbe zephyr/libzephyr.a(onoff.c.obj)
                0x000000000000b88a                onoff_request
 .text.sys_notify_validate
                0x000000000000b948       0x2e zephyr/libzephyr.a(notify.c.obj)
                0x000000000000b948                sys_notify_validate
 .text.sys_notify_finalize
                0x000000000000b976       0x1a zephyr/libzephyr.a(notify.c.obj)
                0x000000000000b976                sys_notify_finalize
 .text._ConfigAbsSyms
                0x000000000000b990        0x2 zephyr/libzephyr.a(configs.c.obj)
                0x000000000000b990                _ConfigAbsSyms
 .text.log_msg_generic_get_wlen
                0x000000000000b992       0x20 zephyr/libzephyr.a(log_core.c.obj)
 .text.dummy_timestamp
                0x000000000000b9b2        0x4 zephyr/libzephyr.a(log_core.c.obj)
 .text.msg_filter_check
                0x000000000000b9b6        0x4 zephyr/libzephyr.a(log_core.c.obj)
 .text.default_get_timestamp
                0x000000000000b9ba        0x8 zephyr/libzephyr.a(log_core.c.obj)
 .text.k_msleep
                0x000000000000b9c2       0x2c zephyr/libzephyr.a(log_core.c.obj)
 .text.msg_alloc
                0x000000000000b9ee        0xc zephyr/libzephyr.a(log_core.c.obj)
 .text.msg_free
                0x000000000000b9fa        0x8 zephyr/libzephyr.a(log_core.c.obj)
 .text.msg_pending
                0x000000000000ba02        0x8 zephyr/libzephyr.a(log_core.c.obj)
 .text.z_log_vprintk
                0x000000000000ba0a       0x1e zephyr/libzephyr.a(log_core.c.obj)
                0x000000000000ba0a                z_log_vprintk
 .text.z_log_notify_drop
                0x000000000000ba28        0xa zephyr/libzephyr.a(log_core.c.obj)
 .text.z_log_msg_claim
                0x000000000000ba32        0x8 zephyr/libzephyr.a(log_core.c.obj)
                0x000000000000ba32                z_log_msg_claim
 .text.msg_commit
                0x000000000000ba3a        0xc zephyr/libzephyr.a(log_core.c.obj)
 .text.z_log_get_tag
                0x000000000000ba46        0x4 zephyr/libzephyr.a(log_core.c.obj)
                0x000000000000ba46                z_log_get_tag
 .text.z_cbprintf_cpy
                0x000000000000ba4a       0x2c zephyr/libzephyr.a(log_msg.c.obj)
 .text.z_log_msg_finalize
                0x000000000000ba76       0x2e zephyr/libzephyr.a(log_msg.c.obj)
                0x000000000000ba76                z_log_msg_finalize
 .text.z_log_msg_simple_create
                0x000000000000baa4       0x62 zephyr/libzephyr.a(log_msg.c.obj)
 .text.z_impl_z_log_msg_simple_create_0
                0x000000000000bb06       0x14 zephyr/libzephyr.a(log_msg.c.obj)
                0x000000000000bb06                z_impl_z_log_msg_simple_create_0
 .text.z_impl_z_log_msg_simple_create_1
                0x000000000000bb1a       0x16 zephyr/libzephyr.a(log_msg.c.obj)
                0x000000000000bb1a                z_impl_z_log_msg_simple_create_1
 .text.z_log_msg_static_create
                0x000000000000bb30        0x8 zephyr/libzephyr.a(log_msg.c.obj)
 .text.log_output_flush
                0x000000000000bb38       0x2e zephyr/libzephyr.a(log_output.c.obj)
 .text.out_func
                0x000000000000bb66       0x38 zephyr/libzephyr.a(log_output.c.obj)
 .text.cr_out_func
                0x000000000000bb9e       0x1e zephyr/libzephyr.a(log_output.c.obj)
 .text.color_prefix
                0x000000000000bbbc        0xc zephyr/libzephyr.a(log_output.c.obj)
 .text.color_postfix
                0x000000000000bbc8        0xc zephyr/libzephyr.a(log_output.c.obj)
 .text.postfix_print
                0x000000000000bbd4       0x18 zephyr/libzephyr.a(log_output.c.obj)
 .text.log_msg_hexdump
                0x000000000000bbec       0x36 zephyr/libzephyr.a(log_output.c.obj)
 .text.log_output_msg_process
                0x000000000000bc22       0x66 zephyr/libzephyr.a(log_output.c.obj)
                0x000000000000bc22                log_output_msg_process
 .text.log_output_flush
                0x000000000000bc88       0x2e zephyr/libzephyr.a(log_backend_rtt.c.obj)
 .text.k_msleep
                0x000000000000bcb6       0x2c zephyr/libzephyr.a(log_backend_rtt.c.obj)
 .text.log_output_flush
                0x000000000000bce2       0x2e zephyr/libzephyr.a(log_backend_uart.c.obj)
 .text.format_set
                0x000000000000bd10        0xc zephyr/libzephyr.a(log_backend_uart.c.obj)
 .text.log_backend_uart_init
                0x000000000000bd1c        0xc zephyr/libzephyr.a(log_backend_uart.c.obj)
 .text.panic    0x000000000000bd28       0x14 zephyr/libzephyr.a(log_backend_uart.c.obj)
 .text.dropped  0x000000000000bd3c        0xe zephyr/libzephyr.a(log_backend_uart.c.obj)
 .text.process  0x000000000000bd4a       0x1c zephyr/libzephyr.a(log_backend_uart.c.obj)
 .text.abort_function
                0x000000000000bd66        0x2 zephyr/libzephyr.a(nrf_cc3xx_platform_abort_zephyr.c.obj)
 .text.z_do_kernel_oops
                0x000000000000bd68        0xc zephyr/arch/arch/arm/core/libarch__arm__core.a(fatal.c.obj)
                0x000000000000bd68                z_do_kernel_oops
 .text.z_arm_nmi
                0x000000000000bd74        0xc zephyr/arch/arch/arm/core/libarch__arm__core.a(nmi.c.obj)
                0x000000000000bd74                z_arm_nmi
 .text.memory_fault_recoverable
                0x000000000000bd80        0x4 zephyr/arch/arch/arm/core/cortex_m/libarch__arm__core__cortex_m.a(fault.c.obj)
 .text.fault_handle
                0x000000000000bd84       0x4a zephyr/arch/arch/arm/core/cortex_m/libarch__arm__core__cortex_m.a(fault.c.obj)
 .text.arch_irq_enable
                0x000000000000bdce        0xa zephyr/arch/arch/arm/core/cortex_m/libarch__arm__core__cortex_m.a(irq_manage.c.obj)
                0x000000000000bdce                arch_irq_enable
 .text.arch_irq_disable
                0x000000000000bdd8        0xa zephyr/arch/arch/arm/core/cortex_m/libarch__arm__core__cortex_m.a(irq_manage.c.obj)
                0x000000000000bdd8                arch_irq_disable
 .text.z_arm_irq_priority_set
                0x000000000000bde2        0xc zephyr/arch/arch/arm/core/cortex_m/libarch__arm__core__cortex_m.a(irq_manage.c.obj)
                0x000000000000bde2                z_arm_irq_priority_set
 .text.z_irq_spurious
                0x000000000000bdee        0xc zephyr/arch/arch/arm/core/cortex_m/libarch__arm__core__cortex_m.a(irq_manage.c.obj)
                0x000000000000bdee                z_irq_spurious
 .text.arch_irq_unlock_outlined
                0x000000000000bdfa        0xe zephyr/arch/arch/arm/core/cortex_m/libarch__arm__core__cortex_m.a(thread.c.obj)
                0x000000000000bdfa                arch_irq_unlock_outlined
 .text.arch_cpu_idle
                0x000000000000be08       0x1a zephyr/arch/arch/arm/core/cortex_m/libarch__arm__core__cortex_m.a(cpu_idle.c.obj)
                0x000000000000be08                arch_cpu_idle
 .text.arch_cpu_atomic_idle
                0x000000000000be22       0x1e zephyr/arch/arch/arm/core/cortex_m/libarch__arm__core__cortex_m.a(cpu_idle.c.obj)
                0x000000000000be22                arch_cpu_atomic_idle
 .text.mpu_partition_is_valid
                0x000000000000be40       0x22 zephyr/arch/arch/arm/core/mpu/libarch__arm__core__mpu.a(arm_mpu.c.obj)
 .text.mpu_configure_region
                0x000000000000be62       0x3e zephyr/arch/arch/arm/core/mpu/libarch__arm__core__mpu.a(arm_mpu.c.obj)
 .text.mpu_configure_regions_from_dt
                0x000000000000bea0      0x1b0 zephyr/arch/arch/arm/core/mpu/libarch__arm__core__mpu.a(arm_mpu.c.obj)
 .text.arm_core_mpu_configure_static_mpu_regions
                0x000000000000c050        0x8 zephyr/arch/arch/arm/core/mpu/libarch__arm__core__mpu.a(arm_mpu.c.obj)
                0x000000000000c050                arm_core_mpu_configure_static_mpu_regions
 .text.arm_core_mpu_configure_dynamic_mpu_regions
                0x000000000000c058        0x8 zephyr/arch/arch/arm/core/mpu/libarch__arm__core__mpu.a(arm_mpu.c.obj)
                0x000000000000c058                arm_core_mpu_configure_dynamic_mpu_regions
 .text.cbputc   0x000000000000c060        0xc zephyr/lib/libc/picolibc/liblib__libc__picolibc.a(libc-hooks.c.obj)
 .text.picolibc_put
                0x000000000000c06c        0xa zephyr/lib/libc/picolibc/liblib__libc__picolibc.a(libc-hooks.c.obj)
 .text.nrf52_errata_197
                0x000000000000c076       0x20 zephyr/soc/soc/nrf52840/libsoc__nordic.a(soc.c.obj)
 .text.nrf_clock_is_running
                0x000000000000c096       0x38 zephyr/drivers/clock_control/libdrivers__clock_control.a(clock_control_nrf.c.obj)
 .text.get_sub_data
                0x000000000000c0ce        0xe zephyr/drivers/clock_control/libdrivers__clock_control.a(clock_control_nrf.c.obj)
 .text.get_sub_config
                0x000000000000c0dc        0xc zephyr/drivers/clock_control/libdrivers__clock_control.a(clock_control_nrf.c.obj)
 .text.get_onoff_manager
                0x000000000000c0e8        0xc zephyr/drivers/clock_control/libdrivers__clock_control.a(clock_control_nrf.c.obj)
 .text.get_status
                0x000000000000c0f4       0x10 zephyr/drivers/clock_control/libdrivers__clock_control.a(clock_control_nrf.c.obj)
 .text.set_off_state
                0x000000000000c104       0x30 zephyr/drivers/clock_control/libdrivers__clock_control.a(clock_control_nrf.c.obj)
 .text.set_starting_state
                0x000000000000c134       0x3a zephyr/drivers/clock_control/libdrivers__clock_control.a(clock_control_nrf.c.obj)
 .text.set_on_state
                0x000000000000c16e       0x24 zephyr/drivers/clock_control/libdrivers__clock_control.a(clock_control_nrf.c.obj)
 .text.clkstarted_handle
                0x000000000000c192       0x24 zephyr/drivers/clock_control/libdrivers__clock_control.a(clock_control_nrf.c.obj)
 .text.stop     0x000000000000c1b6       0x2a zephyr/drivers/clock_control/libdrivers__clock_control.a(clock_control_nrf.c.obj)
 .text.api_stop
                0x000000000000c1e0        0xa zephyr/drivers/clock_control/libdrivers__clock_control.a(clock_control_nrf.c.obj)
 .text.async_start
                0x000000000000c1ea       0x38 zephyr/drivers/clock_control/libdrivers__clock_control.a(clock_control_nrf.c.obj)
 .text.api_start
                0x000000000000c222       0x10 zephyr/drivers/clock_control/libdrivers__clock_control.a(clock_control_nrf.c.obj)
 .text.onoff_started_callback
                0x000000000000c232       0x10 zephyr/drivers/clock_control/libdrivers__clock_control.a(clock_control_nrf.c.obj)
 .text.hfclk_start
                0x000000000000c242        0xa zephyr/drivers/clock_control/libdrivers__clock_control.a(clock_control_nrf.c.obj)
 .text.lfclk_start
                0x000000000000c24c        0xa zephyr/drivers/clock_control/libdrivers__clock_control.a(clock_control_nrf.c.obj)
 .text.hfclk_stop
                0x000000000000c256        0xa zephyr/drivers/clock_control/libdrivers__clock_control.a(clock_control_nrf.c.obj)
 .text.lfclk_stop
                0x000000000000c260        0xa zephyr/drivers/clock_control/libdrivers__clock_control.a(clock_control_nrf.c.obj)
 .text.k_msleep
                0x000000000000c26a       0x2c zephyr/drivers/clock_control/libdrivers__clock_control.a(clock_control_nrf.c.obj)
 .text.blocking_start_callback
                0x000000000000c296        0xa zephyr/drivers/clock_control/libdrivers__clock_control.a(clock_control_nrf.c.obj)
 .text.sys_slist_remove
                0x000000000000c2a0       0x26 zephyr/drivers/gpio/libdrivers__gpio.a(gpio_nrfx.c.obj)
 .text.sys_slist_find_and_remove
                0x000000000000c2c6       0x20 zephyr/drivers/gpio/libdrivers__gpio.a(gpio_nrfx.c.obj)
 .text.gpio_manage_callback
                0x000000000000c2e6       0x3e zephyr/drivers/gpio/libdrivers__gpio.a(gpio_nrfx.c.obj)
 .text.gpio_fire_callbacks
                0x000000000000c324       0x40 zephyr/drivers/gpio/libdrivers__gpio.a(gpio_nrfx.c.obj)
 .text.has_gpiote
                0x000000000000c364        0xa zephyr/drivers/gpio/libdrivers__gpio.a(gpio_nrfx.c.obj)
 .text.get_pull
                0x000000000000c36e       0x18 zephyr/drivers/gpio/libdrivers__gpio.a(gpio_nrfx.c.obj)
 .text.gpio_nrfx_gpd_retain_set
                0x000000000000c386        0x4 zephyr/drivers/gpio/libdrivers__gpio.a(gpio_nrfx.c.obj)
 .text.gpio_nrfx_gpd_retain_clear
                0x000000000000c38a        0x4 zephyr/drivers/gpio/libdrivers__gpio.a(gpio_nrfx.c.obj)
 .text.gpio_nrfx_port_get_raw
                0x000000000000c38e        0xe zephyr/drivers/gpio/libdrivers__gpio.a(gpio_nrfx.c.obj)
 .text.gpio_nrfx_port_set_masked_raw
                0x000000000000c39c       0x34 zephyr/drivers/gpio/libdrivers__gpio.a(gpio_nrfx.c.obj)
 .text.gpio_nrfx_port_set_bits_raw
                0x000000000000c3d0       0x24 zephyr/drivers/gpio/libdrivers__gpio.a(gpio_nrfx.c.obj)
 .text.gpio_nrfx_port_clear_bits_raw
                0x000000000000c3f4       0x24 zephyr/drivers/gpio/libdrivers__gpio.a(gpio_nrfx.c.obj)
 .text.gpio_nrfx_port_toggle_bits
                0x000000000000c418       0x36 zephyr/drivers/gpio/libdrivers__gpio.a(gpio_nrfx.c.obj)
 .text.get_trigger
                0x000000000000c44e       0x2c zephyr/drivers/gpio/libdrivers__gpio.a(gpio_nrfx.c.obj)
 .text.gpio_nrfx_manage_callback
                0x000000000000c47a        0xc zephyr/drivers/gpio/libdrivers__gpio.a(gpio_nrfx.c.obj)
 .text.nrfx_gpio_handler
                0x000000000000c486       0x1e zephyr/drivers/gpio/libdrivers__gpio.a(gpio_nrfx.c.obj)
 .text.pinctrl_lookup_state
                0x000000000000c4a4       0x32 zephyr/drivers/pinctrl/libdrivers__pinctrl.a(common.c.obj)
                0x000000000000c4a4                pinctrl_lookup_state
 .text.nrf_gpio_pin_write
                0x000000000000c4d6       0x10 zephyr/drivers/pinctrl/libdrivers__pinctrl.a(pinctrl_nrf.c.obj)
 .text.pm_device_driver_init
                0x000000000000c4e6       0x24 zephyr/drivers/serial/libdrivers__serial.a(uart_nrfx_uarte.c.obj)
 .text.endtx_isr
                0x000000000000c50a       0x30 zephyr/drivers/serial/libdrivers__serial.a(uart_nrfx_uarte.c.obj)
 .text.uarte_nrfx_isr_int
                0x000000000000c53a       0x22 zephyr/drivers/serial/libdrivers__serial.a(uart_nrfx_uarte.c.obj)
 .text.uarte_nrfx_err_check
                0x000000000000c55c        0xe zephyr/drivers/serial/libdrivers__serial.a(uart_nrfx_uarte.c.obj)
 .text.is_tx_ready
                0x000000000000c56a       0x28 zephyr/drivers/serial/libdrivers__serial.a(uart_nrfx_uarte.c.obj)
 .text.uarte_periph_enable
                0x000000000000c592       0x26 zephyr/drivers/serial/libdrivers__serial.a(uart_nrfx_uarte.c.obj)
 .text.tx_start
                0x000000000000c5b8       0x24 zephyr/drivers/serial/libdrivers__serial.a(uart_nrfx_uarte.c.obj)
 .text.uarte_nrfx_poll_in
                0x000000000000c5dc       0x26 zephyr/drivers/serial/libdrivers__serial.a(uart_nrfx_uarte.c.obj)
 .text.k_msleep
                0x000000000000c602       0x2c zephyr/drivers/serial/libdrivers__serial.a(uart_nrfx_uarte.c.obj)
 .text.wait_tx_ready
                0x000000000000c62e       0x4a zephyr/drivers/serial/libdrivers__serial.a(uart_nrfx_uarte.c.obj)
 .text.pinctrl_apply_state
                0x000000000000c678       0x20 zephyr/drivers/serial/libdrivers__serial.a(uart_nrfx_uarte.c.obj)
 .text.uarte_pm_resume
                0x000000000000c698       0x16 zephyr/drivers/serial/libdrivers__serial.a(uart_nrfx_uarte.c.obj)
 .text.uarte_nrfx_pm_action
                0x000000000000c6ae       0x14 zephyr/drivers/serial/libdrivers__serial.a(uart_nrfx_uarte.c.obj)
 .text.uarte_tx_path_init
                0x000000000000c6c2       0x66 zephyr/drivers/serial/libdrivers__serial.a(uart_nrfx_uarte.c.obj)
 .text.uarte_0_init
                0x000000000000c728       0x1e zephyr/drivers/serial/libdrivers__serial.a(uart_nrfx_uarte.c.obj)
 .text.z_impl_gpio_pin_configure
                0x000000000000c746       0x50 zephyr/drivers/spi/libdrivers__spi.a(spi_nrfx_spi.c.obj)
 .text.gpio_pin_configure_dt
                0x000000000000c796       0x16 zephyr/drivers/spi/libdrivers__spi.a(spi_nrfx_spi.c.obj)
 .text.gpio_pin_set_raw
                0x000000000000c7ac       0x20 zephyr/drivers/spi/libdrivers__spi.a(spi_nrfx_spi.c.obj)
 .text.gpio_pin_set
                0x000000000000c7cc       0x1a zephyr/drivers/spi/libdrivers__spi.a(spi_nrfx_spi.c.obj)
 .text.nrf_gpio_pin_write
                0x000000000000c7e6       0x10 zephyr/drivers/spi/libdrivers__spi.a(spi_nrfx_spi.c.obj)
 .text.spi_context_get_next_buf
                0x000000000000c7f6       0x2e zephyr/drivers/spi/libdrivers__spi.a(spi_nrfx_spi.c.obj)
 .text.spi_context_buffers_setup
                0x000000000000c824       0x60 zephyr/drivers/spi/libdrivers__spi.a(spi_nrfx_spi.c.obj)
 .text._spi_context_cs_control
                0x000000000000c884       0x40 zephyr/drivers/spi/libdrivers__spi.a(spi_nrfx_spi.c.obj)
 .text.spi_context_unlock_unconditionally
                0x000000000000c8c4       0x1e zephyr/drivers/spi/libdrivers__spi.a(spi_nrfx_spi.c.obj)
 .text.spi_nrfx_release
                0x000000000000c8e2       0x24 zephyr/drivers/spi/libdrivers__spi.a(spi_nrfx_spi.c.obj)
 .text.finish_transaction