Archive member included to satisfy reference by file (symbol)

app/libapp.a(main.c.obj)      (--whole-archive)
app/libapp.a(config_options.c.obj)
                              (--whole-archive)
app/libapp.a(rx_sniff.c.obj)  (--whole-archive)
app/libapp.a(deca_device.c.obj)
                              (--whole-archive)
app/libapp.a(port.c.obj)      (--whole-archive)
app/libapp.a(deca_sleep.c.obj)
                              (--whole-archive)
app/libapp.a(deca_spi.c.obj)  (--whole-archive)
app/libapp.a(shared_functions.c.obj)
                              (--whole-archive)
zephyr/libzephyr.a(heap.c.obj)
                              (--whole-archive)
zephyr/libzephyr.a(cbprintf_packaged.c.obj)
                              (--whole-archive)
zephyr/libzephyr.a(printk.c.obj)
                              (--whole-archive)
zephyr/libzephyr.a(sem.c.obj)
                              (--whole-archive)
zephyr/libzephyr.a(thread_entry.c.obj)
                              (--whole-archive)
zephyr/libzephyr.a(cbprintf_complete.c.obj)
                              (--whole-archive)
zephyr/libzephyr.a(assert.c.obj)
                              (--whole-archive)
zephyr/libzephyr.a(mpsc_pbuf.c.obj)
                              (--whole-archive)
zephyr/libzephyr.a(dec.c.obj)
                              (--whole-archive)
zephyr/libzephyr.a(hex.c.obj)
                              (--whole-archive)
zephyr/libzephyr.a(rb.c.obj)  (--whole-archive)
zephyr/libzephyr.a(timeutil.c.obj)
                              (--whole-archive)
zephyr/libzephyr.a(bitarray.c.obj)
                              (--whole-archive)
zephyr/libzephyr.a(onoff.c.obj)
                              (--whole-archive)
zephyr/libzephyr.a(notify.c.obj)
                              (--whole-archive)
zephyr/libzephyr.a(configs.c.obj)
                              (--whole-archive)
zephyr/libzephyr.a(log_core.c.obj)
                              (--whole-archive)
zephyr/libzephyr.a(log_mgmt.c.obj)
                              (--whole-archive)
zephyr/libzephyr.a(log_cache.c.obj)
                              (--whole-archive)
zephyr/libzephyr.a(log_msg.c.obj)
                              (--whole-archive)
zephyr/libzephyr.a(log_output.c.obj)
                              (--whole-archive)
zephyr/libzephyr.a(log_backend_rtt.c.obj)
                              (--whole-archive)
zephyr/libzephyr.a(log_backend_uart.c.obj)
                              (--whole-archive)
zephyr/libzephyr.a(mem_attr.c.obj)
                              (--whole-archive)
zephyr/libzephyr.a(tracing_none.c.obj)
                              (--whole-archive)
zephyr/libzephyr.a(banner.c.obj)
                              (--whole-archive)
zephyr/libzephyr.a(flash_map_partition_manager.c.obj)
                              (--whole-archive)
zephyr/libzephyr.a(nrf_cc3xx_platform_abort_zephyr.c.obj)
                              (--whole-archive)
zephyr/libzephyr.a(nrf_cc3xx_platform_mutex_zephyr.c.obj)
                              (--whole-archive)
zephyr/arch/common/libarch__common.a(sw_isr_common.c.obj)
                              (--whole-archive)
zephyr/arch/arch/arm/core/libarch__arm__core.a(fatal.c.obj)
                              (--whole-archive)
zephyr/arch/arch/arm/core/libarch__arm__core.a(nmi.c.obj)
                              (--whole-archive)
zephyr/arch/arch/arm/core/libarch__arm__core.a(nmi_on_reset.S.obj)
                              (--whole-archive)
zephyr/arch/arch/arm/core/libarch__arm__core.a(tls.c.obj)
                              (--whole-archive)
zephyr/arch/arch/arm/core/cortex_m/libarch__arm__core__cortex_m.a(exc_exit.c.obj)
                              (--whole-archive)
zephyr/arch/arch/arm/core/cortex_m/libarch__arm__core__cortex_m.a(fault.c.obj)
                              (--whole-archive)
zephyr/arch/arch/arm/core/cortex_m/libarch__arm__core__cortex_m.a(fault_s.S.obj)
                              (--whole-archive)
zephyr/arch/arch/arm/core/cortex_m/libarch__arm__core__cortex_m.a(fpu.c.obj)
                              (--whole-archive)
zephyr/arch/arch/arm/core/cortex_m/libarch__arm__core__cortex_m.a(reset.S.obj)
                              (--whole-archive)
zephyr/arch/arch/arm/core/cortex_m/libarch__arm__core__cortex_m.a(scb.c.obj)
                              (--whole-archive)
zephyr/arch/arch/arm/core/cortex_m/libarch__arm__core__cortex_m.a(thread_abort.c.obj)
                              (--whole-archive)
zephyr/arch/arch/arm/core/cortex_m/libarch__arm__core__cortex_m.a(vector_table.S.obj)
                              (--whole-archive)
zephyr/arch/arch/arm/core/cortex_m/libarch__arm__core__cortex_m.a(swap.c.obj)
                              (--whole-archive)
zephyr/arch/arch/arm/core/cortex_m/libarch__arm__core__cortex_m.a(swap_helper.S.obj)
                              (--whole-archive)
zephyr/arch/arch/arm/core/cortex_m/libarch__arm__core__cortex_m.a(irq_manage.c.obj)
                              (--whole-archive)
[...]
Memory Configuration

Name             Origin             Length             Attributes
FLASH            0x0000000000000000 0x0000000000100000 xr
RAM              0x0000000020000000 0x0000000000040000 xw
IDT_LIST         0x00000000ffff7fff 0x0000000000008000 xw
*default*        0x0000000000000000 0xffffffffffffffff

Linker script and memory map

                0x000000000000a8fc                vfprintf = __l_vfprintf
                0x0000000000000000                vfscanf = __l_vfscanf
LOAD zephyr/CMakeFiles/zephyr_pre0.dir/misc/empty_file.c.obj
LOAD zephyr/CMakeFiles/offsets.dir/./arch/arm/core/offsets/offsets.c.obj
LOAD app/libapp.a
LOAD zephyr/libzephyr.a
LOAD zephyr/arch/common/libarch__common.a
LOAD zephyr/arch/arch/arm/core/libarch__arm__core.a
LOAD zephyr/arch/arch/arm/core/cortex_m/libarch__arm__core__cortex_m.a
LOAD zephyr/arch/arch/arm/core/mpu/libarch__arm__core__mpu.a
LOAD zephyr/lib/libc/picolibc/liblib__libc__picolibc.a
LOAD zephyr/lib/libc/common/liblib__libc__common.a
LOAD zephyr/soc/soc/nrf52840/libsoc__nordic.a
LOAD zephyr/drivers/clock_control/libdrivers__clock_control.a
LOAD zephyr/drivers/console/libdrivers__console.a
LOAD zephyr/drivers/gpio/libdrivers__gpio.a
LOAD zephyr/drivers/pinctrl/libdrivers__pinctrl.a
LOAD zephyr/drivers/serial/libdrivers__serial.a
LOAD zephyr/drivers/spi/libdrivers__spi.a
LOAD zephyr/drivers/timer/libdrivers__timer.a
LOAD modules/nrf/drivers/hw_cc3xx/lib..__nrf__drivers__hw_cc3xx.a
LOAD modules/hal_nordic/nrfx/libmodules__hal_nordic__nrfx.a
LOAD modules/segger/libmodules__segger.a
LOAD zephyr/kernel/libkernel.a
LOAD zephyr/arch/common/libisr_tables.a
LOAD D:/Downloads/nordictest/sdk/nrfxlib/crypto/nrf_cc310_platform/lib/cortex-m4/soft-float/no-interrupts/libnrf_cc310_platform_0.9.19.a
LOAD c:\ncs\toolchains\b620d30767\opt\zephyr-sdk\arm-zephyr-eabi\bin\../lib/gcc/../../picolibc/arm-zephyr-eabi/lib/thumb/v7e-m/nofp\libc.a
LOAD c:/ncs/toolchains/b620d30767/opt/zephyr-sdk/arm-zephyr-eabi/bin/../lib/gcc/arm-zephyr-eabi/12.2.0/thumb/v7e-m/nofp\libgcc.a
                0x0000000000000020                _region_min_align = 0x20

.rel.plt        0x0000000000000000        0x0
 *(SORT_BY_ALIGNMENT(.rel.plt))
                [!provide]                        PROVIDE (__rel_iplt_start = .)
 *(SORT_BY_ALIGNMENT(.rel.iplt))
 .rel.iplt      0x0000000000000000        0x0 app/libapp.a(main.c.obj)
                [!provide]                        PROVIDE (__rel_iplt_end = .)

.rela.plt       0x0000000000000000        0x0
 *(SORT_BY_ALIGNMENT(.rela.plt))
                [!provide]                        PROVIDE (__rela_iplt_start = .)
 *(SORT_BY_ALIGNMENT(.rela.iplt))
                [!provide]                        PROVIDE (__rela_iplt_end = .)

.rel.dyn
 *(SORT_BY_ALIGNMENT(.rel.*))

.rela.dyn
 *(SORT_BY_ALIGNMENT(.rela.*))

/DISCARD/
 *(SORT_BY_ALIGNMENT(.plt))

/DISCARD/
 *(SORT_BY_ALIGNMENT(.iplt))
                0x0000000000000000                __rom_region_start = 0x0

rom_start       0x0000000000000000      0x100
                0x0000000000000000                __rom_start_address = .
 FILL mask 0x00
                0x0000000000000000                . = (. + (0x0 - (. - __rom_start_address)))
                0x0000000000000000                . = ALIGN (0x4)
                0x0000000000000000                . = ALIGN (0x80)
                0x0000000000000000                . = ALIGN (0x100)
                0x0000000000000000                _vector_start = .
 *(SORT_BY_ALIGNMENT(.exc_vector_table))
 *(SORT_BY_ALIGNMENT(.exc_vector_table.*))
 .exc_vector_table._vector_table_section
                0x0000000000000000       0x40 zephyr/arch/arch/arm/core/cortex_m/libarch__arm__core__cortex_m.a(vector_table.S.obj)
                0x0000000000000000                _vector_table
 *(SORT_BY_ALIGNMENT(.vectors))
                0x0000000000000100                _vector_end = .
                0x0000000000000040                . = ALIGN (0x4)
 *(SORT_BY_ALIGNMENT(.gnu.linkonce.irq_vector_table*))
 .gnu.linkonce.irq_vector_table
                0x0000000000000040       0xc0 zephyr/arch/common/libisr_tables.a(isr_tables.c.obj)
                0x0000000000000040                _irq_vector_table
                0x0000000000000100                _vector_end = .

text            0x0000000000000100     0xe56c
                0x0000000000000100                __text_region_start = .
 *(SORT_BY_ALIGNMENT(.text))
 .text          0x0000000000000100      0x21c c:/ncs/toolchains/b620d30767/opt/zephyr-sdk/arm-zephyr-eabi/bin/../lib/gcc/arm-zephyr-eabi/12.2.0/thumb/v7e-m/nofp\libgcc.a(_arm_addsubsf3.o)
                0x0000000000000100                __aeabi_frsub
                0x0000000000000108                __subsf3
                0x0000000000000108                __aeabi_fsub
                0x000000000000010c                __aeabi_fadd
                0x000000000000010c                __addsf3
                0x000000000000026c                __aeabi_ui2f
                0x000000000000026c                __floatunsisf
                0x0000000000000274                __aeabi_i2f
                0x0000000000000274                __floatsisf
                0x0000000000000290                __aeabi_ul2f
                0x0000000000000290                __floatundisf
                0x00000000000002a0                __aeabi_l2f
                0x00000000000002a0                __floatdisf
 .text          0x000000000000031c      0x2a0 c:/ncs/toolchains/b620d30767/opt/zephyr-sdk/arm-zephyr-eabi/bin/../lib/gcc/arm-zephyr-eabi/12.2.0/thumb/v7e-m/nofp\libgcc.a(_arm_muldivsf3.o)
                0x000000000000031c                __mulsf3
                0x000000000000031c                __aeabi_fmul
                0x0000000000000484                __aeabi_fdiv
                0x0000000000000484                __divsf3
 .text          0x00000000000005bc       0x4c c:/ncs/toolchains/b620d30767/opt/zephyr-sdk/arm-zephyr-eabi/bin/../lib/gcc/arm-zephyr-eabi/12.2.0/thumb/v7e-m/nofp\libgcc.a(_arm_fixsfsi.o)
                0x00000000000005bc                __aeabi_f2iz
                0x00000000000005bc                __fixsfsi
 .text          0x0000000000000608       0x30 c:/ncs/toolchains/b620d30767/opt/zephyr-sdk/arm-zephyr-eabi/bin/../lib/gcc/arm-zephyr-eabi/12.2.0/thumb/v7e-m/nofp\libgcc.a(_aeabi_uldivmod.o)
                0x0000000000000608                __aeabi_uldivmod
 .text          0x0000000000000638        0x4 c:/ncs/toolchains/b620d30767/opt/zephyr-sdk/arm-zephyr-eabi/bin/../lib/gcc/arm-zephyr-eabi/12.2.0/thumb/v7e-m/nofp\libgcc.a(_dvmd_tls.o)
                0x0000000000000638                __aeabi_idiv0
                0x0000000000000638                __aeabi_ldiv0
 .text          0x000000000000063c       0x14 c:\ncs\toolchains\b620d30767\opt\zephyr-sdk\arm-zephyr-eabi\bin\../lib/gcc/../../picolibc/arm-zephyr-eabi/lib/thumb/v7e-m/nofp\libc.a(strcmp.S.o)
                0x000000000000063c                strcmp
 .text          0x0000000000000650       0x10 c:\ncs\toolchains\b620d30767\opt\zephyr-sdk\arm-zephyr-eabi\bin\../lib/gcc/../../picolibc/arm-zephyr-eabi/lib/thumb/v7e-m/nofp\libc.a(strlen.S.o)
                0x0000000000000650                strlen
 .text          0x0000000000000660      0x2a0 c:/ncs/toolchains/b620d30767/opt/zephyr-sdk/arm-zephyr-eabi/bin/../lib/gcc/arm-zephyr-eabi/12.2.0/thumb/v7e-m/nofp\libgcc.a(_udivmoddi4.o)
                0x0000000000000660                __udivmoddi4
 *(SORT_BY_ALIGNMENT(.text.*))
 .text.main_thread
                0x0000000000000900       0xd4 app/libapp.a(main.c.obj)
                0x0000000000000900                main_thread
 .text.rx_ok_cb
                0x00000000000009d4       0x94 app/libapp.a(rx_sniff.c.obj)
 .text.rx_err_cb
                0x0000000000000a68       0xc8 app/libapp.a(rx_sniff.c.obj)
 .text.rx_to_cb
                0x0000000000000b30       0xc8 app/libapp.a(rx_sniff.c.obj)
 .text.app_main
                0x0000000000000bf8      0x114 app/libapp.a(rx_sniff.c.obj)
                0x0000000000000bf8                app_main
 .text.dwt_generatecrc8
                0x0000000000000d0c       0x28 app/libapp.a(deca_device.c.obj)
                0x0000000000000d0c                dwt_generatecrc8
 .text.dwt_xfer3000
                0x0000000000000d34       0xfc app/libapp.a(deca_device.c.obj)
 .text.dwt_disable_rftx_blocks
                0x0000000000000e30       0x14 app/libapp.a(deca_device.c.obj)
 .text.dwt_disable_rf_tx
                0x0000000000000e44       0x34 app/libapp.a(deca_device.c.obj)
 .text.dwt_force_clocks
                0x0000000000000e78       0x30 app/libapp.a(deca_device.c.obj)
 .text._dwt_otpread
                0x0000000000000ea8       0x3c app/libapp.a(deca_device.c.obj)
 .text._dwt_kick_dgc_on_wakeup
                0x0000000000000ee4       0x34 app/libapp.a(deca_device.c.obj)
 .text.dwt_enable_rf_tx
                0x0000000000000f18       0x74 app/libapp.a(deca_device.c.obj)
 .text.dwt_enable_rftx_blocks
                0x0000000000000f8c       0x38 app/libapp.a(deca_device.c.obj)
 .text._dwt_prog_ldo_and_bias_tune
                0x0000000000000fc4       0x34 app/libapp.a(deca_device.c.obj)
 .text.dwt_setdwstate
                0x0000000000000ff8       0x84 app/libapp.a(deca_device.c.obj)
                0x0000000000000ff8                dwt_setdwstate
 .text.dwt_configmrxlut
                0x000000000000107c       0xec app/libapp.a(deca_device.c.obj)
                0x000000000000107c                dwt_configmrxlut
 .text.dwt_run_pgfcal
                0x0000000000001168       0xb0 app/libapp.a(deca_device.c.obj)
                0x0000000000001168                dwt_run_pgfcal
 .text.dwt_pgf_cal
                0x0000000000001218       0x48 app/libapp.a(deca_device.c.obj)
                0x0000000000001218                dwt_pgf_cal
 .text.dwt_writetxdata
                0x0000000000001260       0x58 app/libapp.a(deca_device.c.obj)
                0x0000000000001260                dwt_writetxdata
 .text.dwt_writetxfctrl
                0x00000000000012b8       0x40 app/libapp.a(deca_device.c.obj)
                0x00000000000012b8                dwt_writetxfctrl
 .text.dwt_configure
                0x00000000000012f8      0x38c app/libapp.a(deca_device.c.obj)
                0x00000000000012f8                dwt_configure
 .text.dwt_readrxdata
                0x0000000000001684       0x64 app/libapp.a(deca_device.c.obj)
                0x0000000000001684                dwt_readrxdata
 .text.dwt_clearaonconfig
                0x00000000000016e8       0x38 app/libapp.a(deca_device.c.obj)
                0x00000000000016e8                dwt_clearaonconfig
 .text.dwt_check_dev_id
                0x0000000000001720       0x3c app/libapp.a(deca_device.c.obj)
                0x0000000000001720                dwt_check_dev_id
 .text.dwt_initialise
                0x000000000000175c      0x120 app/libapp.a(deca_device.c.obj)
                0x000000000000175c                dwt_initialise
 .text.dwt_signal_rx_buff_free
                0x000000000000187c       0x28 app/libapp.a(deca_device.c.obj)
                0x000000000000187c                dwt_signal_rx_buff_free
 .text.dwt_setrxaftertxdelay
                0x00000000000018a4       0x28 app/libapp.a(deca_device.c.obj)
                0x00000000000018a4                dwt_setrxaftertxdelay
 .text.dwt_setcallbacks
                0x00000000000018cc       0x20 app/libapp.a(deca_device.c.obj)
                0x00000000000018cc                dwt_setcallbacks
 .text.dwt_isr  0x00000000000018ec      0x2a4 app/libapp.a(deca_device.c.obj)
                0x00000000000018ec                dwt_isr
 .text.dwt_setleds
                0x0000000000001b90       0x80 app/libapp.a(deca_device.c.obj)
                0x0000000000001b90                dwt_setleds
 .text.dwt_starttx
                0x0000000000001c10      0x13c app/libapp.a(deca_device.c.obj)
                0x0000000000001c10                dwt_starttx
 .text.dwt_softreset
                0x0000000000001d4c       0x40 app/libapp.a(deca_device.c.obj)
                0x0000000000001d4c                dwt_softreset
 .text.dwt_calcbandwidthadj
                0x0000000000001d8c       0x6c app/libapp.a(deca_device.c.obj)
                0x0000000000001d8c                dwt_calcbandwidthadj
 .text.dwt_configuretxrf
                0x0000000000001df8       0x48 app/libapp.a(deca_device.c.obj)
                0x0000000000001df8                dwt_configuretxrf
 .text.z_impl_gpio_pin_interrupt_configure
                0x0000000000001e40       0x34 app/libapp.a(port.c.obj)
 .text.peripherals_init
                0x0000000000001e74      0x95c app/libapp.a(port.c.obj)
                0x0000000000001e74                peripherals_init
 .text.reset_DWIC
                0x00000000000027d0       0xcc app/libapp.a(port.c.obj)
                0x00000000000027d0                reset_DWIC
 .text.port_set_dwic_isr
                0x000000000000289c      0x1c0 app/libapp.a(port.c.obj)
                0x000000000000289c                port_set_dwic_isr
 .text.openspi  0x0000000000002a5c      0x308 app/libapp.a(deca_spi.c.obj)
                0x0000000000002a5c                openspi
 .text.set_spi_speed_slow
                0x0000000000002d64       0x40 app/libapp.a(deca_spi.c.obj)
                0x0000000000002d64                set_spi_speed_slow
 .text.set_spi_speed_fast
                0x0000000000002da4       0x44 app/libapp.a(deca_spi.c.obj)
                0x0000000000002da4                set_spi_speed_fast
 .text.writetospiwithcrc
                0x0000000000002de8       0x74 app/libapp.a(deca_spi.c.obj)
                0x0000000000002de8                writetospiwithcrc
 .text.writetospi
                0x0000000000002e5c       0x54 app/libapp.a(deca_spi.c.obj)
                0x0000000000002e5c                writetospi
 .text.readfromspi
                0x0000000000002eb0       0x84 app/libapp.a(deca_spi.c.obj)
                0x0000000000002eb0                readfromspi
 .text.cbvprintf_package
                0x0000000000002f34      0x4b8 zephyr/libzephyr.a(cbprintf_packaged.c.obj)
                0x0000000000002f34                cbvprintf_package
 .text.cbprintf_package_convert
                0x00000000000033ec      0x4b4 zephyr/libzephyr.a(cbprintf_packaged.c.obj)
                0x00000000000033ec                cbprintf_package_convert
 .text.__printk_hook_install
                0x00000000000038a0        0xc zephyr/libzephyr.a(printk.c.obj)
                0x00000000000038a0                __printk_hook_install
 .text.z_thread_entry
                0x00000000000038ac       0x34 zephyr/libzephyr.a(thread_entry.c.obj)
                0x00000000000038ac                z_thread_entry
 .text.process_event
                0x00000000000038e0      0x16c zephyr/libzephyr.a(onoff.c.obj)
 .text.msg_process
                0x0000000000003a4c       0x3c zephyr/libzephyr.a(log_core.c.obj)
 .text.log_backend_notify_all
                0x0000000000003a88       0x30 zephyr/libzephyr.a(log_core.c.obj)
 .text.activate_foreach_backend
                0x0000000000003ab8       0x64 zephyr/libzephyr.a(log_core.c.obj)
 .text.z_log_init
                0x0000000000003b1c       0x98 zephyr/libzephyr.a(log_core.c.obj)
 .text.thread_set
                0x0000000000003bb4       0x28 zephyr/libzephyr.a(log_core.c.obj)
 .text.log_process_thread_timer_expiry_fn
                0x0000000000003bdc       0x10 zephyr/libzephyr.a(log_core.c.obj)
 .text.enable_logger
                0x0000000000003bec       0x5c zephyr/libzephyr.a(log_core.c.obj)
 .text.log_format_func_t_get
                0x0000000000003c48        0xc zephyr/libzephyr.a(log_core.c.obj)
                0x0000000000003c48                log_format_func_t_get
 .text.log_set_timestamp_func
                0x0000000000003c54       0x24 zephyr/libzephyr.a(log_core.c.obj)
                0x0000000000003c54                log_set_timestamp_func
 .text.z_log_notify_backend_enabled
                0x0000000000003c78       0x20 zephyr/libzephyr.a(log_core.c.obj)
                0x0000000000003c78                z_log_notify_backend_enabled
 .text.z_log_dropped
                0x0000000000003c98       0x54 zephyr/libzephyr.a(log_core.c.obj)
                0x0000000000003c98                z_log_dropped
 .text.z_log_dropped_read_and_clear
                0x0000000000003cec       0x20 zephyr/libzephyr.a(log_core.c.obj)
                0x0000000000003cec                z_log_dropped_read_and_clear
 .text.dropped_notify
                0x0000000000003d0c       0x38 zephyr/libzephyr.a(log_core.c.obj)
                0x0000000000003d0c                dropped_notify
 .text.z_log_dropped_pending
                0x0000000000003d44       0x14 zephyr/libzephyr.a(log_core.c.obj)
                0x0000000000003d44                z_log_dropped_pending
 .text.z_log_msg_init
                0x0000000000003d58       0x20 zephyr/libzephyr.a(log_core.c.obj)
                0x0000000000003d58                z_log_msg_init
 .text.log_core_init
                0x0000000000003d78       0x30 zephyr/libzephyr.a(log_core.c.obj)
                0x0000000000003d78                log_core_init
 .text.z_log_msg_alloc
                0x0000000000003da8       0x10 zephyr/libzephyr.a(log_core.c.obj)
                0x0000000000003da8                z_log_msg_alloc
 .text.z_log_msg_local_claim
                0x0000000000003db8       0x10 zephyr/libzephyr.a(log_core.c.obj)
                0x0000000000003db8                z_log_msg_local_claim
 .text.z_log_msg_free
                0x0000000000003dc8       0x14 zephyr/libzephyr.a(log_core.c.obj)
                0x0000000000003dc8                z_log_msg_free
 .text.z_log_msg_pending
                0x0000000000003ddc       0x10 zephyr/libzephyr.a(log_core.c.obj)
                0x0000000000003ddc                z_log_msg_pending
 .text.z_impl_log_process
                0x0000000000003dec       0xbc zephyr/libzephyr.a(log_core.c.obj)
                0x0000000000003dec                z_impl_log_process
 .text.z_impl_log_panic
                0x0000000000003ea8       0x4c zephyr/libzephyr.a(log_core.c.obj)
                0x0000000000003ea8                z_impl_log_panic
 .text.z_log_msg_post_finalize
                0x0000000000003ef4       0x84 zephyr/libzephyr.a(log_core.c.obj)
 .text.z_log_msg_commit
                0x0000000000003f78       0x20 zephyr/libzephyr.a(log_core.c.obj)
                0x0000000000003f78                z_log_msg_commit
 .text.log_process_thread_func
                0x0000000000003f98       0x78 zephyr/libzephyr.a(log_core.c.obj)
 .text.log_src_cnt_get
                0x0000000000004010       0x14 zephyr/libzephyr.a(log_mgmt.c.obj)
                0x0000000000004010                log_src_cnt_get
 .text.log_source_name_get
                0x0000000000004024       0x1c zephyr/libzephyr.a(log_mgmt.c.obj)
                0x0000000000004024                log_source_name_get
 .text.log_backend_enable
                0x0000000000004040       0x2c zephyr/libzephyr.a(log_mgmt.c.obj)
                0x0000000000004040                log_backend_enable
 .text.cbprintf_package_copy
                0x000000000000406c       0x30 zephyr/libzephyr.a(log_msg.c.obj)
 .text.z_impl_z_log_msg_static_create
                0x000000000000409c      0x158 zephyr/libzephyr.a(log_msg.c.obj)
                0x000000000000409c                z_impl_z_log_msg_static_create
 .text.z_log_msg_runtime_vcreate
                0x00000000000041f4       0xac zephyr/libzephyr.a(log_msg.c.obj)
                0x00000000000041f4                z_log_msg_runtime_vcreate
 .text.log_msg_get_source_id
                0x00000000000042a0       0x18 zephyr/libzephyr.a(log_msg.c.obj)
                0x00000000000042a0                log_msg_get_source_id
 .text.print_formatted
                0x00000000000042b8       0x24 zephyr/libzephyr.a(log_output.c.obj)
 .text.timestamp_print
                0x00000000000042dc       0x8c zephyr/libzephyr.a(log_output.c.obj)
 .text.color_print
                0x0000000000004368       0x2c zephyr/libzephyr.a(log_output.c.obj)
 .text.ids_print
                0x0000000000004394       0x70 zephyr/libzephyr.a(log_output.c.obj)
 .text.prefix_print
                0x0000000000004404       0x88 zephyr/libzephyr.a(log_output.c.obj)
 .text.newline_print
                0x000000000000448c       0x28 zephyr/libzephyr.a(log_output.c.obj)
 .text.hexdump_line_print
                0x00000000000044b4       0xc4 zephyr/libzephyr.a(log_output.c.obj)
 .text.log_output_process
                0x0000000000004578       0x88 zephyr/libzephyr.a(log_output.c.obj)
                0x0000000000004578                log_output_process
 .text.log_output_dropped_process
                0x0000000000004600       0x84 zephyr/libzephyr.a(log_output.c.obj)
                0x0000000000004600                log_output_dropped_process
 .text.log_output_timestamp_freq_set
                0x0000000000004684       0x2c zephyr/libzephyr.a(log_output.c.obj)
                0x0000000000004684                log_output_timestamp_freq_set
 .text.log_backend_rtt_init
                0x00000000000046b0       0x1c zephyr/libzephyr.a(log_backend_rtt.c.obj)
 .text.panic    0x00000000000046cc       0x18 zephyr/libzephyr.a(log_backend_rtt.c.obj)
 .text.format_set
                0x00000000000046e4        0xc zephyr/libzephyr.a(log_backend_rtt.c.obj)
 .text.on_failed_write
                0x00000000000046f0       0x2c zephyr/libzephyr.a(log_backend_rtt.c.obj)
 .text.on_write
                0x000000000000471c       0x38 zephyr/libzephyr.a(log_backend_rtt.c.obj)
 .text.data_out_block_mode
                0x0000000000004754       0x70 zephyr/libzephyr.a(log_backend_rtt.c.obj)
 .text.dropped  0x00000000000047c4       0x10 zephyr/libzephyr.a(log_backend_rtt.c.obj)
 .text.process  0x00000000000047d4       0x20 zephyr/libzephyr.a(log_backend_rtt.c.obj)
 .text.char_out
                0x00000000000047f4       0x24 zephyr/libzephyr.a(log_backend_uart.c.obj)
 .text.mem_attr_get_regions
                0x0000000000004818        0xc zephyr/libzephyr.a(mem_attr.c.obj)
                0x0000000000004818                mem_attr_get_regions
 .text.boot_banner
                0x0000000000004824       0x18 zephyr/libzephyr.a(banner.c.obj)
                0x0000000000004824                boot_banner
 .text.nrf_cc3xx_platform_abort_init
                0x000000000000483c       0x10 zephyr/libzephyr.a(nrf_cc3xx_platform_abort_zephyr.c.obj)
                0x000000000000483c                nrf_cc3xx_platform_abort_init
 .text.mutex_flags_unknown
                0x000000000000484c       0x50 zephyr/libzephyr.a(nrf_cc3xx_platform_mutex_zephyr.c.obj)
 .text.mutex_unlock_platform
                0x000000000000489c       0x58 zephyr/libzephyr.a(nrf_cc3xx_platform_mutex_zephyr.c.obj)
 .text.mutex_lock_platform
                0x00000000000048f4       0x64 zephyr/libzephyr.a(nrf_cc3xx_platform_mutex_zephyr.c.obj)
 .text.mutex_free_platform
                0x0000000000004958       0x5c zephyr/libzephyr.a(nrf_cc3xx_platform_mutex_zephyr.c.obj)
 .text.mutex_init_platform
                0x00000000000049b4       0x88 zephyr/libzephyr.a(nrf_cc3xx_platform_mutex_zephyr.c.obj)
 .text.nrf_cc3xx_platform_mutex_init
                0x0000000000004a3c       0x28 zephyr/libzephyr.a(nrf_cc3xx_platform_mutex_zephyr.c.obj)
                0x0000000000004a3c                nrf_cc3xx_platform_mutex_init
 .text.esf_dump
                0x0000000000004a64      0x160 zephyr/arch/arch/arm/core/libarch__arm__core.a(fatal.c.obj)
 .text.z_arm_fatal_error
                0x0000000000004bc4       0x38 zephyr/arch/arch/arm/core/libarch__arm__core.a(fatal.c.obj)
                0x0000000000004bc4                z_arm_fatal_error
 .text.z_SysNmiOnReset
                0x0000000000004bfc        0x8 zephyr/arch/arch/arm/core/libarch__arm__core.a(nmi_on_reset.S.obj)
                0x0000000000004bfc                z_SysNmiOnReset
 .text.z_tls_copy
                0x0000000000004c04       0x28 zephyr/arch/arch/arm/core/libarch__arm__core.a(tls.c.obj)
 .text.arch_tls_stack_setup
                0x0000000000004c2c       0x24 zephyr/arch/arch/arm/core/libarch__arm__core.a(tls.c.obj)
                0x0000000000004c2c                arch_tls_stack_setup
 .text._HandlerModeExit
                0x0000000000004c50       0x28 zephyr/arch/arch/arm/core/cortex_m/libarch__arm__core__cortex_m.a(exc_exit.c.obj)
                0x0000000000004c50                z_arm_int_exit
                0x0000000000004c50                z_arm_exc_exit
 .text.z_arm_is_synchronous_svc
                0x0000000000004c78       0x3c zephyr/arch/arch/arm/core/cortex_m/libarch__arm__core__cortex_m.a(fault.c.obj)
 .text.get_esf  0x0000000000004cb4       0x48 zephyr/arch/arch/arm/core/cortex_m/libarch__arm__core__cortex_m.a(fault.c.obj)
 .text.usage_fault
                0x0000000000004cfc       0xd4 zephyr/arch/arch/arm/core/cortex_m/libarch__arm__core__cortex_m.a(fault.c.obj)
 .text.debug_monitor
                0x0000000000004dd0       0x1c zephyr/arch/arch/arm/core/cortex_m/libarch__arm__core__cortex_m.a(fault.c.obj)
 .text.reserved_exception
                0x0000000000004dec       0xd8 zephyr/arch/arch/arm/core/cortex_m/libarch__arm__core__cortex_m.a(fault.c.obj)
 .text.bus_fault
                0x0000000000004ec4      0x110 zephyr/arch/arch/arm/core/cortex_m/libarch__arm__core__cortex_m.a(fault.c.obj)
 .text.mem_manage_fault
                0x0000000000004fd4      0x148 zephyr/arch/arch/arm/core/cortex_m/libarch__arm__core__cortex_m.a(fault.c.obj)
 .text.hard_fault
                0x000000000000511c       0xd0 zephyr/arch/arch/arm/core/cortex_m/libarch__arm__core__cortex_m.a(fault.c.obj)
 .text.z_arm_fault
                0x00000000000051ec       0x88 zephyr/arch/arch/arm/core/cortex_m/libarch__arm__core__cortex_m.a(fault.c.obj)
                0x00000000000051ec                z_arm_fault
 .text.z_arm_fault_init
                0x0000000000005274       0x18 zephyr/arch/arch/arm/core/cortex_m/libarch__arm__core__cortex_m.a(fault.c.obj)
                0x0000000000005274                z_arm_fault_init
 .text.__fault  0x000000000000528c       0x14 zephyr/arch/arch/arm/core/cortex_m/libarch__arm__core__cortex_m.a(fault_s.S.obj)
                0x000000000000528c                z_arm_usage_fault
                0x000000000000528c                z_arm_mpu_fault
                0x000000000000528c                z_arm_exc_spurious
                0x000000000000528c                z_arm_debug_monitor
                0x000000000000528c                z_arm_hard_fault
                0x000000000000528c                z_arm_bus_fault
 .text._reset_section
                0x00000000000052a0       0x54 zephyr/arch/arch/arm/core/cortex_m/libarch__arm__core__cortex_m.a(reset.S.obj)
                0x00000000000052a0                __start
                0x00000000000052a0                z_arm_reset
 .text.z_arm_clear_arm_mpu_config
                0x00000000000052f4       0x28 zephyr/arch/arch/arm/core/cortex_m/libarch__arm__core__cortex_m.a(scb.c.obj)
                0x00000000000052f4                z_arm_clear_arm_mpu_config
 .text.z_arm_init_arch_hw_at_boot
                0x000000000000531c       0x54 zephyr/arch/arch/arm/core/cortex_m/libarch__arm__core__cortex_m.a(scb.c.obj)
                0x000000000000531c                z_arm_init_arch_hw_at_boot
 .text.z_impl_k_thread_abort
                0x0000000000005370       0x34 zephyr/arch/arch/arm/core/cortex_m/libarch__arm__core__cortex_m.a(thread_abort.c.obj)
                0x0000000000005370                z_impl_k_thread_abort
 .text.arch_swap
                0x00000000000053a4       0x30 zephyr/arch/arch/arm/core/cortex_m/libarch__arm__core__cortex_m.a(swap.c.obj)
                0x00000000000053a4                arch_swap
 .text.z_arm_pendsv_c
                0x00000000000053d4       0x48 zephyr/arch/arch/arm/core/cortex_m/libarch__arm__core__cortex_m.a(swap.c.obj)
                0x00000000000053d4                z_arm_pendsv_c
 .text.z_arm_pendsv
                0x000000000000541c       0x34 zephyr/arch/arch/arm/core/cortex_m/libarch__arm__core__cortex_m.a(swap_helper.S.obj)
                0x000000000000541c                z_arm_pendsv
 .text.z_arm_svc
                0x0000000000005450       0x20 zephyr/arch/arch/arm/core/cortex_m/libarch__arm__core__cortex_m.a(swap_helper.S.obj)
                0x0000000000005450                z_arm_svc
 .text.__NVIC_EnableIRQ
                0x0000000000005470       0x1c zephyr/arch/arch/arm/core/cortex_m/libarch__arm__core__cortex_m.a(irq_manage.c.obj)
 .text.__NVIC_DisableIRQ
                0x000000000000548c       0x24 zephyr/arch/arch/arm/core/cortex_m/libarch__arm__core__cortex_m.a(irq_manage.c.obj)
 .text.__NVIC_SetPriority
                0x00000000000054b0       0x28 zephyr/arch/arch/arm/core/cortex_m/libarch__arm__core__cortex_m.a(irq_manage.c.obj)
 .text.arch_irq_is_enabled
                0x00000000000054d8       0x1c zephyr/arch/arch/arm/core/cortex_m/libarch__arm__core__cortex_m.a(irq_manage.c.obj)
                0x00000000000054d8                arch_irq_is_enabled
 .text.z_prep_c
                0x00000000000054f4       0x38 zephyr/arch/arch/arm/core/cortex_m/libarch__arm__core__cortex_m.a(prep_c.c.obj)
                0x00000000000054f4                z_prep_c
 .text.arch_new_thread
                0x000000000000552c       0x40 zephyr/arch/arch/arm/core/cortex_m/libarch__arm__core__cortex_m.a(thread.c.obj)
                0x000000000000552c                arch_new_thread
 .text.z_check_thread_stack_fail
                0x000000000000556c       0x40 zephyr/arch/arch/arm/core/cortex_m/libarch__arm__core__cortex_m.a(thread.c.obj)
                0x000000000000556c                z_check_thread_stack_fail
 .text.arch_switch_to_main_thread
                0x00000000000055ac       0x44 zephyr/arch/arch/arm/core/cortex_m/libarch__arm__core__cortex_m.a(thread.c.obj)
                0x00000000000055ac                arch_switch_to_main_thread
 .text.z_arm_cpu_idle_init
                0x00000000000055f0        0xc zephyr/arch/arch/arm/core/cortex_m/libarch__arm__core__cortex_m.a(cpu_idle.c.obj)
                0x00000000000055f0                z_arm_cpu_idle_init
 .text.z_arm_interrupt_init
                0x00000000000055fc       0x34 zephyr/arch/arch/arm/core/cortex_m/libarch__arm__core__cortex_m.a(irq_init.c.obj)
                0x00000000000055fc                z_arm_interrupt_init
 .text._isr_wrapper
                0x0000000000005630       0x20 zephyr/arch/arch/arm/core/cortex_m/libarch__arm__core__cortex_m.a(isr_wrapper.c.obj)
                0x0000000000005630                _isr_wrapper
 .text.z_arm_configure_static_mpu_regions
                0x0000000000005650       0x1c zephyr/arch/arch/arm/core/mpu/libarch__arm__core__mpu.a(arm_core_mpu.c.obj)
                0x0000000000005650                z_arm_configure_static_mpu_regions
 .text.z_arm_configure_dynamic_mpu_regions
                0x000000000000566c       0x24 zephyr/arch/arch/arm/core/mpu/libarch__arm__core__mpu.a(arm_core_mpu.c.obj)
                0x000000000000566c                z_arm_configure_dynamic_mpu_regions
 .text.region_init
                0x0000000000005690       0x28 zephyr/arch/arch/arm/core/mpu/libarch__arm__core__mpu.a(arm_mpu.c.obj)
 .text.region_allocate_and_init
                0x00000000000056b8       0x3c zephyr/arch/arch/arm/core/mpu/libarch__arm__core__mpu.a(arm_mpu.c.obj)
 .text.mpu_configure_regions
                0x00000000000056f4       0x64 zephyr/arch/arch/arm/core/mpu/libarch__arm__core__mpu.a(arm_mpu.c.obj)
 .text.mpu_configure_static_mpu_regions
                0x0000000000005758       0x14 zephyr/arch/arch/arm/core/mpu/libarch__arm__core__mpu.a(arm_mpu.c.obj)
 .text.mpu_configure_dynamic_mpu_regions
                0x000000000000576c       0x3c zephyr/arch/arch/arm/core/mpu/libarch__arm__core__mpu.a(arm_mpu.c.obj)
 .text.arm_core_mpu_enable
                0x00000000000057a8       0x18 zephyr/arch/arch/arm/core/mpu/libarch__arm__core__mpu.a(arm_mpu.c.obj)
                0x00000000000057a8                arm_core_mpu_enable
 .text.arm_core_mpu_disable
                0x00000000000057c0       0x14 zephyr/arch/arch/arm/core/mpu/libarch__arm__core__mpu.a(arm_mpu.c.obj)
                0x00000000000057c0                arm_core_mpu_disable
 .text.z_arm_mpu_init
                0x00000000000057d4       0x80 zephyr/arch/arch/arm/core/mpu/libarch__arm__core__mpu.a(arm_mpu.c.obj)
                0x00000000000057d4                z_arm_mpu_init
 .text.z_impl_zephyr_fputc
                0x0000000000005854       0x10 zephyr/lib/libc/picolibc/liblib__libc__picolibc.a(libc-hooks.c.obj)
                0x0000000000005854                z_impl_zephyr_fputc
 .text.__stdout_hook_install
                0x0000000000005864       0x18 zephyr/lib/libc/picolibc/liblib__libc__picolibc.a(libc-hooks.c.obj)
                0x0000000000005864                __stdout_hook_install
 .text.cbvprintf
                0x000000000000587c       0x34 zephyr/lib/libc/picolibc/liblib__libc__picolibc.a(libc-hooks.c.obj)
                0x000000000000587c                cbvprintf
 .text.malloc_prepare
                0x00000000000058b0       0x24 zephyr/lib/libc/common/liblib__libc__common.a(malloc.c.obj)
 .text.nordicsemi_nrf52_init
                0x00000000000058d4       0x34 zephyr/soc/soc/nrf52840/libsoc__nordic.a(soc.c.obj)
 .text.arch_busy_wait
                0x0000000000005908       0x18 zephyr/soc/soc/nrf52840/libsoc__nordic.a(soc.c.obj)
                0x0000000000005908                arch_busy_wait
 .text.get_hf_flags
                0x0000000000005920        0x8 zephyr/drivers/clock_control/libdrivers__clock_control.a(clock_control_nrf.c.obj)
 .text.get_subsys
                0x0000000000005928       0x18 zephyr/drivers/clock_control/libdrivers__clock_control.a(clock_control_nrf.c.obj)
 .text.onoff_stop
                0x0000000000005940       0x20 zephyr/drivers/clock_control/libdrivers__clock_control.a(clock_control_nrf.c.obj)
 .text.onoff_start
                0x0000000000005960       0x34 zephyr/drivers/clock_control/libdrivers__clock_control.a(clock_control_nrf.c.obj)
 .text.clock_event_handler
                0x0000000000005994       0x34 zephyr/drivers/clock_control/libdrivers__clock_control.a(clock_control_nrf.c.obj)
 .text.generic_hfclk_start
                0x00000000000059c8       0x70 zephyr/drivers/clock_control/libdrivers__clock_control.a(clock_control_nrf.c.obj)
 .text.generic_hfclk_stop
                0x0000000000005a38       0x34 zephyr/drivers/clock_control/libdrivers__clock_control.a(clock_control_nrf.c.obj)
 .text.lfclk_spinwait
                0x0000000000005a6c       0xcc zephyr/drivers/clock_control/libdrivers__clock_control.a(clock_control_nrf.c.obj)
 .text.api_blocking_start
                0x0000000000005b38       0x38 zephyr/drivers/clock_control/libdrivers__clock_control.a(clock_control_nrf.c.obj)
 .text.clk_init
                0x0000000000005b70       0x60 zephyr/drivers/clock_control/libdrivers__clock_control.a(clock_control_nrf.c.obj)
 .text.z_nrf_clock_control_lf_on
                0x0000000000005bd0       0x54 zephyr/drivers/clock_control/libdrivers__clock_control.a(clock_control_nrf.c.obj)
                0x0000000000005bd0                z_nrf_clock_control_lf_on
 .text.console_out
                0x0000000000005c24       0x28 zephyr/drivers/console/libdrivers__console.a(uart_console.c.obj)
 .text.uart_console_hook_install
                0x0000000000005c4c       0x18 zephyr/drivers/console/libdrivers__console.a(uart_console.c.obj)
 .text.uart_console_init
                0x0000000000005c64       0x1c zephyr/drivers/console/libdrivers__console.a(uart_console.c.obj)
 .text.nrf_gpio_reconfigure
                0x0000000000005c80       0xbc zephyr/drivers/gpio/libdrivers__gpio.a(gpio_nrfx.c.obj)
 .text.nrf_gpio_pin_dir_get
                0x0000000000005d3c       0x2c zephyr/drivers/gpio/libdrivers__gpio.a(gpio_nrfx.c.obj)
 .text.get_dev  0x0000000000005d68       0x1c zephyr/drivers/gpio/libdrivers__gpio.a(gpio_nrfx.c.obj)
 .text.gpio_nrfx_pin_interrupt_configure
                0x0000000000005d84       0xe0 zephyr/drivers/gpio/libdrivers__gpio.a(gpio_nrfx.c.obj)
 .text.gpio_nrfx_pin_configure
                0x0000000000005e64      0x1c0 zephyr/drivers/gpio/libdrivers__gpio.a(gpio_nrfx.c.obj)
 .text.gpio_nrfx_init
                0x0000000000006024       0x54 zephyr/drivers/gpio/libdrivers__gpio.a(gpio_nrfx.c.obj)
 .text.nrf_gpio_cfg
                0x0000000000006078       0x50 zephyr/drivers/pinctrl/libdrivers__pinctrl.a(pinctrl_nrf.c.obj)
 .text.nrf_gpio_pin_set
                0x00000000000060c8       0x28 zephyr/drivers/pinctrl/libdrivers__pinctrl.a(pinctrl_nrf.c.obj)
 .text.nrf_gpio_pin_clear
                0x00000000000060f0       0x28 zephyr/drivers/pinctrl/libdrivers__pinctrl.a(pinctrl_nrf.c.obj)
 .text.pinctrl_configure_pins
                0x0000000000006118      0x29c zephyr/drivers/pinctrl/libdrivers__pinctrl.a(pinctrl_nrf.c.obj)
                0x0000000000006118                pinctrl_configure_pins
 .text.uarte_nrfx_poll_out
                0x00000000000063b4       0x68 zephyr/drivers/serial/libdrivers__serial.a(uart_nrfx_uarte.c.obj)
 .text.endtx_stoptx_ppi_init
                0x000000000000641c       0x4c zephyr/drivers/serial/libdrivers__serial.a(uart_nrfx_uarte.c.obj)
 .text.uarte_instance_init
                0x0000000000006468       0x38 zephyr/drivers/serial/libdrivers__serial.a(uart_nrfx_uarte.c.obj)
 .text.nrf_gpio_pin_set
                0x00000000000064a0       0x28 zephyr/drivers/spi/libdrivers__spi.a(spi_nrfx_spi.c.obj)
 .text.nrf_gpio_pin_clear
                0x00000000000064c8       0x28 zephyr/drivers/spi/libdrivers__spi.a(spi_nrfx_spi.c.obj)
 .text.get_nrf_spi_frequency
                0x00000000000064f0       0x68 zephyr/drivers/spi/libdrivers__spi.a(spi_nrfx_spi.c.obj)
 .text.spi_context_wait_for_completion
                0x0000000000006558       0x94 zephyr/drivers/spi/libdrivers__spi.a(spi_nrfx_spi.c.obj)
 .text.configure
                0x00000000000065ec      0x214 zephyr/drivers/spi/libdrivers__spi.a(spi_nrfx_spi.c.obj)
 .text.transfer_next_chunk
                0x0000000000006800       0x6c zephyr/drivers/spi/libdrivers__spi.a(spi_nrfx_spi.c.obj)
 .text.event_handler
                0x000000000000686c       0xb4 zephyr/drivers/spi/libdrivers__spi.a(spi_nrfx_spi.c.obj)
 .text.transceive
                0x0000000000006920       0xc8 zephyr/drivers/spi/libdrivers__spi.a(spi_nrfx_spi.c.obj)
 .text.spi_context_cs_configure_all
                0x00000000000069e8       0xfc zephyr/drivers/spi/libdrivers__spi.a(spi_nrfx_spi.c.obj)
 .text.spi_nrfx_init
                0x0000000000006ae4       0x70 zephyr/drivers/spi/libdrivers__spi.a(spi_nrfx_spi.c.obj)
 .text.nrf_gpio_cfg
                0x0000000000006b54       0x50 zephyr/drivers/spi/libdrivers__spi.a(spi_nrfx_common.c.obj)
 .text.spi_nrfx_wake_init
                0x0000000000006ba4       0x64 zephyr/drivers/spi/libdrivers__spi.a(spi_nrfx_common.c.obj)
                0x0000000000006ba4                spi_nrfx_wake_init
 .text.nrf_gpio_pin_set
                0x0000000000006c08       0x28 zephyr/drivers/spi/libdrivers__spi.a(spi_nrfx_spim.c.obj)
 .text.nrf_gpio_pin_clear
                0x0000000000006c30       0x28 zephyr/drivers/spi/libdrivers__spi.a(spi_nrfx_spim.c.obj)
 .text.get_nrf_spim_frequency
                0x0000000000006c58       0x8c zephyr/drivers/spi/libdrivers__spi.a(spi_nrfx_spim.c.obj)
 .text.spi_context_wait_for_completion
                0x0000000000006ce4       0x94 zephyr/drivers/spi/libdrivers__spi.a(spi_nrfx_spim.c.obj)
 .text.configure
                0x0000000000006d78      0x234 zephyr/drivers/spi/libdrivers__spi.a(spi_nrfx_spim.c.obj)
 .text.transfer_next_chunk
                0x0000000000006fac       0xc4 zephyr/drivers/spi/libdrivers__spi.a(spi_nrfx_spim.c.obj)
 .text.event_handler
                0x0000000000007070       0xd0 zephyr/drivers/spi/libdrivers__spi.a(spi_nrfx_spim.c.obj)
 .text.transceive
                0x0000000000007140       0xcc zephyr/drivers/spi/libdrivers__spi.a(spi_nrfx_spim.c.obj)
 .text.spi_context_cs_configure_all
                0x000000000000720c       0xfc zephyr/drivers/spi/libdrivers__spi.a(spi_nrfx_spim.c.obj)
 .text.spi_nrfx_init
                0x0000000000007308       0x7c zephyr/drivers/spi/libdrivers__spi.a(spi_nrfx_spim.c.obj)
 .text.set_comparator
                0x0000000000007384       0x14 zephyr/drivers/timer/libdrivers__timer.a(nrf_rtc_timer.c.obj)
 .text.event_enable
                0x0000000000007398       0x14 zephyr/drivers/timer/libdrivers__timer.a(nrf_rtc_timer.c.obj)
 .text.event_disable
                0x00000000000073ac       0x14 zephyr/drivers/timer/libdrivers__timer.a(nrf_rtc_timer.c.obj)
 .text.counter  0x00000000000073c0        0xc zephyr/drivers/timer/libdrivers__timer.a(nrf_rtc_timer.c.obj)
 .text.set_alarm
                0x00000000000073cc       0x88 zephyr/drivers/timer/libdrivers__timer.a(nrf_rtc_timer.c.obj)
 .text.int_event_disable_rtc
                0x0000000000007454       0x18 zephyr/drivers/timer/libdrivers__timer.a(nrf_rtc_timer.c.obj)
 .text.compare_int_lock
                0x000000000000746c       0x4c zephyr/drivers/timer/libdrivers__timer.a(nrf_rtc_timer.c.obj)
 .text.channel_processing_check_and_clear
                0x00000000000074b8       0x60 zephyr/drivers/timer/libdrivers__timer.a(nrf_rtc_timer.c.obj)
 .text.compare_int_unlock
                0x0000000000007518       0x60 zephyr/drivers/timer/libdrivers__timer.a(nrf_rtc_timer.c.obj)
 .text.sys_clock_timeout_handler
                0x0000000000007578       0x50 zephyr/drivers/timer/libdrivers__timer.a(nrf_rtc_timer.c.obj)
 .text.z_nrf_rtc_timer_read
                0x00000000000075c8       0x40 zephyr/drivers/timer/libdrivers__timer.a(nrf_rtc_timer.c.obj)
                0x00000000000075c8                z_nrf_rtc_timer_read
 .text.compare_set_nolocks
                0x0000000000007608       0xac zephyr/drivers/timer/libdrivers__timer.a(nrf_rtc_timer.c.obj)
 .text.sys_clock_driver_init
                0x00000000000076b4       0x9c zephyr/drivers/timer/libdrivers__timer.a(nrf_rtc_timer.c.obj)
 .text.process_channel
                0x0000000000007750       0x7c zephyr/drivers/timer/libdrivers__timer.a(nrf_rtc_timer.c.obj)
 .text.rtc_nrf_isr
                0x00000000000077cc       0x40 zephyr/drivers/timer/libdrivers__timer.a(nrf_rtc_timer.c.obj)
                0x00000000000077cc                rtc_nrf_isr
 .text.sys_clock_set_timeout
                0x000000000000780c       0x74 zephyr/drivers/timer/libdrivers__timer.a(nrf_rtc_timer.c.obj)
                0x000000000000780c                sys_clock_set_timeout
 .text.sys_clock_elapsed
                0x0000000000007880       0x14 zephyr/drivers/timer/libdrivers__timer.a(nrf_rtc_timer.c.obj)
                0x0000000000007880                sys_clock_elapsed
 .text.__NVIC_SystemReset
                0x0000000000007894       0x24 modules/hal_nordic/nrfx/libmodules__hal_nordic__nrfx.a(system_nrf52840.c.obj)
 .text.nvmc_wait
                0x00000000000078b8       0x10 modules/hal_nordic/nrfx/libmodules__hal_nordic__nrfx.a(system_nrf52840.c.obj)
                0x00000000000078b8                nvmc_wait
 .text.nvmc_config
                0x00000000000078c8       0x14 modules/hal_nordic/nrfx/libmodules__hal_nordic__nrfx.a(system_nrf52840.c.obj)
                0x00000000000078c8                nvmc_config
 .text.SystemInit
                0x00000000000078dc      0x178 modules/hal_nordic/nrfx/libmodules__hal_nordic__nrfx.a(system_nrf52840.c.obj)
                0x00000000000078dc                SystemInit
 .text.nrfx_flag32_alloc
                0x0000000000007a54       0x48 modules/hal_nordic/nrfx/libmodules__hal_nordic__nrfx.a(nrfx_flag32_allocator.c.obj)
                0x0000000000007a54                nrfx_flag32_alloc
 .text.nrfx_flag32_free
                0x0000000000007a9c       0x44 modules/hal_nordic/nrfx/libmodules__hal_nordic__nrfx.a(nrfx_flag32_allocator.c.obj)
                0x0000000000007a9c                nrfx_flag32_free
 .text.nrfx_gppi_channels_enable
                0x0000000000007ae0        0xc modules/hal_nordic/nrfx/libmodules__hal_nordic__nrfx.a(nrfx_gppi_ppi.c.obj)
                0x0000000000007ae0                nrfx_gppi_channels_enable
 .text.nrfx_gppi_channel_endpoints_setup
                0x0000000000007aec       0x14 modules/hal_nordic/nrfx/libmodules__hal_nordic__nrfx.a(nrfx_gppi_ppi.c.obj)
                0x0000000000007aec                nrfx_gppi_channel_endpoints_setup
 .text.clock_stop
                0x0000000000007b00       0x8c modules/hal_nordic/nrfx/libmodules__hal_nordic__nrfx.a(nrfx_clock.c.obj)
 .text.nrfx_clock_init
                0x0000000000007b8c       0x28 modules/hal_nordic/nrfx/libmodules__hal_nordic__nrfx.a(nrfx_clock.c.obj)
                0x0000000000007b8c                nrfx_clock_init
 .text.nrfx_clock_enable
                0x0000000000007bb4       0x20 modules/hal_nordic/nrfx/libmodules__hal_nordic__nrfx.a(nrfx_clock.c.obj)
                0x0000000000007bb4                nrfx_clock_enable
 .text.nrfx_clock_start
                0x0000000000007bd4       0xdc modules/hal_nordic/nrfx/libmodules__hal_nordic__nrfx.a(nrfx_clock.c.obj)
                0x0000000000007bd4                nrfx_clock_start
 .text.nrfx_power_clock_irq_handler
                0x0000000000007cb0       0x7c modules/hal_nordic/nrfx/libmodules__hal_nordic__nrfx.a(nrfx_clock.c.obj)
                0x0000000000007cb0                nrfx_power_clock_irq_handler
 .text.nrf_gpio_cfg
                0x0000000000007d2c       0x50 modules/hal_nordic/nrfx/libmodules__hal_nordic__nrfx.a(nrfx_gpiote.c.obj)
 .text.nrf_gpio_reconfigure
                0x0000000000007d7c       0xbc modules/hal_nordic/nrfx/libmodules__hal_nordic__nrfx.a(nrfx_gpiote.c.obj)
 .text.nrf_gpio_pin_read
                0x0000000000007e38       0x28 modules/hal_nordic/nrfx/libmodules__hal_nordic__nrfx.a(nrfx_gpiote.c.obj)
 .text.nrf_gpio_pin_sense_get
                0x0000000000007e60       0x2c modules/hal_nordic/nrfx/libmodules__hal_nordic__nrfx.a(nrfx_gpiote.c.obj)
 .text.nrf_gpio_latches_read_and_clear
                0x0000000000007e8c       0x44 modules/hal_nordic/nrfx/libmodules__hal_nordic__nrfx.a(nrfx_gpiote.c.obj)
 .text.nrf_gpio_pin_latch_clear
                0x0000000000007ed0       0x28 modules/hal_nordic/nrfx/libmodules__hal_nordic__nrfx.a(nrfx_gpiote.c.obj)
 .text.get_pin_idx
                0x0000000000007ef8       0x14 modules/hal_nordic/nrfx/libmodules__hal_nordic__nrfx.a(nrfx_gpiote.c.obj)
 .text.get_cb   0x0000000000007f0c        0x8 modules/hal_nordic/nrfx/libmodules__hal_nordic__nrfx.a(nrfx_gpiote.c.obj)
 .text.gpiote_output_configure
                0x0000000000007f14       0xf8 modules/hal_nordic/nrfx/libmodules__hal_nordic__nrfx.a(nrfx_gpiote.c.obj)
 .text.gpiote_channel_get
                0x000000000000800c       0x38 modules/hal_nordic/nrfx/libmodules__hal_nordic__nrfx.a(nrfx_gpiote.c.obj)
 .text.latch_pending_read_and_check
                0x0000000000008044       0x50 modules/hal_nordic/nrfx/libmodules__hal_nordic__nrfx.a(nrfx_gpiote.c.obj)
 .text.pin_handler_set
                0x0000000000008094       0x88 modules/hal_nordic/nrfx/libmodules__hal_nordic__nrfx.a(nrfx_gpiote.c.obj)
 .text.gpiote_input_configure
                0x000000000000811c      0x16c modules/hal_nordic/nrfx/libmodules__hal_nordic__nrfx.a(nrfx_gpiote.c.obj)
 .text.pin_uninit
                0x0000000000008288       0x34 modules/hal_nordic/nrfx/libmodules__hal_nordic__nrfx.a(nrfx_gpiote.c.obj)
 .text.gpiote_init
                0x00000000000082bc       0x4c modules/hal_nordic/nrfx/libmodules__hal_nordic__nrfx.a(nrfx_gpiote.c.obj)
 .text.port_event_handle
                0x0000000000008308       0xc4 modules/hal_nordic/nrfx/libmodules__hal_nordic__nrfx.a(nrfx_gpiote.c.obj)
 .text.nrfx_gpiote_0_irq_handler
                0x00000000000083cc       0x14 modules/hal_nordic/nrfx/libmodules__hal_nordic__nrfx.a(nrfx_gpiote.c.obj)
                0x00000000000083cc                nrfx_gpiote_0_irq_handler
 .text.nrfx_ppi_channel_alloc
                0x00000000000083e0       0x10 modules/hal_nordic/nrfx/libmodules__hal_nordic__nrfx.a(nrfx_ppi.c.obj)
                0x00000000000083e0                nrfx_ppi_channel_alloc
 .text.nrf_gpio_cfg
                0x00000000000083f0       0x50 modules/hal_nordic/nrfx/libmodules__hal_nordic__nrfx.a(nrfx_spi.c.obj)
 .text.nrf_gpio_pin_set
                0x0000000000008440       0x28 modules/hal_nordic/nrfx/libmodules__hal_nordic__nrfx.a(nrfx_spi.c.obj)
 .text.nrf_gpio_pin_clear
                0x0000000000008468       0x28 modules/hal_nordic/nrfx/libmodules__hal_nordic__nrfx.a(nrfx_spi.c.obj)
 .text.spi_configure
                0x0000000000008490       0x88 modules/hal_nordic/nrfx/libmodules__hal_nordic__nrfx.a(nrfx_spi.c.obj)
 .text.nrfx_spi_init
                0x0000000000008518       0x68 modules/hal_nordic/nrfx/libmodules__hal_nordic__nrfx.a(nrfx_spi.c.obj)
                0x0000000000008518                nrfx_spi_init
 .text.nrfx_spi_uninit
                0x0000000000008580       0x88 modules/hal_nordic/nrfx/libmodules__hal_nordic__nrfx.a(nrfx_spi.c.obj)
                0x0000000000008580                nrfx_spi_uninit
 .text.nrfx_spi_xfer
                0x0000000000008608       0x90 modules/hal_nordic/nrfx/libmodules__hal_nordic__nrfx.a(nrfx_spi.c.obj)
                0x0000000000008608                nrfx_spi_xfer
 .text.nrfx_spi_1_irq_handler
                0x0000000000008698       0x14 modules/hal_nordic/nrfx/libmodules__hal_nordic__nrfx.a(nrfx_spi.c.obj)
                0x0000000000008698                nrfx_spi_1_irq_handler
 .text.nrf_gpio_cfg
                0x00000000000086ac       0x50 modules/hal_nordic/nrfx/libmodules__hal_nordic__nrfx.a(nrfx_spim.c.obj)
 .text.nrf_gpio_pin_set
                0x00000000000086fc       0x28 modules/hal_nordic/nrfx/libmodules__hal_nordic__nrfx.a(nrfx_spim.c.obj)
 .text.nrf_gpio_pin_clear
                0x0000000000008724       0x28 modules/hal_nordic/nrfx/libmodules__hal_nordic__nrfx.a(nrfx_spim.c.obj)
 .text.anomaly_198_enable
                0x000000000000874c       0x58 modules/hal_nordic/nrfx/libmodules__hal_nordic__nrfx.a(nrfx_spim.c.obj)
 .text.anomaly_198_disable
                0x00000000000087a4       0x14 modules/hal_nordic/nrfx/libmodules__hal_nordic__nrfx.a(nrfx_spim.c.obj)
 .text.configure_pins
                0x00000000000087b8       0x98 modules/hal_nordic/nrfx/libmodules__hal_nordic__nrfx.a(nrfx_spim.c.obj)
 .text.spim_frequency_valid_check
                0x0000000000008850       0x94 modules/hal_nordic/nrfx/libmodules__hal_nordic__nrfx.a(nrfx_spim.c.obj)
 .text.spim_frequency_bit_decode
                0x00000000000088e4       0xb0 modules/hal_nordic/nrfx/libmodules__hal_nordic__nrfx.a(nrfx_spim.c.obj)
 .text.spim_configuration_verify
                0x0000000000008994       0x60 modules/hal_nordic/nrfx/libmodules__hal_nordic__nrfx.a(nrfx_spim.c.obj)
 .text.spim_configure
                0x00000000000089f4      0x100 modules/hal_nordic/nrfx/libmodules__hal_nordic__nrfx.a(nrfx_spim.c.obj)
 .text.spim_xfer
                0x0000000000008af4      0x114 modules/hal_nordic/nrfx/libmodules__hal_nordic__nrfx.a(nrfx_spim.c.obj)
 .text.irq_handler
                0x0000000000008c08       0x2c modules/hal_nordic/nrfx/libmodules__hal_nordic__nrfx.a(nrfx_spim.c.obj)
 .text.nrfx_spim_init
                0x0000000000008c34       0x70 modules/hal_nordic/nrfx/libmodules__hal_nordic__nrfx.a(nrfx_spim.c.obj)
                0x0000000000008c34                nrfx_spim_init
 .text.nrfx_spim_uninit
                0x0000000000008ca4       0xd0 modules/hal_nordic/nrfx/libmodules__hal_nordic__nrfx.a(nrfx_spim.c.obj)
                0x0000000000008ca4                nrfx_spim_uninit
 .text.nrfx_spim_xfer
                0x0000000000008d74       0x68 modules/hal_nordic/nrfx/libmodules__hal_nordic__nrfx.a(nrfx_spim.c.obj)
                0x0000000000008d74                nrfx_spim_xfer
 .text.nrfx_spim_3_irq_handler
                0x0000000000008ddc       0x14 modules/hal_nordic/nrfx/libmodules__hal_nordic__nrfx.a(nrfx_spim.c.obj)
                0x0000000000008ddc                nrfx_spim_3_irq_handler
 .text._DoInit  0x0000000000008df0       0x64 modules/segger/libmodules__segger.a(SEGGER_RTT.c.obj)
 .text.SEGGER_RTT_WriteSkipNoLock
                0x0000000000008e54       0xd0 modules/segger/libmodules__segger.a(SEGGER_RTT.c.obj)
                0x0000000000008e54                SEGGER_RTT_WriteSkipNoLock
 .text.SEGGER_RTT_HasDataUp
                0x0000000000008f24       0x20 modules/segger/libmodules__segger.a(SEGGER_RTT.c.obj)
                0x0000000000008f24                SEGGER_RTT_HasDataUp
 .text.zephyr_rtt_mutex_lock
                0x0000000000008f44       0x18 modules/segger/libmodules__segger.a(SEGGER_RTT_zephyr.c.obj)
                0x0000000000008f44                zephyr_rtt_mutex_lock
 .text.zephyr_rtt_mutex_unlock
                0x0000000000008f5c       0x10 modules/segger/libmodules__segger.a(SEGGER_RTT_zephyr.c.obj)
                0x0000000000008f5c                zephyr_rtt_mutex_unlock
 .text.z_device_state_init
                0x0000000000008f6c       0x18 zephyr/kernel/libkernel.a(device.c.obj)
                0x0000000000008f6c                z_device_state_init
 .text.z_impl_device_get_binding
                0x0000000000008f84       0x64 zephyr/kernel/libkernel.a(device.c.obj)
                0x0000000000008f84                z_impl_device_get_binding
 .text.reason_to_str
                0x0000000000008fe8       0x40 zephyr/kernel/libkernel.a(fatal.c.obj)
 .text.thread_name_get
                0x0000000000009028       0x20 zephyr/kernel/libkernel.a(fatal.c.obj)
 .text.k_sys_fatal_error_handler
                0x0000000000009048       0x20 zephyr/kernel/libkernel.a(fatal.c.obj)
                0x0000000000009048                k_sys_fatal_error_handler
 .text.z_fatal_error
                0x0000000000009068      0x1f4 zephyr/kernel/libkernel.a(fatal.c.obj)
                0x0000000000009068                z_fatal_error
 .text.z_sys_init_run_level
                0x000000000000925c       0x34 zephyr/kernel/libkernel.a(init.c.obj)
 .text.init_idle_thread
                0x0000000000009290       0x58 zephyr/kernel/libkernel.a(init.c.obj)
 .text.thread_schedule_new
                0x00000000000092e8       0x1c zephyr/kernel/libkernel.a(init.c.obj)
 .text.z_init_static_threads
                0x0000000000009304       0x70 zephyr/kernel/libkernel.a(init.c.obj)
 .text.bg_thread_main
                0x0000000000009374       0x38 zephyr/kernel/libkernel.a(init.c.obj)
 .text.switch_to_main_thread
                0x00000000000093ac       0x14 zephyr/kernel/libkernel.a(init.c.obj)
 .text.z_bss_zero
                0x00000000000093c0       0x18 zephyr/kernel/libkernel.a(init.c.obj)
                0x00000000000093c0                z_bss_zero
 .text.z_init_cpu
                0x00000000000093d8       0x44 zephyr/kernel/libkernel.a(init.c.obj)
                0x00000000000093d8                z_init_cpu
 .text.prepare_multithreading
                0x000000000000941c       0x60 zephyr/kernel/libkernel.a(init.c.obj)
 .text.z_cstart
                0x000000000000947c       0x90 zephyr/kernel/libkernel.a(init.c.obj)
                0x000000000000947c                z_cstart
 .text.init_mem_slab_obj_core_list
                0x000000000000950c       0x24 zephyr/kernel/libkernel.a(mem_slab.c.obj)
 .text.k_mem_slab_alloc
                0x0000000000009530       0x64 zephyr/kernel/libkernel.a(mem_slab.c.obj)
                0x0000000000009530                k_mem_slab_alloc
 .text.z_impl_k_mutex_lock
                0x0000000000009594      0x100 zephyr/kernel/libkernel.a(mutex.c.obj)
                0x0000000000009594                z_impl_k_mutex_lock
 .text.z_impl_k_mutex_unlock
                0x0000000000009694       0x78 zephyr/kernel/libkernel.a(mutex.c.obj)
                0x0000000000009694                z_impl_k_mutex_unlock
 .text.z_impl_k_sem_give
                0x000000000000970c       0x4c zephyr/kernel/libkernel.a(sem.c.obj)
                0x000000000000970c                z_impl_k_sem_give
 .text.z_impl_k_sem_take
                0x0000000000009758       0x50 zephyr/kernel/libkernel.a(sem.c.obj)
                0x0000000000009758                z_impl_k_sem_take
 .text.z_impl_k_sem_reset
                0x00000000000097a8       0x3c zephyr/kernel/libkernel.a(sem.c.obj)
                0x00000000000097a8                z_impl_k_sem_reset
 .text.thread_schedule_new
                0x00000000000097e4       0x1c zephyr/kernel/libkernel.a(thread.c.obj)
 .text.z_setup_new_thread
                0x0000000000009800       0x60 zephyr/kernel/libkernel.a(thread.c.obj)
                0x0000000000009800                z_setup_new_thread
 .text.update_cache
                0x0000000000009860       0x4c zephyr/kernel/libkernel.a(sched.c.obj)
 .text.unready_thread
                0x00000000000098ac       0x38 zephyr/kernel/libkernel.a(sched.c.obj)
 .text.add_thread_timeout
                0x00000000000098e4       0x20 zephyr/kernel/libkernel.a(sched.c.obj)
 .text.ready_thread
                0x0000000000009904       0x78 zephyr/kernel/libkernel.a(sched.c.obj)
 .text.halt_thread
                0x000000000000997c       0xc0 zephyr/kernel/libkernel.a(sched.c.obj)
 .text.thread_halt_spin
                0x0000000000009a3c       0x54 zephyr/kernel/libkernel.a(sched.c.obj)
 .text.z_thread_halt
                0x0000000000009a90       0x78 zephyr/kernel/libkernel.a(sched.c.obj)
 .text.move_thread_to_end_of_prio_q
                0x0000000000009b08       0x8c zephyr/kernel/libkernel.a(sched.c.obj)
                0x0000000000009b08                move_thread_to_end_of_prio_q
 .text.z_pend_curr
                0x0000000000009b94       0x38 zephyr/kernel/libkernel.a(sched.c.obj)
                0x0000000000009b94                z_pend_curr
 .text.z_thread_prio_set
                0x0000000000009bcc       0xb8 zephyr/kernel/libkernel.a(sched.c.obj)
                0x0000000000009bcc                z_thread_prio_set
 .text.z_reschedule
                0x0000000000009c84       0x2c zephyr/kernel/libkernel.a(sched.c.obj)
                0x0000000000009c84                z_reschedule
 .text.z_sched_start
                0x0000000000009cb0       0x3c zephyr/kernel/libkernel.a(sched.c.obj)
                0x0000000000009cb0                z_sched_start
 .text.z_reschedule_irqlock
                0x0000000000009cec       0x2c zephyr/kernel/libkernel.a(sched.c.obj)
                0x0000000000009cec                z_reschedule_irqlock
 .text.k_sched_lock
                0x0000000000009d18       0x30 zephyr/kernel/libkernel.a(sched.c.obj)
                0x0000000000009d18                k_sched_lock
 .text.k_sched_unlock
                0x0000000000009d48       0x3c zephyr/kernel/libkernel.a(sched.c.obj)
                0x0000000000009d48                k_sched_unlock
 .text.z_sched_init
                0x0000000000009d84       0x10 zephyr/kernel/libkernel.a(sched.c.obj)
                0x0000000000009d84                z_sched_init
 .text.z_impl_k_yield
                0x0000000000009d94       0x90 zephyr/kernel/libkernel.a(sched.c.obj)
                0x0000000000009d94                z_impl_k_yield
 .text.z_tick_sleep
                0x0000000000009e24       0x98 zephyr/kernel/libkernel.a(sched.c.obj)
 .text.z_impl_k_sleep
                0x0000000000009ebc       0x5c zephyr/kernel/libkernel.a(sched.c.obj)
                0x0000000000009ebc                z_impl_k_sleep
 .text.z_impl_k_usleep
                0x0000000000009f18       0x78 zephyr/kernel/libkernel.a(sched.c.obj)
                0x0000000000009f18                z_impl_k_usleep
 .text.z_impl_k_sched_current_thread_query
                0x0000000000009f90        0xc zephyr/kernel/libkernel.a(sched.c.obj)
                0x0000000000009f90                z_impl_k_sched_current_thread_query
 .text.slice_timeout
                0x0000000000009f9c       0x20 zephyr/kernel/libkernel.a(timeslicing.c.obj)
 .text.thread_is_sliceable
                0x0000000000009fbc       0x4c zephyr/kernel/libkernel.a(timeslicing.c.obj)
                0x0000000000009fbc                thread_is_sliceable
 .text.z_reset_time_slice
                0x000000000000a008       0x50 zephyr/kernel/libkernel.a(timeslicing.c.obj)
                0x000000000000a008                z_reset_time_slice
 .text.z_time_slice
                0x000000000000a058       0x70 zephyr/kernel/libkernel.a(timeslicing.c.obj)
                0x000000000000a058                z_time_slice
 .text.z_data_copy
                0x000000000000a0c8       0x34 zephyr/kernel/libkernel.a(xip.c.obj)
                0x000000000000a0c8                z_data_copy
 .text.first    0x000000000000a0fc       0x14 zephyr/kernel/libkernel.a(timeout.c.obj)
 .text.next     0x000000000000a110       0x18 zephyr/kernel/libkernel.a(timeout.c.obj)
 .text.elapsed  0x000000000000a128       0x18 zephyr/kernel/libkernel.a(timeout.c.obj)
 .text.z_add_timeout
                0x000000000000a140      0x10c zephyr/kernel/libkernel.a(timeout.c.obj)
                0x000000000000a140                z_add_timeout
 .text.sys_clock_announce
                0x000000000000a24c       0xc4 zephyr/kernel/libkernel.a(timeout.c.obj)
                0x000000000000a24c                sys_clock_announce
 .text.sys_clock_tick_get
                0x000000000000a310       0x40 zephyr/kernel/libkernel.a(timeout.c.obj)
                0x000000000000a310                sys_clock_tick_get
 .text.z_timer_expiration_handler
                0x000000000000a350       0xf4 zephyr/kernel/libkernel.a(timer.c.obj)
                0x000000000000a350                z_timer_expiration_handler
 .text.z_impl_k_timer_start
                0x000000000000a444       0x80 zephyr/kernel/libkernel.a(timer.c.obj)
                0x000000000000a444                z_impl_k_timer_start
 .text.nrf_cc3xx_platform_init_no_rng
                0x000000000000a4c4       0x38 D:/Downloads/nordictest/sdk/nrfxlib/crypto/nrf_cc310_platform/lib/cortex-m4/soft-float/no-interrupts/libnrf_cc310_platform_0.9.19.a(nrf_cc3xx_platform.c.obj)
                0x000000000000a4c4                nrf_cc3xx_platform_init_no_rng
 .text.nrf_cc3xx_platform_abort
                0x000000000000a4fc       0x24 D:/Downloads/nordictest/sdk/nrfxlib/crypto/nrf_cc310_platform/lib/cortex-m4/soft-float/no-interrupts/libnrf_cc310_platform_0.9.19.a(nrf_cc3xx_platform_abort.c.obj)
 .text.CC_PalAbort
                0x000000000000a520       0x34 D:/Downloads/nordictest/sdk/nrfxlib/crypto/nrf_cc310_platform/lib/cortex-m4/soft-float/no-interrupts/libnrf_cc310_platform_0.9.19.a(nrf_cc3xx_platform_abort.c.obj)
                0x000000000000a520                CC_PalAbort
 .text.nrf_cc3xx_platform_set_abort
                0x000000000000a554       0x10 D:/Downloads/nordictest/sdk/nrfxlib/crypto/nrf_cc310_platform/lib/cortex-m4/soft-float/no-interrupts/libnrf_cc310_platform_0.9.19.a(nrf_cc3xx_platform_abort.c.obj)
                0x000000000000a554                nrf_cc3xx_platform_set_abort
 .text.mutex_free
                0x000000000000a564       0x34 D:/Downloads/nordictest/sdk/nrfxlib/crypto/nrf_cc310_platform/lib/cortex-m4/soft-float/no-interrupts/libnrf_cc310_platform_0.9.19.a(nrf_cc3xx_platform_mutex.c.obj)
 .text.mutex_lock
                0x000000000000a598       0x48 D:/Downloads/nordictest/sdk/nrfxlib/crypto/nrf_cc310_platform/lib/cortex-m4/soft-float/no-interrupts/libnrf_cc310_platform_0.9.19.a(nrf_cc3xx_platform_mutex.c.obj)
 .text.mutex_unlock
                0x000000000000a5e0       0x38 D:/Downloads/nordictest/sdk/nrfxlib/crypto/nrf_cc310_platform/lib/cortex-m4/soft-float/no-interrupts/libnrf_cc310_platform_0.9.19.a(nrf_cc3xx_platform_mutex.c.obj)
 .text.mutex_init
                0x000000000000a618       0x20 D:/Downloads/nordictest/sdk/nrfxlib/crypto/nrf_cc310_platform/lib/cortex-m4/soft-float/no-interrupts/libnrf_cc310_platform_0.9.19.a(nrf_cc3xx_platform_mutex.c.obj)
 .text.nrf_cc3xx_platform_set_mutexes
                0x000000000000a638       0x74 D:/Downloads/nordictest/sdk/nrfxlib/crypto/nrf_cc310_platform/lib/cortex-m4/soft-float/no-interrupts/libnrf_cc310_platform_0.9.19.a(nrf_cc3xx_platform_mutex.c.obj)
                0x000000000000a638                nrf_cc3xx_platform_set_mutexes
 .text.CC_LibInitNoRng
                0x000000000000a6ac       0x64 D:/Downloads/nordictest/sdk/nrfxlib/crypto/nrf_cc310_platform/lib/cortex-m4/soft-float/no-interrupts/libnrf_cc310_platform_0.9.19.a(cc_lib.c.obj)
                0x000000000000a6ac                CC_LibInitNoRng
 .text.CC_HalInit
                0x000000000000a710        0x4 D:/Downloads/nordictest/sdk/nrfxlib/crypto/nrf_cc310_platform/lib/cortex-m4/soft-float/no-interrupts/libnrf_cc310_platform_0.9.19.a(cc_hal.c.obj)
                0x000000000000a710                CC_HalInit
 .text.CC_HalTerminate
                0x000000000000a714        0x4 D:/Downloads/nordictest/sdk/nrfxlib/crypto/nrf_cc310_platform/lib/cortex-m4/soft-float/no-interrupts/libnrf_cc310_platform_0.9.19.a(cc_hal.c.obj)
                0x000000000000a714                CC_HalTerminate
 .text.CC_HalMaskInterrupt
                0x000000000000a718        0xc D:/Downloads/nordictest/sdk/nrfxlib/crypto/nrf_cc310_platform/lib/cortex-m4/soft-float/no-interrupts/libnrf_cc310_platform_0.9.19.a(cc_hal.c.obj)
                0x000000000000a718                CC_HalMaskInterrupt
 .text.CC_PalInit
                0x000000000000a724       0x5c D:/Downloads/nordictest/sdk/nrfxlib/crypto/nrf_cc310_platform/lib/cortex-m4/soft-float/no-interrupts/libnrf_cc310_platform_0.9.19.a(cc_pal.c.obj)
                0x000000000000a724                CC_PalInit
 .text.CC_PalTerminate
                0x000000000000a780       0x34 D:/Downloads/nordictest/sdk/nrfxlib/crypto/nrf_cc310_platform/lib/cortex-m4/soft-float/no-interrupts/libnrf_cc310_platform_0.9.19.a(cc_pal.c.obj)
                0x000000000000a780                CC_PalTerminate
 .text.CC_PalDmaInit
                0x000000000000a7b4        0x4 D:/Downloads/nordictest/sdk/nrfxlib/crypto/nrf_cc310_platform/lib/cortex-m4/soft-float/no-interrupts/libnrf_cc310_platform_0.9.19.a(cc_pal_dma.c.obj)
                0x000000000000a7b4                CC_PalDmaInit
 .text.CC_PalDmaTerminate
                0x000000000000a7b8        0x4 D:/Downloads/nordictest/sdk/nrfxlib/crypto/nrf_cc310_platform/lib/cortex-m4/soft-float/no-interrupts/libnrf_cc310_platform_0.9.19.a(cc_pal_dma.c.obj)
                0x000000000000a7b8                CC_PalDmaTerminate
 .text.CC_PalMutexCreate
                0x000000000000a7bc       0x14 D:/Downloads/nordictest/sdk/nrfxlib/crypto/nrf_cc310_platform/lib/cortex-m4/soft-float/no-interrupts/libnrf_cc310_platform_0.9.19.a(cc_pal_mutex.c.obj)
                0x000000000000a7bc                CC_PalMutexCreate
 .text.CC_PalMutexDestroy
                0x000000000000a7d0       0x14 D:/Downloads/nordictest/sdk/nrfxlib/crypto/nrf_cc310_platform/lib/cortex-m4/soft-float/no-interrupts/libnrf_cc310_platform_0.9.19.a(cc_pal_mutex.c.obj)
                0x000000000000a7d0                CC_PalMutexDestroy
 .text.CC_PalPowerSaveModeInit
                0x000000000000a7e4       0x3c D:/Downloads/nordictest/sdk/nrfxlib/crypto/nrf_cc310_platform/lib/cortex-m4/soft-float/no-interrupts/libnrf_cc310_platform_0.9.19.a(cc_pal_pm.c.obj)
                0x000000000000a7e4                CC_PalPowerSaveModeInit
 .text.CC_PalPowerSaveModeSelect
                0x000000000000a820       0x84 D:/Downloads/nordictest/sdk/nrfxlib/crypto/nrf_cc310_platform/lib/cortex-m4/soft-float/no-interrupts/libnrf_cc310_platform_0.9.19.a(cc_pal_pm.c.obj)
                0x000000000000a820                CC_PalPowerSaveModeSelect
 .text.snprintf
                0x000000000000a8a4       0x58 c:\ncs\toolchains\b620d30767\opt\zephyr-sdk\arm-zephyr-eabi\bin\../lib/gcc/../../picolibc/arm-zephyr-eabi/lib/thumb/v7e-m/nofp\libc.a(libc_tinystdio_snprintf.c.o)
                0x000000000000a8a4                snprintf
 .text.__l_vfprintf
                0x000000000000a8fc      0x4b8 c:\ncs\toolchains\b620d30767\opt\zephyr-sdk\arm-zephyr-eabi\bin\../lib/gcc/../../picolibc/arm-zephyr-eabi/lib/thumb/v7e-m/nofp\libc.a(libc_tinystdio_vflprintf.c.o)
                0x000000000000a8fc                __l_vfprintf
 .text._OffsetAbsSyms
                0x000000000000adb4        0x2 zephyr/CMakeFiles/offsets.dir/./arch/arm/core/offsets/offsets.c.obj
                0x000000000000adb4                _OffsetAbsSyms
 .text.tx_conf_cb
                0x000000000000adb6        0x2 app/libapp.a(rx_sniff.c.obj)
 .text.get_sts_mnth
                0x000000000000adb8       0x28 app/libapp.a(deca_device.c.obj)
 .text.dwt_writetodevice
                0x000000000000ade0       0x12 app/libapp.a(deca_device.c.obj)
                0x000000000000ade0                dwt_writetodevice
 .text.dwt_write32bitoffsetreg
                0x000000000000adf2       0x2a app/libapp.a(deca_device.c.obj)
                0x000000000000adf2                dwt_write32bitoffsetreg
 .text.dwt_write16bitoffsetreg
                0x000000000000ae1c       0x1e app/libapp.a(deca_device.c.obj)
                0x000000000000ae1c                dwt_write16bitoffsetreg
 .text.dwt_write8bitoffsetreg
                0x000000000000ae3a       0x1a app/libapp.a(deca_device.c.obj)
                0x000000000000ae3a                dwt_write8bitoffsetreg
 .text.dwt_readfromdevice
                0x000000000000ae54       0x10 app/libapp.a(deca_device.c.obj)
                0x000000000000ae54                dwt_readfromdevice
 .text.dwt_read32bitoffsetreg
                0x000000000000ae64       0x2e app/libapp.a(deca_device.c.obj)
                0x000000000000ae64                dwt_read32bitoffsetreg
 .text.dwt_read16bitoffsetreg
                0x000000000000ae92       0x22 app/libapp.a(deca_device.c.obj)
                0x000000000000ae92                dwt_read16bitoffsetreg
 .text.dwt_read8bitoffsetreg
                0x000000000000aeb4       0x1a app/libapp.a(deca_device.c.obj)
                0x000000000000aeb4                dwt_read8bitoffsetreg
 .text.dwt_modify32bitoffsetreg
                0x000000000000aece       0x4e app/libapp.a(deca_device.c.obj)
                0x000000000000aece                dwt_modify32bitoffsetreg
 .text.dwt_modify16bitoffsetreg
                0x000000000000af1c       0x2e app/libapp.a(deca_device.c.obj)
                0x000000000000af1c                dwt_modify16bitoffsetreg
 .text.dwt_modify8bitoffsetreg
                0x000000000000af4a       0x22 app/libapp.a(deca_device.c.obj)
                0x000000000000af4a                dwt_modify8bitoffsetreg
 .text.dwt_readdevid
                0x000000000000af6c        0xc app/libapp.a(deca_device.c.obj)
                0x000000000000af6c                dwt_readdevid
 .text.dwt_setplenfine
                0x000000000000af78        0xe app/libapp.a(deca_device.c.obj)
                0x000000000000af78                dwt_setplenfine
 .text.dwt_checkidlerc
                0x000000000000af86       0x10 app/libapp.a(deca_device.c.obj)
                0x000000000000af86                dwt_checkidlerc
 .text.dwt_setrxtimeout
                0x000000000000af96       0x30 app/libapp.a(deca_device.c.obj)
                0x000000000000af96                dwt_setrxtimeout
 .text.dwt_setinterrupt
                0x000000000000afc6       0x5a app/libapp.a(deca_device.c.obj)
                0x000000000000afc6                dwt_setinterrupt
 .text.z_impl_gpio_pin_configure
                0x000000000000b020       0x50 app/libapp.a(port.c.obj)
 .text.gpio_pin_set_raw
                0x000000000000b070       0x20 app/libapp.a(port.c.obj)
 .text.gpio_pin_set
                0x000000000000b090       0x1a app/libapp.a(port.c.obj)
 .text.gpio_add_callback
                0x000000000000b0aa       0x14 app/libapp.a(port.c.obj)
 .text.k_msleep
                0x000000000000b0be       0x2c app/libapp.a(port.c.obj)
 .text.Sleep    0x000000000000b0ea        0x8 app/libapp.a(port.c.obj)
                0x000000000000b0ea                Sleep
 .text.spi_peripheral_init
                0x000000000000b0f2        0x8 app/libapp.a(port.c.obj)
                0x000000000000b0f2                spi_peripheral_init
 .text.port_set_dw_ic_spi_slowrate
                0x000000000000b0fa        0x8 app/libapp.a(port.c.obj)
                0x000000000000b0fa                port_set_dw_ic_spi_slowrate
 .text.port_set_dw_ic_spi_fastrate
                0x000000000000b102        0x8 app/libapp.a(port.c.obj)
                0x000000000000b102                port_set_dw_ic_spi_fastrate
 .text.deca_sleep
                0x000000000000b10a        0x8 app/libapp.a(deca_sleep.c.obj)
                0x000000000000b10a                deca_sleep
 .text.deca_usleep
                0x000000000000b112        0x8 app/libapp.a(deca_sleep.c.obj)
                0x000000000000b112                deca_usleep
 .text.gpio_pin_set_raw
                0x000000000000b11a       0x20 app/libapp.a(deca_spi.c.obj)
 .text.gpio_pin_set
                0x000000000000b13a       0x1a app/libapp.a(deca_spi.c.obj)
 .text.set_chunk_used
                0x000000000000b154       0x38 zephyr/libzephyr.a(heap.c.obj)
 .text.free_list_add_bidx
                0x000000000000b18c       0xa4 zephyr/libzephyr.a(heap.c.obj)
 .text.free_list_add
                0x000000000000b230       0x52 zephyr/libzephyr.a(heap.c.obj)
 .text.sys_heap_init
                0x000000000000b282       0xfc zephyr/libzephyr.a(heap.c.obj)
                0x000000000000b282                sys_heap_init
 .text.cbprintf_via_va_list
                0x000000000000b37e        0xe zephyr/libzephyr.a(cbprintf_packaged.c.obj)
 .text.is_fmt_spec
                0x000000000000b38c        0xe zephyr/libzephyr.a(cbprintf_packaged.c.obj)
 .text.get_package_len
                0x000000000000b39a       0x2a zephyr/libzephyr.a(cbprintf_packaged.c.obj)
 .text.append_string
                0x000000000000b3c4       0x2c zephyr/libzephyr.a(cbprintf_packaged.c.obj)
 .text.cbpprintf_external
                0x000000000000b3f0       0x60 zephyr/libzephyr.a(cbprintf_packaged.c.obj)
                0x000000000000b3f0                cbpprintf_external
 .text.is_ptr   0x000000000000b450       0x4e zephyr/libzephyr.a(cbprintf_packaged.c.obj)
                0x000000000000b450                is_ptr
 .text.arch_printk_char_out
                0x000000000000b49e        0x4 zephyr/libzephyr.a(printk.c.obj)
                0x000000000000b49e                arch_printk_char_out
 .text.vprintk  0x000000000000b4a2        0x8 zephyr/libzephyr.a(printk.c.obj)
                0x000000000000b4a2                vprintk
 .text.printk   0x000000000000b4aa       0x1c zephyr/libzephyr.a(printk.c.obj)
                0x000000000000b4aa                printk
 .text.free_space
                0x000000000000b4c6       0x28 zephyr/libzephyr.a(mpsc_pbuf.c.obj)
 .text.available
                0x000000000000b4ee       0x24 zephyr/libzephyr.a(mpsc_pbuf.c.obj)
 .text.get_usage
                0x000000000000b512       0x24 zephyr/libzephyr.a(mpsc_pbuf.c.obj)
 .text.max_utilization_update
                0x000000000000b536       0x26 zephyr/libzephyr.a(mpsc_pbuf.c.obj)
 .text.rd_idx_inc
                0x000000000000b55c       0x26 zephyr/libzephyr.a(mpsc_pbuf.c.obj)
 .text.add_skip_item
                0x000000000000b582       0x66 zephyr/libzephyr.a(mpsc_pbuf.c.obj)
 .text.drop_item_locked
                0x000000000000b5e8      0x12a zephyr/libzephyr.a(mpsc_pbuf.c.obj)
 .text.post_drop_action
                0x000000000000b712       0x62 zephyr/libzephyr.a(mpsc_pbuf.c.obj)
 .text.mpsc_pbuf_init
                0x000000000000b774       0x42 zephyr/libzephyr.a(mpsc_pbuf.c.obj)
                0x000000000000b774                mpsc_pbuf_init
 .text.mpsc_pbuf_alloc
                0x000000000000b7b6      0x130 zephyr/libzephyr.a(mpsc_pbuf.c.obj)
                0x000000000000b7b6                mpsc_pbuf_alloc
 .text.mpsc_pbuf_commit
                0x000000000000b8e6       0x50 zephyr/libzephyr.a(mpsc_pbuf.c.obj)
                0x000000000000b8e6                mpsc_pbuf_commit
 .text.mpsc_pbuf_claim
                0x000000000000b936       0xd0 zephyr/libzephyr.a(mpsc_pbuf.c.obj)
                0x000000000000b936                mpsc_pbuf_claim
 .text.mpsc_pbuf_free
                0x000000000000ba06       0x88 zephyr/libzephyr.a(mpsc_pbuf.c.obj)
                0x000000000000ba06                mpsc_pbuf_free
 .text.mpsc_pbuf_is_pending
                0x000000000000ba8e       0x2c zephyr/libzephyr.a(mpsc_pbuf.c.obj)
                0x000000000000ba8e                mpsc_pbuf_is_pending
 .text.set_state
                0x000000000000baba       0x10 zephyr/libzephyr.a(onoff.c.obj)
 .text.notify_monitors
                0x000000000000baca       0x44 zephyr/libzephyr.a(onoff.c.obj)
 .text.process_recheck
                0x000000000000bb0e       0x32 zephyr/libzephyr.a(onoff.c.obj)
 .text.process_complete
                0x000000000000bb40       0xa2 zephyr/libzephyr.a(onoff.c.obj)
 .text.validate_args
                0x000000000000bbe2       0x2a zephyr/libzephyr.a(onoff.c.obj)
 .text.notify_one
                0x000000000000bc0c       0x26 zephyr/libzephyr.a(onoff.c.obj)
 .text.notify_all
                0x000000000000bc32       0x2e zephyr/libzephyr.a(onoff.c.obj)
 .text.transition_complete
                0x000000000000bc60       0x1c zephyr/libzephyr.a(onoff.c.obj)
 .text.onoff_manager_init
                0x000000000000bc7c       0x3a zephyr/libzephyr.a(onoff.c.obj)
                0x000000000000bc7c                onoff_manager_init
 .text.onoff_request
                0x000000000000bcb6       0xbe zephyr/libzephyr.a(onoff.c.obj)
                0x000000000000bcb6                onoff_request
 .text.sys_notify_validate
                0x000000000000bd74       0x2e zephyr/libzephyr.a(notify.c.obj)
                0x000000000000bd74                sys_notify_validate
 .text.sys_notify_finalize
                0x000000000000bda2       0x1a zephyr/libzephyr.a(notify.c.obj)
                0x000000000000bda2                sys_notify_finalize
 .text._ConfigAbsSyms
                0x000000000000bdbc        0x2 zephyr/libzephyr.a(configs.c.obj)
                0x000000000000bdbc                _ConfigAbsSyms
 .text.log_msg_generic_get_wlen
                0x000000000000bdbe       0x20 zephyr/libzephyr.a(log_core.c.obj)
 .text.dummy_timestamp
                0x000000000000bdde        0x4 zephyr/libzephyr.a(log_core.c.obj)
 .text.msg_filter_check
                0x000000000000bde2        0x4 zephyr/libzephyr.a(log_core.c.obj)
 .text.default_get_timestamp
                0x000000000000bde6        0x8 zephyr/libzephyr.a(log_core.c.obj)
 .text.k_msleep
                0x000000000000bdee       0x2c zephyr/libzephyr.a(log_core.c.obj)
 .text.msg_alloc
                0x000000000000be1a        0xc zephyr/libzephyr.a(log_core.c.obj)
 .text.msg_free
                0x000000000000be26        0x8 zephyr/libzephyr.a(log_core.c.obj)
 .text.msg_pending
                0x000000000000be2e        0x8 zephyr/libzephyr.a(log_core.c.obj)
 .text.z_log_vprintk
                0x000000000000be36       0x1e zephyr/libzephyr.a(log_core.c.obj)
                0x000000000000be36                z_log_vprintk
 .text.z_log_notify_drop
                0x000000000000be54        0xa zephyr/libzephyr.a(log_core.c.obj)
 .text.z_log_msg_claim
                0x000000000000be5e        0x8 zephyr/libzephyr.a(log_core.c.obj)
                0x000000000000be5e                z_log_msg_claim
 .text.msg_commit
                0x000000000000be66        0xc zephyr/libzephyr.a(log_core.c.obj)
 .text.z_log_get_tag
                0x000000000000be72        0x4 zephyr/libzephyr.a(log_core.c.obj)
                0x000000000000be72                z_log_get_tag
 .text.z_cbprintf_cpy
                0x000000000000be76       0x2c zephyr/libzephyr.a(log_msg.c.obj)
 .text.z_log_msg_finalize
                0x000000000000bea2       0x2e zephyr/libzephyr.a(log_msg.c.obj)
                0x000000000000bea2                z_log_msg_finalize
 .text.z_log_msg_simple_create
                0x000000000000bed0       0x62 zephyr/libzephyr.a(log_msg.c.obj)
 .text.z_impl_z_log_msg_simple_create_0
                0x000000000000bf32       0x14 zephyr/libzephyr.a(log_msg.c.obj)
                0x000000000000bf32                z_impl_z_log_msg_simple_create_0
 .text.z_impl_z_log_msg_simple_create_1
                0x000000000000bf46       0x16 zephyr/libzephyr.a(log_msg.c.obj)
                0x000000000000bf46                z_impl_z_log_msg_simple_create_1
 .text.z_log_msg_static_create
                0x000000000000bf5c        0x8 zephyr/libzephyr.a(log_msg.c.obj)
 .text.log_output_flush
                0x000000000000bf64       0x2e zephyr/libzephyr.a(log_output.c.obj)
 .text.out_func
                0x000000000000bf92       0x38 zephyr/libzephyr.a(log_output.c.obj)
 .text.cr_out_func
                0x000000000000bfca       0x1e zephyr/libzephyr.a(log_output.c.obj)
 .text.color_prefix
                0x000000000000bfe8        0xc zephyr/libzephyr.a(log_output.c.obj)
 .text.color_postfix
                0x000000000000bff4        0xc zephyr/libzephyr.a(log_output.c.obj)
 .text.postfix_print
                0x000000000000c000       0x18 zephyr/libzephyr.a(log_output.c.obj)
 .text.log_msg_hexdump
                0x000000000000c018       0x36 zephyr/libzephyr.a(log_output.c.obj)
 .text.log_output_msg_process
                0x000000000000c04e       0x66 zephyr/libzephyr.a(log_output.c.obj)
                0x000000000000c04e                log_output_msg_process
 .text.log_output_flush
                0x000000000000c0b4       0x2e zephyr/libzephyr.a(log_backend_rtt.c.obj)
 .text.k_msleep
                0x000000000000c0e2       0x2c zephyr/libzephyr.a(log_backend_rtt.c.obj)
 .text.log_output_flush
                0x000000000000c10e       0x2e zephyr/libzephyr.a(log_backend_uart.c.obj)
 .text.format_set
                0x000000000000c13c        0xc zephyr/libzephyr.a(log_backend_uart.c.obj)
 .text.log_backend_uart_init
                0x000000000000c148        0xc zephyr/libzephyr.a(log_backend_uart.c.obj)
 .text.panic    0x000000000000c154       0x14 zephyr/libzephyr.a(log_backend_uart.c.obj)
 .text.dropped  0x000000000000c168        0xe zephyr/libzephyr.a(log_backend_uart.c.obj)
 .text.process  0x000000000000c176       0x1c zephyr/libzephyr.a(log_backend_uart.c.obj)
 .text.abort_function
                0x000000000000c192        0x2 zephyr/libzephyr.a(nrf_cc3xx_platform_abort_zephyr.c.obj)
 .text.z_do_kernel_oops
                0x000000000000c194        0xc zephyr/arch/arch/arm/core/libarch__arm__core.a(fatal.c.obj)
                0x000000000000c194                z_do_kernel_oops
 .text.z_arm_nmi
                0x000000000000c1a0        0xc zephyr/arch/arch/arm/core/libarch__arm__core.a(nmi.c.obj)
                0x000000000000c1a0                z_arm_nmi
 .text.memory_fault_recoverable
                0x000000000000c1ac        0x4 zephyr/arch/arch/arm/core/cortex_m/libarch__arm__core__cortex_m.a(fault.c.obj)
 .text.fault_handle
                0x000000000000c1b0       0x4a zephyr/arch/arch/arm/core/cortex_m/libarch__arm__core__cortex_m.a(fault.c.obj)
 .text.arch_irq_enable
                0x000000000000c1fa        0xa zephyr/arch/arch/arm/core/cortex_m/libarch__arm__core__cortex_m.a(irq_manage.c.obj)
                0x000000000000c1fa                arch_irq_enable
 .text.arch_irq_disable
                0x000000000000c204        0xa zephyr/arch/arch/arm/core/cortex_m/libarch__arm__core__cortex_m.a(irq_manage.c.obj)
                0x000000000000c204                arch_irq_disable
 .text.z_arm_irq_priority_set
                0x000000000000c20e        0xc zephyr/arch/arch/arm/core/cortex_m/libarch__arm__core__cortex_m.a(irq_manage.c.obj)
                0x000000000000c20e                z_arm_irq_priority_set
 .text.z_irq_spurious
                0x000000000000c21a        0xc zephyr/arch/arch/arm/core/cortex_m/libarch__arm__core__cortex_m.a(irq_manage.c.obj)
                0x000000000000c21a                z_irq_spurious
 .text.arch_irq_unlock_outlined
                0x000000000000c226        0xe zephyr/arch/arch/arm/core/cortex_m/libarch__arm__core__cortex_m.a(thread.c.obj)
                0x000000000000c226                arch_irq_unlock_outlined
 .text.arch_cpu_idle
                0x000000000000c234       0x1a zephyr/arch/arch/arm/core/cortex_m/libarch__arm__core__cortex_m.a(cpu_idle.c.obj)
                0x000000000000c234                arch_cpu_idle
 .text.arch_cpu_atomic_idle
                0x000000000000c24e       0x1e zephyr/arch/arch/arm/core/cortex_m/libarch__arm__core__cortex_m.a(cpu_idle.c.obj)
                0x000000000000c24e                arch_cpu_atomic_idle
 .text.mpu_partition_is_valid
                0x000000000000c26c       0x22 zephyr/arch/arch/arm/core/mpu/libarch__arm__core__mpu.a(arm_mpu.c.obj)
 .text.mpu_configure_region
                0x000000000000c28e       0x3e zephyr/arch/arch/arm/core/mpu/libarch__arm__core__mpu.a(arm_mpu.c.obj)
 .text.mpu_configure_regions_from_dt
                0x000000000000c2cc      0x1b0 zephyr/arch/arch/arm/core/mpu/libarch__arm__core__mpu.a(arm_mpu.c.obj)
 .text.arm_core_mpu_configure_static_mpu_regions
                0x000000000000c47c        0x8 zephyr/arch/arch/arm/core/mpu/libarch__arm__core__mpu.a(arm_mpu.c.obj)
                0x000000000000c47c                arm_core_mpu_configure_static_mpu_regions
 .text.arm_core_mpu_configure_dynamic_mpu_regions
                0x000000000000c484        0x8 zephyr/arch/arch/arm/core/mpu/libarch__arm__core__mpu.a(arm_mpu.c.obj)
                0x000000000000c484                arm_core_mpu_configure_dynamic_mpu_regions
 .text.cbputc   0x000000000000c48c        0xc zephyr/lib/libc/picolibc/liblib__libc__picolibc.a(libc-hooks.c.obj)
 .text.picolibc_put
                0x000000000000c498        0xa zephyr/lib/libc/picolibc/liblib__libc__picolibc.a(libc-hooks.c.obj)
 .text.nrf52_errata_197
                0x000000000000c4a2       0x20 zephyr/soc/soc/nrf52840/libsoc__nordic.a(soc.c.obj)
 .text.nrf_clock_is_running
                0x000000000000c4c2       0x38 zephyr/drivers/clock_control/libdrivers__clock_control.a(clock_control_nrf.c.obj)
 .text.get_sub_data
                0x000000000000c4fa        0xe zephyr/drivers/clock_control/libdrivers__clock_control.a(clock_control_nrf.c.obj)
 .text.get_sub_config
                0x000000000000c508        0xc zephyr/drivers/clock_control/libdrivers__clock_control.a(clock_control_nrf.c.obj)
 .text.get_onoff_manager
                0x000000000000c514        0xc zephyr/drivers/clock_control/libdrivers__clock_control.a(clock_control_nrf.c.obj)
 .text.get_status
                0x000000000000c520       0x10 zephyr/drivers/clock_control/libdrivers__clock_control.a(clock_control_nrf.c.obj)
 .text.set_off_state
                0x000000000000c530       0x30 zephyr/drivers/clock_control/libdrivers__clock_control.a(clock_control_nrf.c.obj)
 .text.set_starting_state
                0x000000000000c560       0x3a zephyr/drivers/clock_control/libdrivers__clock_control.a(clock_control_nrf.c.obj)
 .text.set_on_state
                0x000000000000c59a       0x24 zephyr/drivers/clock_control/libdrivers__clock_control.a(clock_control_nrf.c.obj)
 .text.clkstarted_handle
                0x000000000000c5be       0x24 zephyr/drivers/clock_control/libdrivers__clock_control.a(clock_control_nrf.c.obj)
 .text.stop     0x000000000000c5e2       0x2a zephyr/drivers/clock_control/libdrivers__clock_control.a(clock_control_nrf.c.obj)
 .text.api_stop
                0x000000000000c60c        0xa zephyr/drivers/clock_control/libdrivers__clock_control.a(clock_control_nrf.c.obj)
 .text.async_start
                0x000000000000c616       0x38 zephyr/drivers/clock_control/libdrivers__clock_control.a(clock_control_nrf.c.obj)
 .text.api_start
                0x000000000000c64e       0x10 zephyr/drivers/clock_control/libdrivers__clock_control.a(clock_control_nrf.c.obj)
 .text.onoff_started_callback
                0x000000000000c65e       0x10 zephyr/drivers/clock_control/libdrivers__clock_control.a(clock_control_nrf.c.obj)
 .text.hfclk_start
                0x000000000000c66e        0xa zephyr/drivers/clock_control/libdrivers__clock_control.a(clock_control_nrf.c.obj)
 .text.lfclk_start
                0x000000000000c678        0xa zephyr/drivers/clock_control/libdrivers__clock_control.a(clock_control_nrf.c.obj)
 .text.hfclk_stop
                0x000000000000c682        0xa zephyr/drivers/clock_control/libdrivers__clock_control.a(clock_control_nrf.c.obj)
 .text.lfclk_stop
                0x000000000000c68c        0xa zephyr/drivers/clock_control/libdrivers__clock_control.a(clock_control_nrf.c.obj)
 .text.k_msleep
                0x000000000000c696       0x2c zephyr/drivers/clock_control/libdrivers__clock_control.a(clock_control_nrf.c.obj)
 .text.blocking_start_callback
                0x000000000000c6c2        0xa zephyr/drivers/clock_control/libdrivers__clock_control.a(clock_control_nrf.c.obj)
 .text.sys_slist_remove
                0x000000000000c6cc       0x26 zephyr/drivers/gpio/libdrivers__gpio.a(gpio_nrfx.c.obj)
 .text.sys_slist_find_and_remove
                0x000000000000c6f2       0x20 zephyr/drivers/gpio/libdrivers__gpio.a(gpio_nrfx.c.obj)
 .text.gpio_manage_callback
                0x000000000000c712       0x3e zephyr/drivers/gpio/libdrivers__gpio.a(gpio_nrfx.c.obj)
 .text.gpio_fire_callbacks
                0x000000000000c750       0x40 zephyr/drivers/gpio/libdrivers__gpio.a(gpio_nrfx.c.obj)
 .text.has_gpiote
                0x000000000000c790        0xa zephyr/drivers/gpio/libdrivers__gpio.a(gpio_nrfx.c.obj)
 .text.get_pull
                0x000000000000c79a       0x18 zephyr/drivers/gpio/libdrivers__gpio.a(gpio_nrfx.c.obj)
 .text.gpio_nrfx_gpd_retain_set
                0x000000000000c7b2        0x4 zephyr/drivers/gpio/libdrivers__gpio.a(gpio_nrfx.c.obj)
 .text.gpio_nrfx_gpd_retain_clear
                0x000000000000c7b6        0x4 zephyr/drivers/gpio/libdrivers__gpio.a(gpio_nrfx.c.obj)
 .text.gpio_nrfx_port_get_raw
                0x000000000000c7ba        0xe zephyr/drivers/gpio/libdrivers__gpio.a(gpio_nrfx.c.obj)
 .text.gpio_nrfx_port_set_masked_raw
                0x000000000000c7c8       0x34 zephyr/drivers/gpio/libdrivers__gpio.a(gpio_nrfx.c.obj)
 .text.gpio_nrfx_port_set_bits_raw
                0x000000000000c7fc       0x24 zephyr/drivers/gpio/libdrivers__gpio.a(gpio_nrfx.c.obj)
 .text.gpio_nrfx_port_clear_bits_raw
                0x000000000000c820       0x24 zephyr/drivers/gpio/libdrivers__gpio.a(gpio_nrfx.c.obj)
 .text.gpio_nrfx_port_toggle_bits
                0x000000000000c844       0x36 zephyr/drivers/gpio/libdrivers__gpio.a(gpio_nrfx.c.obj)
 .text.get_trigger
                0x000000000000c87a       0x2c zephyr/drivers/gpio/libdrivers__gpio.a(gpio_nrfx.c.obj)
 .text.gpio_nrfx_manage_callback
                0x000000000000c8a6        0xc zephyr/drivers/gpio/libdrivers__gpio.a(gpio_nrfx.c.obj)
 .text.nrfx_gpio_handler
                0x000000000000c8b2       0x1e zephyr/drivers/gpio/libdrivers__gpio.a(gpio_nrfx.c.obj)
 .text.pinctrl_lookup_state
                0x000000000000c8d0       0x32 zephyr/drivers/pinctrl/libdrivers__pinctrl.a(common.c.obj)
                0x000000000000c8d0                pinctrl_lookup_state
 .text.nrf_gpio_pin_write
                0x000000000000c902       0x10 zephyr/drivers/pinctrl/libdrivers__pinctrl.a(pinctrl_nrf.c.obj)
 .text.pm_device_driver_init
                0x000000000000c912       0x24 zephyr/drivers/serial/libdrivers__serial.a(uart_nrfx_uarte.c.obj)
 .text.endtx_isr
                0x000000000000c936       0x30 zephyr/drivers/serial/libdrivers__serial.a(uart_nrfx_uarte.c.obj)
 .text.uarte_nrfx_isr_int
                0x000000000000c966       0x22 zephyr/drivers/serial/libdrivers__serial.a(uart_nrfx_uarte.c.obj)
 .text.uarte_nrfx_err_check
                0x000000000000c988        0xe zephyr/drivers/serial/libdrivers__serial.a(uart_nrfx_uarte.c.obj)
 .text.is_tx_ready
                0x000000000000c996       0x28 zephyr/drivers/serial/libdrivers__serial.a(uart_nrfx_uarte.c.obj)
 .text.uarte_periph_enable
                0x000000000000c9be       0x26 zephyr/drivers/serial/libdrivers__serial.a(uart_nrfx_uarte.c.obj)
 .text.tx_start
                0x000000000000c9e4       0x24 zephyr/drivers/serial/libdrivers__serial.a(uart_nrfx_uarte.c.obj)
 .text.uarte_nrfx_poll_in
                0x000000000000ca08       0x26 zephyr/drivers/serial/libdrivers__serial.a(uart_nrfx_uarte.c.obj)
 .text.k_msleep
                0x000000000000ca2e       0x2c zephyr/drivers/serial/libdrivers__serial.a(uart_nrfx_uarte.c.obj)
 .text.wait_tx_ready
                0x000000000000ca5a       0x4a zephyr/drivers/serial/libdrivers__serial.a(uart_nrfx_uarte.c.obj)
 .text.pinctrl_apply_state
                0x000000000000caa4       0x20 zephyr/drivers/serial/libdrivers__serial.a(uart_nrfx_uarte.c.obj)
 .text.uarte_pm_resume
                0x000000000000cac4       0x16 zephyr/drivers/serial/libdrivers__serial.a(uart_nrfx_uarte.c.obj)
 .text.uarte_nrfx_pm_action
                0x000000000000cada       0x14 zephyr/drivers/serial/libdrivers__serial.a(uart_nrfx_uarte.c.obj)
 .text.uarte_tx_path_init
                0x000000000000caee       0x66 zephyr/drivers/serial/libdrivers__serial.a(uart_nrfx_uarte.c.obj)
 .text.uarte_0_init
                0x000000000000cb54       0x1e zephyr/drivers/serial/libdrivers__serial.a(uart_nrfx_uarte.c.obj)
 .text.z_impl_gpio_pin_configure
                0x000000000000cb72       0x50 zephyr/drivers/spi/libdrivers__spi.a(spi_nrfx_spi.c.obj)
 .text.gpio_pin_configure_dt
                0x000000000000cbc2       0x16 zephyr/drivers/spi/libdrivers__spi.a(spi_nrfx_spi.c.obj)
 .text.gpio_pin_set_raw
                0x000000000000cbd8       0x20 zephyr/drivers/spi/libdrivers__spi.a(spi_nrfx_spi.c.obj)
 .text.gpio_pin_set
                0x000000000000cbf8       0x1a zephyr/drivers/spi/libdrivers__spi.a(spi_nrfx_spi.c.obj)
 .text.nrf_gpio_pin_write
                0x000000000000cc12       0x10 zephyr/drivers/spi/libdrivers__spi.a(spi_nrfx_spi.c.obj)
 .text.spi_context_get_next_buf
                0x000000000000cc22       0x2e zephyr/drivers/spi/libdrivers__spi.a(spi_nrfx_spi.c.obj)
 .text.spi_context_buffers_setup